Java HotSpot(TM) 64-Bit Server VM (25.101-b13) for linux-amd64 JRE (1.8.0_101-b13), built on Jun 22 2016 02:59:44 by "java_re" with gcc 4.3.0 20080428 (Red Hat 4.3.0-8)
Memory: 4k page, physical 7848460k(156420k free), swap 10485756k(8808612k free)
CommandLine flags: -XX:GCLogFileSize=52428800 -XX:InitialHeapSize=134217728 -XX:MaxHeapSize=134217728 -XX:MaxNewSize=44740608 -XX:MaxTenuringThreshold=6 -XX:NewSize=44740608 -XX:NumberOfGCLogFiles=10 -XX:OldPLABSize=16 -XX:OldSize=89477120 -XX:+PrintGC -XX:+PrintGCApplicationStoppedTime -XX:+PrintGCDateStamps -XX:+PrintGCTimeStamps -XX:+UseCompressedClassPointers -XX:+UseCompressedOops -XX:+UseConcMarkSweepGC -XX:+UseGCLogFileRotation -XX:+UseParNewGC 
2016-10-07T15:47:52.213+0200: 0,138: Total time for which application threads were stopped: 0,0001020 seconds, Stopping threads took: 0,0000242 seconds
2016-10-07T15:47:52.551+0200: 0,476: [GC (Allocation Failure)  33922K->14181K(126720K), 0,0099489 secs]
2016-10-07T15:47:52.561+0200: 0,486: Total time for which application threads were stopped: 0,0102042 seconds, Stopping threads took: 0,0000200 seconds
2016-10-07T15:47:52.566+0200: 0,491: [GC (Allocation Failure)  48289K->31983K(126720K), 0,0180783 secs]
2016-10-07T15:47:52.584+0200: 0,509: Total time for which application threads were stopped: 0,0182990 seconds, Stopping threads took: 0,0000854 seconds
2016-10-07T15:47:52.589+0200: 0,514: [GC (Allocation Failure)  66772K->48268K(126720K), 0,0103237 secs]
2016-10-07T15:47:52.600+0200: 0,525: Total time for which application threads were stopped: 0,0105363 seconds, Stopping threads took: 0,0000393 seconds
2016-10-07T15:47:52.606+0200: 0,531: [GC (CMS Initial Mark)  71804K(126720K), 0,0053948 secs]
2016-10-07T15:47:52.611+0200: 0,536: Total time for which application threads were stopped: 0,0055566 seconds, Stopping threads took: 0,0001017 seconds
2016-10-07T15:47:52.613+0200: 0,538: [GC (Allocation Failure)  83068K->64558K(126720K), 0,0106051 secs]
2016-10-07T15:47:52.624+0200: 0,548: Total time for which application threads were stopped: 0,0107856 seconds, Stopping threads took: 0,0000631 seconds
2016-10-07T15:47:52.632+0200: 0,557: [GC (CMS Final Remark)  82859K(126720K), 0,0085182 secs]
2016-10-07T15:47:52.640+0200: 0,565: Total time for which application threads were stopped: 0,0113353 seconds, Stopping threads took: 0,0026943 seconds
2016-10-07T15:47:52.659+0200: 0,583: [GC (Allocation Failure)  96816K->79328K(126720K), 0,0129353 secs]
2016-10-07T15:47:52.672+0200: 0,596: Total time for which application threads were stopped: 0,0177685 seconds, Stopping threads took: 0,0046543 seconds
2016-10-07T15:47:52.672+0200: 0,597: [GC (CMS Initial Mark)  80352K(126720K), 0,0003123 secs]
2016-10-07T15:47:52.672+0200: 0,597: Total time for which application threads were stopped: 0,0004890 seconds, Stopping threads took: 0,0001403 seconds
2016-10-07T15:47:52.688+0200: 0,613: [GC (CMS Final Remark)  80728K(126720K), 0,0048693 secs]
2016-10-07T15:47:52.693+0200: 0,618: Total time for which application threads were stopped: 0,0097633 seconds, Stopping threads took: 0,0047816 seconds
2016-10-07T15:47:52.701+0200: 0,626: [Full GC (Allocation Failure)  114165K->95650K(126720K), 0,0338450 secs]
2016-10-07T15:47:52.735+0200: 0,660: Total time for which application threads were stopped: 0,0343365 seconds, Stopping threads took: 0,0000204 seconds
2016-10-07T15:47:52.736+0200: 0,660: [GC (CMS Initial Mark)  96771K(126720K), 0,0002711 secs]
2016-10-07T15:47:52.736+0200: 0,661: Total time for which application threads were stopped: 0,0004180 seconds, Stopping threads took: 0,0001088 seconds
2016-10-07T15:47:52.741+0200: 0,666: [Full GC (Allocation Failure)  125240K->109997K(126720K), 0,0106299 secs]
2016-10-07T15:47:52.752+0200: 0,676: Total time for which application threads were stopped: 0,0119245 seconds, Stopping threads took: 0,0000512 seconds
2016-10-07T15:47:52.754+0200: 0,679: [Full GC (Allocation Failure)  125132K->117155K(126720K), 0,0107639 secs]
2016-10-07T15:47:52.765+0200: 0,690: Total time for which application threads were stopped: 0,0114384 seconds, Stopping threads took: 0,0000239 seconds
2016-10-07T15:47:52.767+0200: 0,692: [GC (CMS Initial Mark)  120785K(126720K), 0,0004045 secs]
2016-10-07T15:47:52.768+0200: 0,693: Total time for which application threads were stopped: 0,0004769 seconds, Stopping threads took: 0,0000209 seconds
2016-10-07T15:47:52.775+0200: 0,700: [Full GC (Allocation Failure)  124881K->121251K(126720K), 0,0133614 secs]
2016-10-07T15:47:52.789+0200: 0,714: Total time for which application threads were stopped: 0,0205002 seconds, Stopping threads took: 0,0000165 seconds
2016-10-07T15:47:52.790+0200: 0,715: [Full GC (Allocation Failure)  125374K->123304K(126720K), 0,0065485 secs]
2016-10-07T15:47:52.797+0200: 0,722: Total time for which application threads were stopped: 0,0071527 seconds, Stopping threads took: 0,0001663 seconds
2016-10-07T15:47:52.797+0200: 0,722: [Full GC (Allocation Failure)  125370K->124329K(126720K), 0,0067301 secs]
2016-10-07T15:47:52.804+0200: 0,729: Total time for which application threads were stopped: 0,0071754 seconds, Stopping threads took: 0,0000517 seconds
2016-10-07T15:47:52.805+0200: 0,729: [GC (CMS Initial Mark)  125365K(126720K), 0,0003663 secs]
2016-10-07T15:47:52.805+0200: 0,730: Total time for which application threads were stopped: 0,0005640 seconds, Stopping threads took: 0,0001594 seconds
2016-10-07T15:47:52.807+0200: 0,732: [Full GC (Allocation Failure)  125365K->124329K(126720K), 0,0058215 secs]
2016-10-07T15:47:52.813+0200: 0,738: Total time for which application threads were stopped: 0,0083910 seconds, Stopping threads took: 0,0000447 seconds
2016-10-07T15:47:52.814+0200: 0,739: [Full GC (Allocation Failure)  125361K->125354K(126720K), 0,0055645 secs]
2016-10-07T15:47:52.820+0200: 0,745: [Full GC (Allocation Failure)  125354K->125218K(126720K), 0,0230009 secs]
2016-10-07T15:47:52.843+0200: 0,768: Total time for which application threads were stopped: 0,0293372 seconds, Stopping threads took: 0,0000556 seconds
2016-10-07T15:47:52.843+0200: 0,768: [GC (CMS Initial Mark)  126248K(126720K), 0,0002807 secs]
2016-10-07T15:47:52.843+0200: 0,768: Total time for which application threads were stopped: 0,0003767 seconds, Stopping threads took: 0,0000622 seconds
2016-10-07T15:47:52.846+0200: 0,771: [Full GC (Allocation Failure)  126248K->125219K(126720K), 0,0059298 secs]
2016-10-07T15:47:52.852+0200: 0,777: Total time for which application threads were stopped: 0,0084006 seconds, Stopping threads took: 0,0000258 seconds
2016-10-07T15:47:52.852+0200: 0,777: [Full GC (Allocation Failure)  126247K->126244K(126720K), 0,0056139 secs]
2016-10-07T15:47:52.858+0200: 0,783: [Full GC (Allocation Failure)  126244K->126244K(126720K), 0,0051642 secs]
2016-10-07T15:47:52.864+0200: 0,788: Total time for which application threads were stopped: 0,0114458 seconds, Stopping threads took: 0,0000388 seconds
2016-10-07T15:47:52.864+0200: 0,789: [GC (CMS Initial Mark)  126246K(126720K), 0,0002566 secs]
2016-10-07T15:47:52.864+0200: 0,789: Total time for which application threads were stopped: 0,0003357 seconds, Stopping threads took: 0,0000427 seconds
2016-10-07T15:47:52.866+0200: 0,791: [Full GC (Allocation Failure)  126246K->2340K(126720K), 0,0066545 secs]
2016-10-07T15:47:52.873+0200: 0,798: Total time for which application threads were stopped: 0,0090386 seconds, Stopping threads took: 0,0000295 seconds
2016-10-07T15:47:52.878+0200: 0,803: [GC (Allocation Failure)  36661K->20808K(126720K), 0,0035449 secs]
2016-10-07T15:47:52.881+0200: 0,806: Total time for which application threads were stopped: 0,0037396 seconds, Stopping threads took: 0,0000647 seconds
2016-10-07T15:47:52.887+0200: 0,811: [GC (Allocation Failure)  55133K->37179K(126720K), 0,0043151 secs]
2016-10-07T15:47:52.891+0200: 0,816: Total time for which application threads were stopped: 0,0047010 seconds, Stopping threads took: 0,0002392 seconds
2016-10-07T15:47:52.896+0200: 0,821: [GC (Allocation Failure)  71674K->54593K(126720K), 0,0049203 secs]
2016-10-07T15:47:52.901+0200: 0,826: Total time for which application threads were stopped: 0,0051228 seconds, Stopping threads took: 0,0000519 seconds
2016-10-07T15:47:52.912+0200: 0,837: [GC (CMS Initial Mark)  78827K(126720K), 0,0006025 secs]
2016-10-07T15:47:52.913+0200: 0,837: Total time for which application threads were stopped: 0,0008506 seconds, Stopping threads took: 0,0001586 seconds
2016-10-07T15:47:52.915+0200: 0,839: [GC (Allocation Failure)  89067K->70971K(126720K), 0,0069736 secs]
2016-10-07T15:47:52.922+0200: 0,846: Total time for which application threads were stopped: 0,0072026 seconds, Stopping threads took: 0,0000416 seconds
2016-10-07T15:47:52.928+0200: 0,853: [GC (Allocation Failure)  105400K->88378K(126720K), 0,0064166 secs]
2016-10-07T15:47:52.934+0200: 0,859: Total time for which application threads were stopped: 0,0066459 seconds, Stopping threads took: 0,0000785 seconds
2016-10-07T15:47:52.936+0200: 0,861: [GC (CMS Final Remark)  92100K(126720K), 0,0032499 secs]
2016-10-07T15:47:52.939+0200: 0,864: Total time for which application threads were stopped: 0,0040168 seconds, Stopping threads took: 0,0006622 seconds
2016-10-07T15:47:52.944+0200: 0,869: [Full GC (Allocation Failure)  121855K->103727K(126720K), 0,0358762 secs]
2016-10-07T15:47:52.980+0200: 0,905: Total time for which application threads were stopped: 0,0363121 seconds, Stopping threads took: 0,0000223 seconds
2016-10-07T15:47:52.980+0200: 0,905: [GC (CMS Initial Mark)  104751K(126720K), 0,0002744 secs]
2016-10-07T15:47:52.980+0200: 0,905: Total time for which application threads were stopped: 0,0004289 seconds, Stopping threads took: 0,0001007 seconds
2016-10-07T15:47:52.985+0200: 0,910: [Full GC (Allocation Failure)  125955K->114980K(126720K), 0,0274241 secs]
2016-10-07T15:47:53.013+0200: 0,938: Total time for which application threads were stopped: 0,0282390 seconds, Stopping threads took: 0,0000130 seconds
2016-10-07T15:47:53.017+0200: 0,941: [Full GC (Allocation Failure)  125831K->120113K(126720K), 0,0094160 secs]
2016-10-07T15:47:53.026+0200: 0,951: Total time for which application threads were stopped: 0,0101243 seconds, Stopping threads took: 0,0000471 seconds
2016-10-07T15:47:53.027+0200: 0,952: [GC (CMS Initial Mark)  121144K(126720K), 0,0004974 secs]
2016-10-07T15:47:53.028+0200: 0,953: Total time for which application threads were stopped: 0,0006673 seconds, Stopping threads took: 0,0000787 seconds
2016-10-07T15:47:53.033+0200: 0,958: [Full GC (Allocation Failure)  126369K->123175K(126720K), 0,0135305 secs]
2016-10-07T15:47:53.047+0200: 0,972: Total time for which application threads were stopped: 0,0161296 seconds, Stopping threads took: 0,0000197 seconds
2016-10-07T15:47:53.048+0200: 0,973: [Full GC (Allocation Failure)  126261K->124206K(126720K), 0,0086662 secs]
2016-10-07T15:47:53.057+0200: 0,981: Total time for which application threads were stopped: 0,0090990 seconds, Stopping threads took: 0,0000186 seconds
2016-10-07T15:47:53.057+0200: 0,982: [Full GC (Allocation Failure)  126263K->125233K(126720K), 0,0093304 secs]
2016-10-07T15:47:53.067+0200: 0,992: Total time for which application threads were stopped: 0,0098948 seconds, Stopping threads took: 0,0000406 seconds
2016-10-07T15:47:53.067+0200: 0,992: [GC (CMS Initial Mark)  126257K(126720K), 0,0003744 secs]
2016-10-07T15:47:53.068+0200: 0,993: Total time for which application threads were stopped: 0,0005310 seconds, Stopping threads took: 0,0001195 seconds
2016-10-07T15:47:53.071+0200: 0,996: [Full GC (Allocation Failure)  126261K->126245K(126720K), 0,0087185 secs]
2016-10-07T15:47:53.080+0200: 1,005: [Full GC (Allocation Failure)  126245K->126242K(126720K), 0,0202669 secs]
2016-10-07T15:47:53.101+0200: 1,026: Total time for which application threads were stopped: 0,0329969 seconds, Stopping threads took: 0,0000113 seconds
2016-10-07T15:47:53.101+0200: 1,026: [Full GC (Allocation Failure)  126244K->2336K(126720K), 0,0077570 secs]
2016-10-07T15:47:53.109+0200: 1,034: Total time for which application threads were stopped: 0,0082157 seconds, Stopping threads took: 0,0000659 seconds
2016-10-07T15:47:53.114+0200: 1,039: [GC (Allocation Failure)  36607K->20779K(126720K), 0,0043390 secs]
2016-10-07T15:47:53.119+0200: 1,043: Total time for which application threads were stopped: 0,0046093 seconds, Stopping threads took: 0,0001201 seconds
2016-10-07T15:47:53.123+0200: 1,048: [GC (Allocation Failure)  55075K->37166K(126720K), 0,0048171 secs]
2016-10-07T15:47:53.128+0200: 1,053: Total time for which application threads were stopped: 0,0051330 seconds, Stopping threads took: 0,0001302 seconds
2016-10-07T15:47:53.135+0200: 1,060: [GC (Allocation Failure)  71518K->54579K(126720K), 0,0042720 secs]
2016-10-07T15:47:53.140+0200: 1,065: Total time for which application threads were stopped: 0,0046031 seconds, Stopping threads took: 0,0000171 seconds
2016-10-07T15:47:53.141+0200: 1,066: [GC (CMS Initial Mark)  55606K(126720K), 0,0009581 secs]
2016-10-07T15:47:53.142+0200: 1,067: Total time for which application threads were stopped: 0,0019028 seconds, Stopping threads took: 0,0007852 seconds
2016-10-07T15:47:53.148+0200: 1,073: [GC (Allocation Failure)  88985K->70962K(126720K), 0,0049998 secs]
2016-10-07T15:47:53.153+0200: 1,078: Total time for which application threads were stopped: 0,0051738 seconds, Stopping threads took: 0,0000438 seconds
2016-10-07T15:47:53.158+0200: 1,083: [GC (Allocation Failure)  105402K->88372K(126720K), 0,0066285 secs]
2016-10-07T15:47:53.165+0200: 1,090: Total time for which application threads were stopped: 0,0067922 seconds, Stopping threads took: 0,0000156 seconds
2016-10-07T15:47:53.165+0200: 1,090: [GC (CMS Final Remark)  89398K(126720K), 0,0023284 secs]
2016-10-07T15:47:53.167+0200: 1,092: Total time for which application threads were stopped: 0,0024934 seconds, Stopping threads took: 0,0001161 seconds
2016-10-07T15:47:53.173+0200: 1,097: [Full GC (Allocation Failure)  121837K->103717K(126720K), 0,0286539 secs]
2016-10-07T15:47:53.201+0200: 1,126: Total time for which application threads were stopped: 0,0291671 seconds, Stopping threads took: 0,0000229 seconds
2016-10-07T15:47:53.202+0200: 1,126: [GC (CMS Initial Mark)  104743K(126720K), 0,0002078 secs]
2016-10-07T15:47:53.202+0200: 1,127: Total time for which application threads were stopped: 0,0003461 seconds, Stopping threads took: 0,0000965 seconds
2016-10-07T15:47:53.212+0200: 1,137: [Full GC (Allocation Failure)  125947K->114981K(126720K), 0,0122662 secs]
2016-10-07T15:47:53.225+0200: 1,149: Total time for which application threads were stopped: 0,0134721 seconds, Stopping threads took: 0,0000652 seconds
2016-10-07T15:47:53.226+0200: 1,151: [Full GC (Allocation Failure)  125830K->120101K(126720K), 0,0073607 secs]
2016-10-07T15:47:53.234+0200: 1,159: Total time for which application threads were stopped: 0,0078848 seconds, Stopping threads took: 0,0000518 seconds
2016-10-07T15:47:53.234+0200: 1,159: [GC (CMS Initial Mark)  121127K(126720K), 0,0001933 secs]
2016-10-07T15:47:53.234+0200: 1,159: Total time for which application threads were stopped: 0,0003446 seconds, Stopping threads took: 0,0001058 seconds
2016-10-07T15:47:53.240+0200: 1,165: [Full GC (Allocation Failure)  126381K->123179K(126720K), 0,0081141 secs]
2016-10-07T15:47:53.248+0200: 1,173: Total time for which application threads were stopped: 0,0114267 seconds, Stopping threads took: 0,0000212 seconds
2016-10-07T15:47:53.249+0200: 1,174: [Full GC (Allocation Failure)  126378K->124207K(126720K), 0,0084490 secs]
2016-10-07T15:47:53.258+0200: 1,183: Total time for which application threads were stopped: 0,0089710 seconds, Stopping threads took: 0,0000634 seconds
2016-10-07T15:47:53.259+0200: 1,184: [Full GC (Allocation Failure)  126268K->125223K(126720K), 0,0063677 secs]
2016-10-07T15:47:53.266+0200: 1,191: Total time for which application threads were stopped: 0,0068304 seconds, Stopping threads took: 0,0000504 seconds
2016-10-07T15:47:53.266+0200: 1,191: [Full GC (Allocation Failure)  126249K->126248K(126720K), 0,0089823 secs]
2016-10-07T15:47:53.276+0200: 1,201: [Full GC (Allocation Failure)  126248K->126245K(126720K), 0,0217041 secs]
2016-10-07T15:47:53.298+0200: 1,223: Total time for which application threads were stopped: 0,0318621 seconds, Stopping threads took: 0,0000363 seconds
2016-10-07T15:47:53.298+0200: 1,223: [GC (CMS Initial Mark)  126247K(126720K), 0,0002894 secs]
2016-10-07T15:47:53.298+0200: 1,223: Total time for which application threads were stopped: 0,0004316 seconds, Stopping threads took: 0,0000770 seconds
2016-10-07T15:47:53.302+0200: 1,227: [Full GC (Allocation Failure)  126247K->2339K(126720K), 0,0058070 secs]
2016-10-07T15:47:53.308+0200: 1,233: Total time for which application threads were stopped: 0,0093306 seconds, Stopping threads took: 0,0000198 seconds
2016-10-07T15:47:53.318+0200: 1,242: [GC (Allocation Failure)  36607K->20790K(126720K), 0,0036498 secs]
2016-10-07T15:47:53.321+0200: 1,246: Total time for which application threads were stopped: 0,0038591 seconds, Stopping threads took: 0,0000273 seconds
2016-10-07T15:47:53.326+0200: 1,251: [GC (Allocation Failure)  55059K->37179K(126720K), 0,0085632 secs]
2016-10-07T15:47:53.335+0200: 1,260: Total time for which application threads were stopped: 0,0087861 seconds, Stopping threads took: 0,0000284 seconds
2016-10-07T15:47:53.340+0200: 1,265: [GC (Allocation Failure)  71542K->54591K(126720K), 0,0074001 secs]
2016-10-07T15:47:53.347+0200: 1,272: Total time for which application threads were stopped: 0,0076824 seconds, Stopping threads took: 0,0000568 seconds
2016-10-07T15:47:53.348+0200: 1,273: [GC (CMS Initial Mark)  60316K(126720K), 0,0003378 secs]
2016-10-07T15:47:53.348+0200: 1,273: Total time for which application threads were stopped: 0,0004832 seconds, Stopping threads took: 0,0000934 seconds
2016-10-07T15:47:53.362+0200: 1,287: [GC (Allocation Failure)  88997K->70974K(126720K), 0,0041268 secs]
2016-10-07T15:47:53.366+0200: 1,291: Total time for which application threads were stopped: 0,0043501 seconds, Stopping threads took: 0,0000477 seconds
2016-10-07T15:47:53.372+0200: 1,296: [GC (Allocation Failure)  105414K->88380K(126720K), 0,0071674 secs]
2016-10-07T15:47:53.379+0200: 1,304: Total time for which application threads were stopped: 0,0073576 seconds, Stopping threads took: 0,0000272 seconds
2016-10-07T15:47:53.379+0200: 1,304: [GC (CMS Final Remark)  89406K(126720K), 0,0022528 secs]
2016-10-07T15:47:53.381+0200: 1,306: Total time for which application threads were stopped: 0,0023958 seconds, Stopping threads took: 0,0000949 seconds
2016-10-07T15:47:53.390+0200: 1,315: [Full GC (Allocation Failure)  121838K->103718K(126720K), 0,0243181 secs]
2016-10-07T15:47:53.414+0200: 1,339: Total time for which application threads were stopped: 0,0248471 seconds, Stopping threads took: 0,0000295 seconds
2016-10-07T15:47:53.415+0200: 1,339: [GC (CMS Initial Mark)  104742K(126720K), 0,0002560 secs]
2016-10-07T15:47:53.415+0200: 1,340: Total time for which application threads were stopped: 0,0004043 seconds, Stopping threads took: 0,0001116 seconds
2016-10-07T15:47:53.420+0200: 1,345: [Full GC (Allocation Failure)  125930K->114982K(126720K), 0,0113355 secs]
2016-10-07T15:47:53.432+0200: 1,356: Total time for which application threads were stopped: 0,0128622 seconds, Stopping threads took: 0,0000425 seconds
2016-10-07T15:47:53.434+0200: 1,359: [Full GC (Allocation Failure)  125831K->120115K(126720K), 0,0102385 secs]
2016-10-07T15:47:53.445+0200: 1,369: Total time for which application threads were stopped: 0,0108236 seconds, Stopping threads took: 0,0000544 seconds
2016-10-07T15:47:53.445+0200: 1,370: [GC (CMS Initial Mark)  122277K(126720K), 0,0002958 secs]
2016-10-07T15:47:53.445+0200: 1,370: Total time for which application threads were stopped: 0,0003699 seconds, Stopping threads took: 0,0000400 seconds
2016-10-07T15:47:53.449+0200: 1,374: [Full GC (Allocation Failure)  126373K->123176K(126720K), 0,0105396 secs]
2016-10-07T15:47:53.460+0200: 1,385: Total time for which application threads were stopped: 0,0141810 seconds, Stopping threads took: 0,0000211 seconds
2016-10-07T15:47:53.461+0200: 1,386: [Full GC (Allocation Failure)  126272K->124208K(126720K), 0,0088848 secs]
2016-10-07T15:47:53.470+0200: 1,395: Total time for which application threads were stopped: 0,0093688 seconds, Stopping threads took: 0,0000798 seconds
2016-10-07T15:47:53.471+0200: 1,396: [Full GC (Allocation Failure)  126272K->125223K(126720K), 0,0093300 secs]
2016-10-07T15:47:53.481+0200: 1,406: Total time for which application threads were stopped: 0,0098318 seconds, Stopping threads took: 0,0000442 seconds
2016-10-07T15:47:53.482+0200: 1,407: [GC (CMS Initial Mark)  126322K(126720K), 0,0003117 secs]
2016-10-07T15:47:53.483+0200: 1,408: Total time for which application threads were stopped: 0,0003933 seconds, Stopping threads took: 0,0000235 seconds
2016-10-07T15:47:53.486+0200: 1,410: [Full GC (Allocation Failure)  126322K->126247K(126720K), 0,0053132 secs]
2016-10-07T15:47:53.491+0200: 1,416: [Full GC (Allocation Failure)  126247K->126244K(126720K), 0,0201617 secs]
2016-10-07T15:47:53.512+0200: 1,437: Total time for which application threads were stopped: 0,0285334 seconds, Stopping threads took: 0,0000303 seconds
2016-10-07T15:47:53.512+0200: 1,437: [Full GC (Allocation Failure)  126246K->2339K(126720K), 0,0067224 secs]
2016-10-07T15:47:53.519+0200: 1,444: Total time for which application threads were stopped: 0,0071411 seconds, Stopping threads took: 0,0000288 seconds
2016-10-07T15:47:53.524+0200: 1,448: [GC (Allocation Failure)  36490K->20789K(126720K), 0,0040506 secs]
2016-10-07T15:47:53.528+0200: 1,453: Total time for which application threads were stopped: 0,0042209 seconds, Stopping threads took: 0,0000345 seconds
2016-10-07T15:47:53.532+0200: 1,457: [GC (Allocation Failure)  55113K->37168K(126720K), 0,0040298 secs]
2016-10-07T15:47:53.536+0200: 1,461: Total time for which application threads were stopped: 0,0042230 seconds, Stopping threads took: 0,0000210 seconds
2016-10-07T15:47:53.540+0200: 1,465: [GC (Allocation Failure)  71520K->54579K(126720K), 0,0042389 secs]
2016-10-07T15:47:53.545+0200: 1,469: Total time for which application threads were stopped: 0,0044123 seconds, Stopping threads took: 0,0000210 seconds
2016-10-07T15:47:53.545+0200: 1,470: [GC (CMS Initial Mark)  55605K(126720K), 0,0012659 secs]
2016-10-07T15:47:53.546+0200: 1,471: Total time for which application threads were stopped: 0,0014717 seconds, Stopping threads took: 0,0001516 seconds
2016-10-07T15:47:53.551+0200: 1,475: [GC (Allocation Failure)  88985K->70964K(126720K), 0,0039130 secs]
2016-10-07T15:47:53.555+0200: 1,479: Total time for which application threads were stopped: 0,0040925 seconds, Stopping threads took: 0,0000308 seconds
2016-10-07T15:47:53.563+0200: 1,488: [GC (Allocation Failure)  105403K->88374K(126720K), 0,0065662 secs]
2016-10-07T15:47:53.570+0200: 1,495: Total time for which application threads were stopped: 0,0069139 seconds, Stopping threads took: 0,0000651 seconds
2016-10-07T15:47:53.570+0200: 1,495: [GC (CMS Final Remark)  89400K(126720K), 0,0024027 secs]
2016-10-07T15:47:53.573+0200: 1,498: Total time for which application threads were stopped: 0,0025590 seconds, Stopping threads took: 0,0000938 seconds
2016-10-07T15:47:53.577+0200: 1,502: [Full GC (Allocation Failure)  121842K->103718K(126720K), 0,0371853 secs]
2016-10-07T15:47:53.614+0200: 1,539: Total time for which application threads were stopped: 0,0376231 seconds, Stopping threads took: 0,0000263 seconds
2016-10-07T15:47:53.615+0200: 1,540: [GC (CMS Initial Mark)  104744K(126720K), 0,0002716 secs]
2016-10-07T15:47:53.615+0200: 1,540: Total time for which application threads were stopped: 0,0004468 seconds, Stopping threads took: 0,0001319 seconds
2016-10-07T15:47:53.626+0200: 1,551: [Full GC (Allocation Failure)  125931K->114982K(126720K), 0,0158672 secs]
2016-10-07T15:47:53.643+0200: 1,567: Total time for which application threads were stopped: 0,0232702 seconds, Stopping threads took: 0,0000219 seconds
2016-10-07T15:47:53.644+0200: 1,569: [Full GC (Allocation Failure)  125831K->120102K(126720K), 0,0113254 secs]
2016-10-07T15:47:53.656+0200: 1,581: Total time for which application threads were stopped: 0,0117694 seconds, Stopping threads took: 0,0000145 seconds
2016-10-07T15:47:53.656+0200: 1,581: [GC (CMS Initial Mark)  121129K(126720K), 0,0002329 secs]
2016-10-07T15:47:53.656+0200: 1,581: Total time for which application threads were stopped: 0,0004035 seconds, Stopping threads took: 0,0001382 seconds
2016-10-07T15:47:53.659+0200: 1,584: [Full GC (Allocation Failure)  126380K->123179K(126720K), 0,0062857 secs]
2016-10-07T15:47:53.665+0200: 1,590: Total time for which application threads were stopped: 0,0085717 seconds, Stopping threads took: 0,0000224 seconds
2016-10-07T15:47:53.666+0200: 1,591: [Full GC (Allocation Failure)  126263K->124209K(126720K), 0,0082382 secs]
2016-10-07T15:47:53.675+0200: 1,599: Total time for which application threads were stopped: 0,0086666 seconds, Stopping threads took: 0,0000468 seconds
2016-10-07T15:47:53.675+0200: 1,600: [Full GC (Allocation Failure)  126261K->125235K(126720K), 0,0061343 secs]
2016-10-07T15:47:53.682+0200: 1,606: Total time for which application threads were stopped: 0,0066285 seconds, Stopping threads took: 0,0000544 seconds
2016-10-07T15:47:53.682+0200: 1,607: [Full GC (Allocation Failure)  126269K->126249K(126720K), 0,0067014 secs]
2016-10-07T15:47:53.689+0200: 1,614: [Full GC (Allocation Failure)  126249K->126246K(126720K), 0,0143422 secs]
2016-10-07T15:47:53.705+0200: 1,630: Total time for which application threads were stopped: 0,0230693 seconds, Stopping threads took: 0,0000254 seconds
2016-10-07T15:47:53.706+0200: 1,631: [Full GC (Allocation Failure)  126249K->2340K(126720K), 0,0079579 secs]
2016-10-07T15:47:53.715+0200: 1,639: Total time for which application threads were stopped: 0,0090428 seconds, Stopping threads took: 0,0001399 seconds
2016-10-07T15:47:53.723+0200: 1,647: [GC (Allocation Failure)  36564K->20805K(126720K), 0,0039162 secs]
2016-10-07T15:47:53.727+0200: 1,651: Total time for which application threads were stopped: 0,0041178 seconds, Stopping threads took: 0,0000391 seconds
2016-10-07T15:47:53.731+0200: 1,656: [GC (Allocation Failure)  55119K->37192K(126720K), 0,0039520 secs]
2016-10-07T15:47:53.735+0200: 1,660: Total time for which application threads were stopped: 0,0041188 seconds, Stopping threads took: 0,0000265 seconds
2016-10-07T15:47:53.740+0200: 1,665: [GC (Allocation Failure)  71546K->54592K(126720K), 0,0076298 secs]
2016-10-07T15:47:53.748+0200: 1,673: Total time for which application threads were stopped: 0,0078192 seconds, Stopping threads took: 0,0000436 seconds
2016-10-07T15:47:53.748+0200: 1,673: [GC (CMS Initial Mark)  55618K(126720K), 0,0001837 secs]
2016-10-07T15:47:53.748+0200: 1,673: Total time for which application threads were stopped: 0,0003153 seconds, Stopping threads took: 0,0000939 seconds
2016-10-07T15:47:53.756+0200: 1,681: [GC (Allocation Failure)  88997K->70978K(126720K), 0,0061393 secs]
2016-10-07T15:47:53.762+0200: 1,687: Total time for which application threads were stopped: 0,0065214 seconds, Stopping threads took: 0,0000915 seconds
2016-10-07T15:47:53.767+0200: 1,692: [GC (Allocation Failure)  105418K->88386K(126720K), 0,0083477 secs]
2016-10-07T15:47:53.776+0200: 1,701: Total time for which application threads were stopped: 0,0085350 seconds, Stopping threads took: 0,0000253 seconds
2016-10-07T15:47:53.776+0200: 1,701: [GC (CMS Final Remark)  89412K(126720K), 0,0020236 secs]
2016-10-07T15:47:53.778+0200: 1,703: Total time for which application threads were stopped: 0,0021952 seconds, Stopping threads took: 0,0001180 seconds
2016-10-07T15:47:53.783+0200: 1,708: [Full GC (Allocation Failure)  121840K->103720K(126720K), 0,0277859 secs]
2016-10-07T15:47:53.811+0200: 1,736: Total time for which application threads were stopped: 0,0283044 seconds, Stopping threads took: 0,0000783 seconds
2016-10-07T15:47:53.811+0200: 1,736: [GC (CMS Initial Mark)  104758K(126720K), 0,0002390 secs]
2016-10-07T15:47:53.811+0200: 1,736: Total time for which application threads were stopped: 0,0003983 seconds, Stopping threads took: 0,0001264 seconds
2016-10-07T15:47:53.818+0200: 1,743: [GC (CMS Final Remark)  104758K(126720K), 0,0052017 secs]
2016-10-07T15:47:53.823+0200: 1,748: Total time for which application threads were stopped: 0,0055498 seconds, Stopping threads took: 0,0002721 seconds
2016-10-07T15:47:53.827+0200: 1,752: [Full GC (Allocation Failure)  125933K->114984K(126720K), 0,0129564 secs]
2016-10-07T15:47:53.840+0200: 1,765: Total time for which application threads were stopped: 0,0135241 seconds, Stopping threads took: 0,0000258 seconds
2016-10-07T15:47:53.851+0200: 1,776: [Full GC (Allocation Failure)  125854K->120105K(126720K), 0,0129318 secs]
2016-10-07T15:47:53.864+0200: 1,789: Total time for which application threads were stopped: 0,0144832 seconds, Stopping threads took: 0,0000616 seconds
2016-10-07T15:47:53.865+0200: 1,790: [GC (CMS Initial Mark)  121131K(126720K), 0,0012675 secs]
2016-10-07T15:47:53.866+0200: 1,791: Total time for which application threads were stopped: 0,0018546 seconds, Stopping threads took: 0,0003858 seconds
2016-10-07T15:47:53.875+0200: 1,800: [Full GC (Allocation Failure)  126393K->123188K(126720K), 0,0070530 secs]
2016-10-07T15:47:53.882+0200: 1,807: Total time for which application threads were stopped: 0,0127473 seconds, Stopping threads took: 0,0000609 seconds
2016-10-07T15:47:53.884+0200: 1,808: [Full GC (Allocation Failure)  126266K->124213K(126720K), 0,0069832 secs]
2016-10-07T15:47:53.891+0200: 1,816: Total time for which application threads were stopped: 0,0075584 seconds, Stopping threads took: 0,0000436 seconds
2016-10-07T15:47:53.892+0200: 1,817: [Full GC (Allocation Failure)  126312K->125236K(126720K), 0,0094288 secs]
2016-10-07T15:47:53.902+0200: 1,827: Total time for which application threads were stopped: 0,0099315 seconds, Stopping threads took: 0,0000251 seconds
2016-10-07T15:47:53.902+0200: 1,827: [Full GC (Allocation Failure)  126262K->126262K(126720K), 0,0092900 secs]
2016-10-07T15:47:53.912+0200: 1,837: [Full GC (Allocation Failure)  126262K->126260K(126720K), 0,0153847 secs]
2016-10-07T15:47:53.928+0200: 1,852: Total time for which application threads were stopped: 0,0255071 seconds, Stopping threads took: 0,0000655 seconds
2016-10-07T15:47:53.928+0200: 1,853: [GC (CMS Initial Mark)  126260K(126720K), 0,0003598 secs]
2016-10-07T15:47:53.928+0200: 1,853: Total time for which application threads were stopped: 0,0005672 seconds, Stopping threads took: 0,0001371 seconds
2016-10-07T15:47:53.934+0200: 1,859: [Full GC (Allocation Failure)  126333K->2342K(126720K), 0,0070950 secs]
2016-10-07T15:47:53.942+0200: 1,866: Total time for which application threads were stopped: 0,0102981 seconds, Stopping threads took: 0,0000193 seconds
2016-10-07T15:47:53.946+0200: 1,871: [GC (Allocation Failure)  36501K->20783K(126720K), 0,0037658 secs]
2016-10-07T15:47:53.950+0200: 1,875: Total time for which application threads were stopped: 0,0039913 seconds, Stopping threads took: 0,0000315 seconds
2016-10-07T15:47:53.955+0200: 1,880: [GC (Allocation Failure)  55053K->37172K(126720K), 0,0087160 secs]
2016-10-07T15:47:53.964+0200: 1,889: Total time for which application threads were stopped: 0,0090852 seconds, Stopping threads took: 0,0000305 seconds
2016-10-07T15:47:53.975+0200: 1,899: [GC (Allocation Failure)  71525K->54591K(126720K), 0,0042695 secs]
2016-10-07T15:47:53.979+0200: 1,904: Total time for which application threads were stopped: 0,0060804 seconds, Stopping threads took: 0,0014008 seconds
2016-10-07T15:47:53.979+0200: 1,904: [GC (CMS Initial Mark)  55615K(126720K), 0,0003012 secs]
2016-10-07T15:47:53.980+0200: 1,904: Total time for which application threads were stopped: 0,0005149 seconds, Stopping threads took: 0,0001638 seconds
2016-10-07T15:47:53.985+0200: 1,910: [GC (CMS Final Remark)  57228K(126720K), 0,0097185 secs]
2016-10-07T15:47:53.994+0200: 1,919: Total time for which application threads were stopped: 0,0098967 seconds, Stopping threads took: 0,0001108 seconds
2016-10-07T15:47:54.001+0200: 1,926: [GC (Allocation Failure)  88000K->69942K(126720K), 0,0079557 secs]
2016-10-07T15:47:54.010+0200: 1,934: Total time for which application threads were stopped: 0,0081465 seconds, Stopping threads took: 0,0000421 seconds
2016-10-07T15:47:54.011+0200: 1,936: [GC (CMS Initial Mark)  70990K(126720K), 0,0002228 secs]
2016-10-07T15:47:54.012+0200: 1,937: Total time for which application threads were stopped: 0,0003655 seconds, Stopping threads took: 0,0001112 seconds
2016-10-07T15:47:54.016+0200: 1,941: [GC (Allocation Failure)  104381K->87347K(126720K), 0,0061354 secs]
2016-10-07T15:47:54.022+0200: 1,947: Total time for which application threads were stopped: 0,0065402 seconds, Stopping threads took: 0,0000159 seconds
2016-10-07T15:47:54.023+0200: 1,948: [GC (CMS Final Remark)  88373K(126720K), 0,0058763 secs]
2016-10-07T15:47:54.029+0200: 1,954: Total time for which application threads were stopped: 0,0065480 seconds, Stopping threads took: 0,0005616 seconds
2016-10-07T15:47:54.035+0200: 1,960: [Full GC (Allocation Failure)  121835K->103721K(126720K), 0,0264700 secs]
2016-10-07T15:47:54.062+0200: 1,987: Total time for which application threads were stopped: 0,0271295 seconds, Stopping threads took: 0,0000207 seconds
2016-10-07T15:47:54.064+0200: 1,989: [GC (CMS Initial Mark)  114668K(126720K), 0,0008781 secs]
2016-10-07T15:47:54.065+0200: 1,990: Total time for which application threads were stopped: 0,0014921 seconds, Stopping threads took: 0,0003631 seconds
2016-10-07T15:47:54.071+0200: 1,996: [Full GC (Allocation Failure)  125932K->114986K(126720K), 0,0100061 secs]
2016-10-07T15:47:54.081+0200: 2,006: Total time for which application threads were stopped: 0,0107864 seconds, Stopping threads took: 0,0000268 seconds
2016-10-07T15:47:54.083+0200: 2,008: [Full GC (Allocation Failure)  125835K->120106K(126720K), 0,0123492 secs]
2016-10-07T15:47:54.096+0200: 2,021: Total time for which application threads were stopped: 0,0132887 seconds, Stopping threads took: 0,0000223 seconds
2016-10-07T15:47:54.097+0200: 2,022: [GC (CMS Initial Mark)  121132K(126720K), 0,0007098 secs]
2016-10-07T15:47:54.097+0200: 2,022: Total time for which application threads were stopped: 0,0012970 seconds, Stopping threads took: 0,0004987 seconds
2016-10-07T15:47:54.107+0200: 2,032: [Full GC (Allocation Failure)  126399K->123190K(126720K), 0,0122487 secs]
2016-10-07T15:47:54.120+0200: 2,045: Total time for which application threads were stopped: 0,0134224 seconds, Stopping threads took: 0,0000748 seconds
2016-10-07T15:47:54.121+0200: 2,045: [Full GC (Allocation Failure)  126270K->124204K(126720K), 0,0106740 secs]
2016-10-07T15:47:54.131+0200: 2,056: Total time for which application threads were stopped: 0,0112035 seconds, Stopping threads took: 0,0000499 seconds
2016-10-07T15:47:54.132+0200: 2,057: [Full GC (Allocation Failure)  126267K->125236K(126720K), 0,0097977 secs]
2016-10-07T15:47:54.142+0200: 2,067: Total time for which application threads were stopped: 0,0102864 seconds, Stopping threads took: 0,0000193 seconds
2016-10-07T15:47:54.142+0200: 2,067: [GC (CMS Initial Mark)  126260K(126720K), 0,0003407 secs]
2016-10-07T15:47:54.143+0200: 2,067: Total time for which application threads were stopped: 0,0005035 seconds, Stopping threads took: 0,0001201 seconds
2016-10-07T15:47:54.146+0200: 2,071: [Full GC (Allocation Failure)  126312K->126250K(126720K), 0,0074623 secs]
2016-10-07T15:47:54.154+0200: 2,079: [Full GC (Allocation Failure)  126250K->126247K(126720K), 0,0202393 secs]
2016-10-07T15:47:54.175+0200: 2,100: Total time for which application threads were stopped: 0,0305331 seconds, Stopping threads took: 0,0000174 seconds
2016-10-07T15:47:54.175+0200: 2,100: [Full GC (Allocation Failure)  126249K->2342K(126720K), 0,0062447 secs]
2016-10-07T15:47:54.182+0200: 2,106: Total time for which application threads were stopped: 0,0067475 seconds, Stopping threads took: 0,0000724 seconds
2016-10-07T15:47:54.191+0200: 2,116: [GC (Allocation Failure)  36543K->20787K(126720K), 0,0037386 secs]
2016-10-07T15:47:54.195+0200: 2,120: Total time for which application threads were stopped: 0,0039330 seconds, Stopping threads took: 0,0000217 seconds
2016-10-07T15:47:54.199+0200: 2,124: [GC (Allocation Failure)  55059K->37174K(126720K), 0,0040508 secs]
2016-10-07T15:47:54.203+0200: 2,128: Total time for which application threads were stopped: 0,0042405 seconds, Stopping threads took: 0,0000218 seconds
2016-10-07T15:47:54.208+0200: 2,133: [GC (Allocation Failure)  71526K->54585K(126720K), 0,0091967 secs]
2016-10-07T15:47:54.217+0200: 2,142: Total time for which application threads were stopped: 0,0097101 seconds, Stopping threads took: 0,0000609 seconds
2016-10-07T15:47:54.218+0200: 2,143: [GC (CMS Initial Mark)  55611K(126720K), 0,0006088 secs]
2016-10-07T15:47:54.219+0200: 2,143: Total time for which application threads were stopped: 0,0012922 seconds, Stopping threads took: 0,0005686 seconds
2016-10-07T15:47:54.224+0200: 2,148: [GC (Allocation Failure)  88989K->70969K(126720K), 0,0037420 secs]
2016-10-07T15:47:54.227+0200: 2,152: Total time for which application threads were stopped: 0,0039109 seconds, Stopping threads took: 0,0000329 seconds
2016-10-07T15:47:54.232+0200: 2,156: [GC (Allocation Failure)  105407K->88375K(126720K), 0,0039903 secs]
2016-10-07T15:47:54.236+0200: 2,160: Total time for which application threads were stopped: 0,0041580 seconds, Stopping threads took: 0,0000183 seconds
2016-10-07T15:47:54.236+0200: 2,161: [GC (CMS Final Remark)  89401K(126720K), 0,0023958 secs]
2016-10-07T15:47:54.238+0200: 2,163: Total time for which application threads were stopped: 0,0025383 seconds, Stopping threads took: 0,0000950 seconds
2016-10-07T15:47:54.243+0200: 2,168: [Full GC (Allocation Failure)  121839K->103722K(126720K), 0,0306056 secs]
2016-10-07T15:47:54.274+0200: 2,198: Total time for which application threads were stopped: 0,0310681 seconds, Stopping threads took: 0,0000277 seconds
2016-10-07T15:47:54.274+0200: 2,199: [GC (CMS Initial Mark)  104748K(126720K), 0,0002777 secs]
2016-10-07T15:47:54.274+0200: 2,199: Total time for which application threads were stopped: 0,0004193 seconds, Stopping threads took: 0,0001173 seconds
2016-10-07T15:47:54.282+0200: 2,207: [Full GC (Allocation Failure)  126183K->114986K(126720K), 0,0225397 secs]
2016-10-07T15:47:54.305+0200: 2,229: Total time for which application threads were stopped: 0,0252907 seconds, Stopping threads took: 0,0000320 seconds
2016-10-07T15:47:54.306+0200: 2,231: [Full GC (Allocation Failure)  125833K->120119K(126720K), 0,0096150 secs]
2016-10-07T15:47:54.316+0200: 2,241: Total time for which application threads were stopped: 0,0100808 seconds, Stopping threads took: 0,0000272 seconds
2016-10-07T15:47:54.317+0200: 2,241: [GC (CMS Initial Mark)  122281K(126720K), 0,0003524 secs]
2016-10-07T15:47:54.317+0200: 2,242: Total time for which application threads were stopped: 0,0004705 seconds, Stopping threads took: 0,0000783 seconds
2016-10-07T15:47:54.320+0200: 2,245: [Full GC (Allocation Failure)  126383K->123181K(126720K), 0,0118266 secs]
2016-10-07T15:47:54.332+0200: 2,257: Total time for which application threads were stopped: 0,0147660 seconds, Stopping threads took: 0,0000189 seconds
2016-10-07T15:47:54.334+0200: 2,258: [Full GC (Allocation Failure)  126268K->124212K(126720K), 0,0088751 secs]
2016-10-07T15:47:54.343+0200: 2,268: Total time for which application threads were stopped: 0,0094972 seconds, Stopping threads took: 0,0000639 seconds
2016-10-07T15:47:54.343+0200: 2,268: [Full GC (Allocation Failure)  126265K->125239K(126720K), 0,0062074 secs]
2016-10-07T15:47:54.350+0200: 2,275: Total time for which application threads were stopped: 0,0066539 seconds, Stopping threads took: 0,0000443 seconds
2016-10-07T15:47:54.350+0200: 2,275: [GC (CMS Initial Mark)  126266K(126720K), 0,0002771 secs]
2016-10-07T15:47:54.350+0200: 2,275: Total time for which application threads were stopped: 0,0003844 seconds, Stopping threads took: 0,0000615 seconds
2016-10-07T15:47:54.354+0200: 2,279: [Full GC (Allocation Failure)  126329K->126260K(126720K), 0,0093385 secs]
2016-10-07T15:47:54.364+0200: 2,289: [Full GC (Allocation Failure)  126260K->126258K(126720K), 0,0162345 secs]
2016-10-07T15:47:54.380+0200: 2,305: Total time for which application threads were stopped: 0,0288991 seconds, Stopping threads took: 0,0000338 seconds
2016-10-07T15:47:54.380+0200: 2,305: [Full GC (Allocation Failure)  126260K->2353K(126720K), 0,0117314 secs]
2016-10-07T15:47:54.392+0200: 2,317: Total time for which application threads were stopped: 0,0121359 seconds, Stopping threads took: 0,0000365 seconds
2016-10-07T15:47:54.397+0200: 2,322: [GC (Allocation Failure)  36556K->20798K(126720K), 0,0057357 secs]
2016-10-07T15:47:54.403+0200: 2,328: Total time for which application threads were stopped: 0,0059066 seconds, Stopping threads took: 0,0000171 seconds
2016-10-07T15:47:54.407+0200: 2,332: [GC (Allocation Failure)  55068K->37189K(126720K), 0,0039350 secs]
2016-10-07T15:47:54.411+0200: 2,336: Total time for which application threads were stopped: 0,0041017 seconds, Stopping threads took: 0,0000170 seconds
2016-10-07T15:47:54.416+0200: 2,340: [GC (Allocation Failure)  71540K->54597K(126720K), 0,0047197 secs]
2016-10-07T15:47:54.421+0200: 2,345: Total time for which application threads were stopped: 0,0051531 seconds, Stopping threads took: 0,0000155 seconds
2016-10-07T15:47:54.422+0200: 2,346: [GC (CMS Initial Mark)  55623K(126720K), 0,0015059 secs]
2016-10-07T15:47:54.423+0200: 2,348: Total time for which application threads were stopped: 0,0022614 seconds, Stopping threads took: 0,0006552 seconds
2016-10-07T15:47:54.428+0200: 2,353: [GC (Allocation Failure)  89001K->70980K(126720K), 0,0078346 secs]
2016-10-07T15:47:54.436+0200: 2,361: Total time for which application threads were stopped: 0,0080104 seconds, Stopping threads took: 0,0000159 seconds
2016-10-07T15:47:54.437+0200: 2,362: [GC (CMS Final Remark)  72027K(126720K), 0,0055409 secs]
2016-10-07T15:47:54.443+0200: 2,368: Total time for which application threads were stopped: 0,0057399 seconds, Stopping threads took: 0,0001128 seconds
2016-10-07T15:47:54.447+0200: 2,372: [GC (Allocation Failure)  104408K->87349K(126720K), 0,0053910 secs]
2016-10-07T15:47:54.453+0200: 2,377: Total time for which application threads were stopped: 0,0055567 seconds, Stopping threads took: 0,0000248 seconds
2016-10-07T15:47:54.453+0200: 2,378: [GC (CMS Initial Mark)  88378K(126720K), 0,0003040 secs]
2016-10-07T15:47:54.453+0200: 2,378: Total time for which application threads were stopped: 0,0004378 seconds, Stopping threads took: 0,0001000 seconds
2016-10-07T15:47:54.458+0200: 2,382: [Full GC (Allocation Failure)  121810K->103722K(126720K), 0,0264080 secs]
2016-10-07T15:47:54.484+0200: 2,409: Total time for which application threads were stopped: 0,0268629 seconds, Stopping threads took: 0,0000242 seconds
2016-10-07T15:47:54.487+0200: 2,412: [Full GC (Allocation Failure)  125933K->114986K(126720K), 0,0101617 secs]
2016-10-07T15:47:54.497+0200: 2,422: Total time for which application threads were stopped: 0,0106080 seconds, Stopping threads took: 0,0000168 seconds
2016-10-07T15:47:54.497+0200: 2,422: [GC (CMS Initial Mark)  116012K(126720K), 0,0002651 secs]
2016-10-07T15:47:54.498+0200: 2,423: Total time for which application threads were stopped: 0,0004314 seconds, Stopping threads took: 0,0001168 seconds
2016-10-07T15:47:54.501+0200: 2,426: [Full GC (Allocation Failure)  125834K->120106K(126720K), 0,0102690 secs]
2016-10-07T15:47:54.512+0200: 2,437: Total time for which application threads were stopped: 0,0127528 seconds, Stopping threads took: 0,0000177 seconds
2016-10-07T15:47:54.513+0200: 2,438: [Full GC (Allocation Failure)  126398K->123191K(126720K), 0,0072525 secs]
2016-10-07T15:47:54.520+0200: 2,445: Total time for which application threads were stopped: 0,0077049 seconds, Stopping threads took: 0,0000463 seconds
2016-10-07T15:47:54.521+0200: 2,445: [GC (CMS Initial Mark)  124217K(126720K), 0,0008600 secs]
2016-10-07T15:47:54.522+0200: 2,446: Total time for which application threads were stopped: 0,0010842 seconds, Stopping threads took: 0,0001326 seconds
2016-10-07T15:47:54.526+0200: 2,451: [Full GC (Allocation Failure)  126287K->124215K(126720K), 0,0078693 secs]
2016-10-07T15:47:54.534+0200: 2,459: Total time for which application threads were stopped: 0,0107816 seconds, Stopping threads took: 0,0000295 seconds
2016-10-07T15:47:54.535+0200: 2,460: [Full GC (Allocation Failure)  126267K->125238K(126720K), 0,0105681 secs]
2016-10-07T15:47:54.545+0200: 2,470: Total time for which application threads were stopped: 0,0111191 seconds, Stopping threads took: 0,0000219 seconds
2016-10-07T15:47:54.546+0200: 2,471: [GC (CMS Initial Mark)  126264K(126720K), 0,0004414 secs]
2016-10-07T15:47:54.547+0200: 2,471: Total time for which application threads were stopped: 0,0007952 seconds, Stopping threads took: 0,0002905 seconds
2016-10-07T15:47:54.551+0200: 2,475: [Full GC (Allocation Failure)  126264K->126263K(126720K), 0,0105591 secs]
2016-10-07T15:47:54.561+0200: 2,486: [Full GC (Allocation Failure)  126263K->126260K(126720K), 0,0216451 secs]
2016-10-07T15:47:54.584+0200: 2,508: Total time for which application threads were stopped: 0,0369231 seconds, Stopping threads took: 0,0000184 seconds
2016-10-07T15:47:54.584+0200: 2,509: [Full GC (Allocation Failure)  126262K->2342K(126720K), 0,0078537 secs]
2016-10-07T15:47:54.592+0200: 2,517: Total time for which application threads were stopped: 0,0084302 seconds, Stopping threads took: 0,0000544 seconds
2016-10-07T15:47:54.597+0200: 2,522: [GC (Allocation Failure)  36588K->20786K(126720K), 0,0046936 secs]
2016-10-07T15:47:54.602+0200: 2,527: Total time for which application threads were stopped: 0,0049018 seconds, Stopping threads took: 0,0000204 seconds
2016-10-07T15:47:54.607+0200: 2,532: [GC (Allocation Failure)  55058K->37174K(126720K), 0,0057886 secs]
2016-10-07T15:47:54.613+0200: 2,537: Total time for which application threads were stopped: 0,0060313 seconds, Stopping threads took: 0,0000379 seconds
2016-10-07T15:47:54.631+0200: 2,556: [GC (Allocation Failure)  71525K->54584K(126720K), 0,0043632 secs]
2016-10-07T15:47:54.635+0200: 2,560: Total time for which application threads were stopped: 0,0046788 seconds, Stopping threads took: 0,0001140 seconds
2016-10-07T15:47:54.635+0200: 2,560: [GC (CMS Initial Mark)  55610K(126720K), 0,0006383 secs]
2016-10-07T15:47:54.636+0200: 2,561: Total time for which application threads were stopped: 0,0008760 seconds, Stopping threads took: 0,0001765 seconds
2016-10-07T15:47:54.641+0200: 2,566: [GC (Allocation Failure)  88988K->70967K(126720K), 0,0041560 secs]
2016-10-07T15:47:54.645+0200: 2,570: Total time for which application threads were stopped: 0,0043476 seconds, Stopping threads took: 0,0000252 seconds
2016-10-07T15:47:54.650+0200: 2,575: [GC (Allocation Failure)  105405K->88377K(126720K), 0,0055955 secs]
2016-10-07T15:47:54.656+0200: 2,581: Total time for which application threads were stopped: 0,0060490 seconds, Stopping threads took: 0,0000278 seconds
2016-10-07T15:47:54.657+0200: 2,582: [GC (CMS Final Remark)  89403K(126720K), 0,0049577 secs]
2016-10-07T15:47:54.662+0200: 2,587: Total time for which application threads were stopped: 0,0059633 seconds, Stopping threads took: 0,0008596 seconds
2016-10-07T15:47:54.671+0200: 2,596: [Full GC (Allocation Failure)  121840K->103722K(126720K), 0,0325280 secs]
2016-10-07T15:47:54.704+0200: 2,628: Total time for which application threads were stopped: 0,0331477 seconds, Stopping threads took: 0,0000227 seconds
2016-10-07T15:47:54.704+0200: 2,629: [GC (CMS Initial Mark)  104748K(126720K), 0,0003283 secs]
2016-10-07T15:47:54.704+0200: 2,629: Total time for which application threads were stopped: 0,0005779 seconds, Stopping threads took: 0,0001794 seconds
2016-10-07T15:47:54.712+0200: 2,636: [Full GC (Allocation Failure)  125933K->114986K(126720K), 0,0121518 secs]
2016-10-07T15:47:54.724+0200: 2,649: Total time for which application threads were stopped: 0,0162470 seconds, Stopping threads took: 0,0001042 seconds
2016-10-07T15:47:54.728+0200: 2,653: [Full GC (Allocation Failure)  125834K->120106K(126720K), 0,0074655 secs]
2016-10-07T15:47:54.736+0200: 2,661: Total time for which application threads were stopped: 0,0079801 seconds, Stopping threads took: 0,0000333 seconds
2016-10-07T15:47:54.736+0200: 2,661: [GC (CMS Initial Mark)  121132K(126720K), 0,0002578 secs]
2016-10-07T15:47:54.736+0200: 2,661: Total time for which application threads were stopped: 0,0004410 seconds, Stopping threads took: 0,0001495 seconds
2016-10-07T15:47:54.742+0200: 2,666: [Full GC (Allocation Failure)  126378K->123180K(126720K), 0,0084712 secs]
2016-10-07T15:47:54.750+0200: 2,675: Total time for which application threads were stopped: 0,0132655 seconds, Stopping threads took: 0,0000198 seconds
2016-10-07T15:47:54.751+0200: 2,676: [Full GC (Allocation Failure)  126275K->124215K(126720K), 0,0114892 secs]
2016-10-07T15:47:54.763+0200: 2,688: Total time for which application threads were stopped: 0,0120369 seconds, Stopping threads took: 0,0000606 seconds
2016-10-07T15:47:54.763+0200: 2,688: [GC (CMS Initial Mark)  125242K(126720K), 0,0003374 secs]
2016-10-07T15:47:54.764+0200: 2,689: Total time for which application threads were stopped: 0,0005052 seconds, Stopping threads took: 0,0001224 seconds
2016-10-07T15:47:54.766+0200: 2,691: [Full GC (Allocation Failure)  126267K->125239K(126720K), 0,0104776 secs]
2016-10-07T15:47:54.777+0200: 2,702: Total time for which application threads were stopped: 0,0133443 seconds, Stopping threads took: 0,0000327 seconds
2016-10-07T15:47:54.778+0200: 2,703: [Full GC (Allocation Failure)  126268K->126252K(126720K), 0,0109838 secs]
2016-10-07T15:47:54.789+0200: 2,714: [Full GC (Allocation Failure)  126252K->126251K(126720K), 0,0196318 secs]
2016-10-07T15:47:54.809+0200: 2,734: Total time for which application threads were stopped: 0,0316528 seconds, Stopping threads took: 0,0000594 seconds
2016-10-07T15:47:54.810+0200: 2,735: [GC (CMS Initial Mark)  126267K(126720K), 0,0005202 secs]
2016-10-07T15:47:54.810+0200: 2,735: Total time for which application threads were stopped: 0,0006912 seconds, Stopping threads took: 0,0000992 seconds
2016-10-07T15:47:54.814+0200: 2,739: [Full GC (Allocation Failure)  126278K->2357K(126720K), 0,0120006 secs]
2016-10-07T15:47:54.827+0200: 2,751: Total time for which application threads were stopped: 0,0155231 seconds, Stopping threads took: 0,0000498 seconds
2016-10-07T15:47:54.832+0200: 2,757: [GC (Allocation Failure)  36597K->20798K(126720K), 0,0047609 secs]
2016-10-07T15:47:54.837+0200: 2,762: Total time for which application threads were stopped: 0,0050204 seconds, Stopping threads took: 0,0000424 seconds
2016-10-07T15:47:54.842+0200: 2,767: [GC (Allocation Failure)  55068K->37184K(126720K), 0,0059527 secs]
2016-10-07T15:47:54.848+0200: 2,773: Total time for which application threads were stopped: 0,0063362 seconds, Stopping threads took: 0,0000309 seconds
2016-10-07T15:47:54.855+0200: 2,780: [GC (Allocation Failure)  71535K->54594K(126720K), 0,0080410 secs]
2016-10-07T15:47:54.863+0200: 2,788: Total time for which application threads were stopped: 0,0082311 seconds, Stopping threads took: 0,0000228 seconds
2016-10-07T15:47:54.863+0200: 2,788: [GC (CMS Initial Mark)  55621K(126720K), 0,0002466 secs]
2016-10-07T15:47:54.863+0200: 2,788: Total time for which application threads were stopped: 0,0003823 seconds, Stopping threads took: 0,0000949 seconds
2016-10-07T15:47:54.869+0200: 2,794: [GC (Allocation Failure)  88998K->70979K(126720K), 0,0040321 secs]
2016-10-07T15:47:54.873+0200: 2,798: Total time for which application threads were stopped: 0,0041956 seconds, Stopping threads took: 0,0000165 seconds
2016-10-07T15:47:54.881+0200: 2,806: [GC (Allocation Failure)  105417K->88385K(126720K), 0,0046836 secs]
2016-10-07T15:47:54.886+0200: 2,811: Total time for which application threads were stopped: 0,0049087 seconds, Stopping threads took: 0,0000469 seconds
2016-10-07T15:47:54.887+0200: 2,811: [GC (CMS Final Remark)  89433K(126720K), 0,0048811 secs]
2016-10-07T15:47:54.891+0200: 2,816: Total time for which application threads were stopped: 0,0050510 seconds, Stopping threads took: 0,0001055 seconds
2016-10-07T15:47:54.897+0200: 2,821: [Full GC (Allocation Failure)  121837K->103722K(126720K), 0,0343843 secs]
2016-10-07T15:47:54.931+0200: 2,856: Total time for which application threads were stopped: 0,0350298 seconds, Stopping threads took: 0,0000207 seconds
2016-10-07T15:47:54.933+0200: 2,858: [GC (CMS Initial Mark)  112618K(126720K), 0,0003734 secs]
2016-10-07T15:47:54.934+0200: 2,859: Total time for which application threads were stopped: 0,0006750 seconds, Stopping threads took: 0,0002449 seconds
2016-10-07T15:47:54.940+0200: 2,865: [Full GC (Allocation Failure)  125933K->114986K(126720K), 0,0137930 secs]
2016-10-07T15:47:54.954+0200: 2,879: Total time for which application threads were stopped: 0,0178335 seconds, Stopping threads took: 0,0000336 seconds
2016-10-07T15:47:54.958+0200: 2,883: [Full GC (Allocation Failure)  125834K->120106K(126720K), 0,0145188 secs]
2016-10-07T15:47:54.973+0200: 2,898: Total time for which application threads were stopped: 0,0157486 seconds, Stopping threads took: 0,0001614 seconds
2016-10-07T15:47:54.973+0200: 2,898: [GC (CMS Initial Mark)  121132K(126720K), 0,0002721 secs]
2016-10-07T15:47:54.973+0200: 2,898: Total time for which application threads were stopped: 0,0004472 seconds, Stopping threads took: 0,0001321 seconds
2016-10-07T15:47:54.978+0200: 2,903: [Full GC (Allocation Failure)  126378K->123178K(126720K), 0,0123628 secs]
2016-10-07T15:47:54.991+0200: 2,916: Total time for which application threads were stopped: 0,0153797 seconds, Stopping threads took: 0,0000430 seconds
2016-10-07T15:47:54.992+0200: 2,916: [Full GC (Allocation Failure)  126271K->124214K(126720K), 0,0137114 secs]
2016-10-07T15:47:55.006+0200: 2,930: Total time for which application threads were stopped: 0,0143039 seconds, Stopping threads took: 0,0000303 seconds
2016-10-07T15:47:55.006+0200: 2,931: [GC (CMS Initial Mark)  125242K(126720K), 0,0004141 secs]
2016-10-07T15:47:55.006+0200: 2,931: Total time for which application threads were stopped: 0,0005123 seconds, Stopping threads took: 0,0000325 seconds
2016-10-07T15:47:55.010+0200: 2,935: [Full GC (Allocation Failure)  126268K->125239K(126720K), 0,0097596 secs]
2016-10-07T15:47:55.020+0200: 2,945: Total time for which application threads were stopped: 0,0138451 seconds, Stopping threads took: 0,0000599 seconds
2016-10-07T15:47:55.021+0200: 2,946: [Full GC (Allocation Failure)  126273K->126255K(126720K), 0,0131063 secs]
2016-10-07T15:47:55.035+0200: 2,960: [Full GC (Allocation Failure)  126255K->126253K(126720K), 0,0210120 secs]
2016-10-07T15:47:55.056+0200: 2,981: Total time for which application threads were stopped: 0,0352054 seconds, Stopping threads took: 0,0000613 seconds
2016-10-07T15:47:55.057+0200: 2,981: [GC (CMS Initial Mark)  126255K(126720K), 0,0004315 secs]
2016-10-07T15:47:55.057+0200: 2,982: Total time for which application threads were stopped: 0,0008210 seconds, Stopping threads took: 0,0003433 seconds
2016-10-07T15:47:55.060+0200: 2,985: [Full GC (Allocation Failure)  126259K->2349K(126720K), 0,0069368 secs]
2016-10-07T15:47:55.067+0200: 2,992: Total time for which application threads were stopped: 0,0101488 seconds, Stopping threads took: 0,0000650 seconds
2016-10-07T15:47:55.073+0200: 2,998: [GC (Allocation Failure)  36581K->20794K(126720K), 0,0051490 secs]
2016-10-07T15:47:55.078+0200: 3,003: Total time for which application threads were stopped: 0,0055664 seconds, Stopping threads took: 0,0000987 seconds
2016-10-07T15:47:55.083+0200: 3,008: [GC (Allocation Failure)  55064K->37184K(126720K), 0,0050577 secs]
2016-10-07T15:47:55.088+0200: 3,013: Total time for which application threads were stopped: 0,0053028 seconds, Stopping threads took: 0,0000323 seconds
2016-10-07T15:47:55.093+0200: 3,017: [GC (Allocation Failure)  71535K->54592K(126720K), 0,0040997 secs]
2016-10-07T15:47:55.097+0200: 3,022: Total time for which application threads were stopped: 0,0042729 seconds, Stopping threads took: 0,0000226 seconds
2016-10-07T15:47:55.097+0200: 3,022: [GC (CMS Initial Mark)  55618K(126720K), 0,0001772 secs]
2016-10-07T15:47:55.097+0200: 3,022: Total time for which application threads were stopped: 0,0003139 seconds, Stopping threads took: 0,0000956 seconds
2016-10-07T15:47:55.105+0200: 3,030: [GC (Allocation Failure)  88996K->70979K(126720K), 0,0179511 secs]
2016-10-07T15:47:55.123+0200: 3,048: Total time for which application threads were stopped: 0,0181414 seconds, Stopping threads took: 0,0000222 seconds
2016-10-07T15:47:55.129+0200: 3,053: [GC (Allocation Failure)  105417K->88387K(126720K), 0,0066329 secs]
2016-10-07T15:47:55.135+0200: 3,060: Total time for which application threads were stopped: 0,0068877 seconds, Stopping threads took: 0,0000209 seconds
2016-10-07T15:47:55.136+0200: 3,060: [GC (CMS Final Remark)  89415K(126720K), 0,0048602 secs]
2016-10-07T15:47:55.141+0200: 3,065: Total time for which application threads were stopped: 0,0050777 seconds, Stopping threads took: 0,0001371 seconds
2016-10-07T15:47:55.146+0200: 3,071: [Full GC (Allocation Failure)  121840K->103722K(126720K), 0,0377198 secs]
2016-10-07T15:47:55.184+0200: 3,109: Total time for which application threads were stopped: 0,0383577 seconds, Stopping threads took: 0,0000233 seconds
2016-10-07T15:47:55.186+0200: 3,111: [GC (CMS Initial Mark)  121808K(126720K), 0,0017044 secs]
2016-10-07T15:47:55.188+0200: 3,113: Total time for which application threads were stopped: 0,0018822 seconds, Stopping threads took: 0,0000187 seconds
2016-10-07T15:47:55.196+0200: 3,121: [Full GC (Allocation Failure)  125931K->114999K(126720K), 0,0155077 secs]
2016-10-07T15:47:55.212+0200: 3,137: Total time for which application threads were stopped: 0,0216143 seconds, Stopping threads took: 0,0000244 seconds
2016-10-07T15:47:55.214+0200: 3,139: [Full GC (Allocation Failure)  125846K->120106K(126720K), 0,0155385 secs]
2016-10-07T15:47:55.230+0200: 3,155: Total time for which application threads were stopped: 0,0161489 seconds, Stopping threads took: 0,0000466 seconds
2016-10-07T15:47:55.231+0200: 3,156: [Full GC (Allocation Failure)  126390K->123188K(126720K), 0,0123425 secs]
2016-10-07T15:47:55.244+0200: 3,169: Total time for which application threads were stopped: 0,0129325 seconds, Stopping threads took: 0,0000247 seconds
2016-10-07T15:47:55.246+0200: 3,170: [Full GC (Allocation Failure)  126379K->124213K(126720K), 0,0251106 secs]
2016-10-07T15:47:55.271+0200: 3,196: Total time for which application threads were stopped: 0,0259408 seconds, Stopping threads took: 0,0002213 seconds
2016-10-07T15:47:55.272+0200: 3,197: [Full GC (Allocation Failure)  126378K->125228K(126720K), 0,0113930 secs]
2016-10-07T15:47:55.284+0200: 3,209: Total time for which application threads were stopped: 0,0122284 seconds, Stopping threads took: 0,0000663 seconds
2016-10-07T15:47:55.284+0200: 3,209: [GC (CMS Initial Mark)  126252K(126720K), 0,0003679 secs]
2016-10-07T15:47:55.285+0200: 3,210: Total time for which application threads were stopped: 0,0004919 seconds, Stopping threads took: 0,0000736 seconds
2016-10-07T15:47:55.289+0200: 3,214: [Full GC (Allocation Failure)  126321K->126252K(126720K), 0,0067823 secs]
2016-10-07T15:47:55.296+0200: 3,221: [Full GC (Allocation Failure)  126252K->126249K(126720K), 0,0186744 secs]
2016-10-07T15:47:55.315+0200: 3,240: Total time for which application threads were stopped: 0,0295304 seconds, Stopping threads took: 0,0000200 seconds
2016-10-07T15:47:55.316+0200: 3,240: [Full GC (Allocation Failure)  126252K->2344K(126720K), 0,0143999 secs]
2016-10-07T15:47:55.330+0200: 3,255: Total time for which application threads were stopped: 0,0150054 seconds, Stopping threads took: 0,0000283 seconds
2016-10-07T15:47:55.336+0200: 3,261: [GC (Allocation Failure)  36603K->20797K(126720K), 0,0046361 secs]
2016-10-07T15:47:55.341+0200: 3,266: Total time for which application threads were stopped: 0,0048613 seconds, Stopping threads took: 0,0000207 seconds
2016-10-07T15:47:55.346+0200: 3,271: [GC (Allocation Failure)  55064K->37185K(126720K), 0,0091706 secs]
2016-10-07T15:47:55.356+0200: 3,281: Total time for which application threads were stopped: 0,0095494 seconds, Stopping threads took: 0,0000216 seconds
2016-10-07T15:47:55.360+0200: 3,285: [GC (Allocation Failure)  71535K->54595K(126720K), 0,0051093 secs]
2016-10-07T15:47:55.366+0200: 3,291: Total time for which application threads were stopped: 0,0053089 seconds, Stopping threads took: 0,0000356 seconds
2016-10-07T15:47:55.366+0200: 3,291: [GC (CMS Initial Mark)  55621K(126720K), 0,0002827 secs]
2016-10-07T15:47:55.366+0200: 3,291: Total time for which application threads were stopped: 0,0005021 seconds, Stopping threads took: 0,0001597 seconds
2016-10-07T15:47:55.373+0200: 3,298: [GC (Allocation Failure)  88999K->70977K(126720K), 0,0096918 secs]
2016-10-07T15:47:55.383+0200: 3,308: Total time for which application threads were stopped: 0,0100615 seconds, Stopping threads took: 0,0000731 seconds
2016-10-07T15:47:55.389+0200: 3,314: [GC (Allocation Failure)  105415K->88385K(126720K), 0,0040044 secs]
2016-10-07T15:47:55.394+0200: 3,318: Total time for which application threads were stopped: 0,0041726 seconds, Stopping threads took: 0,0000209 seconds
2016-10-07T15:47:55.394+0200: 3,319: [GC (CMS Final Remark)  89411K(126720K), 0,0025447 secs]
2016-10-07T15:47:55.396+0200: 3,321: Total time for which application threads were stopped: 0,0026798 seconds, Stopping threads took: 0,0000974 seconds
2016-10-07T15:47:55.402+0200: 3,326: [Full GC (Allocation Failure)  121837K->103722K(126720K), 0,0290957 secs]
2016-10-07T15:47:55.431+0200: 3,356: Total time for which application threads were stopped: 0,0295730 seconds, Stopping threads took: 0,0000259 seconds
2016-10-07T15:47:55.431+0200: 3,356: [GC (CMS Initial Mark)  104748K(126720K), 0,0004077 secs]
2016-10-07T15:47:55.432+0200: 3,356: Total time for which application threads were stopped: 0,0005709 seconds, Stopping threads took: 0,0001129 seconds
2016-10-07T15:47:55.437+0200: 3,362: [Full GC (Allocation Failure)  125931K->114986K(126720K), 0,0136880 secs]
2016-10-07T15:47:55.451+0200: 3,376: Total time for which application threads were stopped: 0,0150025 seconds, Stopping threads took: 0,0000210 seconds
2016-10-07T15:47:55.453+0200: 3,378: [Full GC (Allocation Failure)  125833K->120106K(126720K), 0,0135370 secs]
2016-10-07T15:47:55.467+0200: 3,392: Total time for which application threads were stopped: 0,0141856 seconds, Stopping threads took: 0,0000212 seconds
2016-10-07T15:47:55.467+0200: 3,392: [GC (CMS Initial Mark)  121132K(126720K), 0,0004020 secs]
2016-10-07T15:47:55.468+0200: 3,392: Total time for which application threads were stopped: 0,0006928 seconds, Stopping threads took: 0,0002378 seconds
2016-10-07T15:47:55.474+0200: 3,399: [Full GC (Allocation Failure)  126378K->123178K(126720K), 0,0099773 secs]
2016-10-07T15:47:55.485+0200: 3,409: Total time for which application threads were stopped: 0,0150533 seconds, Stopping threads took: 0,0000686 seconds
2016-10-07T15:47:55.485+0200: 3,410: [Full GC (Allocation Failure)  126271K->124214K(126720K), 0,0134510 secs]
2016-10-07T15:47:55.499+0200: 3,424: Total time for which application threads were stopped: 0,0141592 seconds, Stopping threads took: 0,0000308 seconds
2016-10-07T15:47:55.500+0200: 3,425: [Full GC (Allocation Failure)  126270K->125239K(126720K), 0,0088859 secs]
2016-10-07T15:47:55.509+0200: 3,434: Total time for which application threads were stopped: 0,0094354 seconds, Stopping threads took: 0,0000351 seconds
2016-10-07T15:47:55.510+0200: 3,434: [Full GC (Allocation Failure)  126267K->126252K(126720K), 0,0065782 secs]
2016-10-07T15:47:55.516+0200: 3,441: [Full GC (Allocation Failure)  126252K->126250K(126720K), 0,0193570 secs]
2016-10-07T15:47:55.536+0200: 3,461: Total time for which application threads were stopped: 0,0267319 seconds, Stopping threads took: 0,0000329 seconds
2016-10-07T15:47:55.537+0200: 3,461: [GC (CMS Initial Mark)  126252K(126720K), 0,0015077 secs]
2016-10-07T15:47:55.538+0200: 3,463: Total time for which application threads were stopped: 0,0018395 seconds, Stopping threads took: 0,0001930 seconds
2016-10-07T15:47:55.542+0200: 3,467: [Full GC (Allocation Failure)  126252K->2345K(126720K), 0,0085178 secs]
2016-10-07T15:47:55.551+0200: 3,476: Total time for which application threads were stopped: 0,0125856 seconds, Stopping threads took: 0,0002263 seconds
2016-10-07T15:47:55.560+0200: 3,485: [GC (Allocation Failure)  36580K->20794K(126720K), 0,0066232 secs]
2016-10-07T15:47:55.567+0200: 3,492: Total time for which application threads were stopped: 0,0068792 seconds, Stopping threads took: 0,0000234 seconds
2016-10-07T15:47:55.574+0200: 3,498: [GC (Allocation Failure)  55061K->37186K(126720K), 0,0053327 secs]
2016-10-07T15:47:55.579+0200: 3,504: Total time for which application threads were stopped: 0,0055727 seconds, Stopping threads took: 0,0000207 seconds
2016-10-07T15:47:55.584+0200: 3,509: [GC (Allocation Failure)  71536K->54594K(126720K), 0,0074503 secs]
2016-10-07T15:47:55.594+0200: 3,518: Total time for which application threads were stopped: 0,0095142 seconds, Stopping threads took: 0,0000204 seconds
2016-10-07T15:47:55.595+0200: 3,520: [GC (CMS Initial Mark)  62374K(126720K), 0,0004943 secs]
2016-10-07T15:47:55.596+0200: 3,521: Total time for which application threads were stopped: 0,0006667 seconds, Stopping threads took: 0,0000868 seconds
2016-10-07T15:47:55.600+0200: 3,525: [GC (Allocation Failure)  88998K->70976K(126720K), 0,0056444 secs]
2016-10-07T15:47:55.606+0200: 3,530: Total time for which application threads were stopped: 0,0058550 seconds, Stopping threads took: 0,0000221 seconds
2016-10-07T15:47:55.611+0200: 3,535: [GC (Allocation Failure)  105415K->88387K(126720K), 0,0113792 secs]
2016-10-07T15:47:55.622+0200: 3,547: Total time for which application threads were stopped: 0,0116143 seconds, Stopping threads took: 0,0000218 seconds
2016-10-07T15:47:55.624+0200: 3,548: [GC (CMS Final Remark)  93150K(126720K), 0,0053520 secs]
2016-10-07T15:47:55.629+0200: 3,554: Total time for which application threads were stopped: 0,0056001 seconds, Stopping threads took: 0,0001374 seconds
2016-10-07T15:47:55.635+0200: 3,560: [Full GC (Allocation Failure)  121838K->103722K(126720K), 0,0324458 secs]
2016-10-07T15:47:55.667+0200: 3,592: Total time for which application threads were stopped: 0,0330458 seconds, Stopping threads took: 0,0000221 seconds
2016-10-07T15:47:55.668+0200: 3,593: [GC (CMS Initial Mark)  104748K(126720K), 0,0010483 secs]
2016-10-07T15:47:55.669+0200: 3,594: Total time for which application threads were stopped: 0,0012609 seconds, Stopping threads took: 0,0001696 seconds
2016-10-07T15:47:55.673+0200: 3,598: [Full GC (Allocation Failure)  125931K->114986K(126720K), 0,0165669 secs]
2016-10-07T15:47:55.690+0200: 3,615: Total time for which application threads were stopped: 0,0180491 seconds, Stopping threads took: 0,0000242 seconds
2016-10-07T15:47:55.692+0200: 3,617: [Full GC (Allocation Failure)  125833K->120106K(126720K), 0,0107571 secs]
2016-10-07T15:47:55.703+0200: 3,628: Total time for which application threads were stopped: 0,0113785 seconds, Stopping threads took: 0,0000350 seconds
2016-10-07T15:47:55.704+0200: 3,628: [GC (CMS Initial Mark)  121132K(126720K), 0,0003488 secs]
2016-10-07T15:47:55.704+0200: 3,629: Total time for which application threads were stopped: 0,0005078 seconds, Stopping threads took: 0,0001116 seconds
2016-10-07T15:47:55.710+0200: 3,635: [Full GC (Allocation Failure)  126392K->123188K(126720K), 0,0136091 secs]
2016-10-07T15:47:55.724+0200: 3,649: Total time for which application threads were stopped: 0,0167018 seconds, Stopping threads took: 0,0000678 seconds
2016-10-07T15:47:55.726+0200: 3,650: [Full GC (Allocation Failure)  126291K->124202K(126720K), 0,0078598 secs]
2016-10-07T15:47:55.734+0200: 3,659: Total time for which application threads were stopped: 0,0084196 seconds, Stopping threads took: 0,0000810 seconds
2016-10-07T15:47:55.734+0200: 3,659: [GC (CMS Initial Mark)  125228K(126720K), 0,0002375 secs]
2016-10-07T15:47:55.734+0200: 3,659: Total time for which application threads were stopped: 0,0003983 seconds, Stopping threads took: 0,0001207 seconds
2016-10-07T15:47:55.737+0200: 3,662: [Full GC (Allocation Failure)  126252K->125228K(126720K), 0,0070073 secs]
2016-10-07T15:47:55.745+0200: 3,670: Total time for which application threads were stopped: 0,0103192 seconds, Stopping threads took: 0,0000346 seconds
2016-10-07T15:47:55.746+0200: 3,671: [Full GC (Allocation Failure)  126256K->126254K(126720K), 0,0082379 secs]
2016-10-07T15:47:55.754+0200: 3,679: [Full GC (Allocation Failure)  126254K->126251K(126720K), 0,0197713 secs]
2016-10-07T15:47:55.774+0200: 3,699: Total time for which application threads were stopped: 0,0293672 seconds, Stopping threads took: 0,0000839 seconds
2016-10-07T15:47:55.775+0200: 3,700: [GC (CMS Initial Mark)  126255K(126720K), 0,0005384 secs]
2016-10-07T15:47:55.775+0200: 3,700: Total time for which application threads were stopped: 0,0007943 seconds, Stopping threads took: 0,0001922 seconds
2016-10-07T15:47:55.779+0200: 3,704: [Full GC (Allocation Failure)  126259K->2349K(126720K), 0,0085620 secs]
2016-10-07T15:47:55.788+0200: 3,713: Total time for which application threads were stopped: 0,0122475 seconds, Stopping threads took: 0,0000508 seconds
2016-10-07T15:47:55.793+0200: 3,718: [GC (Allocation Failure)  36579K->20793K(126720K), 0,0046960 secs]
2016-10-07T15:47:55.798+0200: 3,723: Total time for which application threads were stopped: 0,0049525 seconds, Stopping threads took: 0,0000372 seconds
2016-10-07T15:47:55.803+0200: 3,728: [GC (Allocation Failure)  55061K->37184K(126720K), 0,0051549 secs]
2016-10-07T15:47:55.809+0200: 3,733: Total time for which application threads were stopped: 0,0054151 seconds, Stopping threads took: 0,0000242 seconds
2016-10-07T15:47:55.813+0200: 3,738: [GC (Allocation Failure)  71537K->54594K(126720K), 0,0073106 secs]
2016-10-07T15:47:55.821+0200: 3,746: Total time for which application threads were stopped: 0,0076224 seconds, Stopping threads took: 0,0000189 seconds
2016-10-07T15:47:55.821+0200: 3,746: [GC (CMS Initial Mark)  55620K(126720K), 0,0008132 secs]
2016-10-07T15:47:55.822+0200: 3,747: Total time for which application threads were stopped: 0,0012133 seconds, Stopping threads took: 0,0002948 seconds
2016-10-07T15:47:55.834+0200: 3,758: [GC (Allocation Failure)  88998K->70977K(126720K), 0,0046244 secs]
2016-10-07T15:47:55.838+0200: 3,763: Total time for which application threads were stopped: 0,0048065 seconds, Stopping threads took: 0,0000346 seconds
2016-10-07T15:47:55.850+0200: 3,774: [GC (Allocation Failure)  105414K->88395K(126720K), 0,0068427 secs]
2016-10-07T15:47:55.856+0200: 3,781: Total time for which application threads were stopped: 0,0084994 seconds, Stopping threads took: 0,0015178 seconds
2016-10-07T15:47:55.859+0200: 3,784: [GC (CMS Final Remark)  112617K(126720K), 0,0023305 secs]
2016-10-07T15:47:55.862+0200: 3,787: Total time for which application threads were stopped: 0,0024557 seconds, Stopping threads took: 0,0000544 seconds
2016-10-07T15:47:55.864+0200: 3,788: [Full GC (Allocation Failure)  121839K->103732K(126720K), 0,0298078 secs]
2016-10-07T15:47:55.894+0200: 3,818: Total time for which application threads were stopped: 0,0303463 seconds, Stopping threads took: 0,0000804 seconds
2016-10-07T15:47:55.894+0200: 3,819: [GC (CMS Initial Mark)  104758K(126720K), 0,0004646 secs]
2016-10-07T15:47:55.894+0200: 3,819: Total time for which application threads were stopped: 0,0006409 seconds, Stopping threads took: 0,0000917 seconds
2016-10-07T15:47:55.899+0200: 3,824: [Full GC (Allocation Failure)  125948K->114986K(126720K), 0,0311083 secs]
2016-10-07T15:47:55.931+0200: 3,856: Total time for which application threads were stopped: 0,0329503 seconds, Stopping threads took: 0,0000290 seconds
2016-10-07T15:47:55.934+0200: 3,858: [Full GC (Allocation Failure)  125833K->120106K(126720K), 0,0108467 secs]
2016-10-07T15:47:55.945+0200: 3,870: Total time for which application threads were stopped: 0,0114959 seconds, Stopping threads took: 0,0000217 seconds
2016-10-07T15:47:55.946+0200: 3,871: [GC (CMS Initial Mark)  121133K(126720K), 0,0006714 secs]
2016-10-07T15:47:55.946+0200: 3,871: Total time for which application threads were stopped: 0,0013779 seconds, Stopping threads took: 0,0006019 seconds
2016-10-07T15:47:55.951+0200: 3,876: [Full GC (Allocation Failure)  126378K->123180K(126720K), 0,0104918 secs]
2016-10-07T15:47:55.962+0200: 3,887: Total time for which application threads were stopped: 0,0139210 seconds, Stopping threads took: 0,0000273 seconds
2016-10-07T15:47:55.963+0200: 3,887: [Full GC (Allocation Failure)  126269K->124213K(126720K), 0,0096026 secs]
2016-10-07T15:47:55.972+0200: 3,897: Total time for which application threads were stopped: 0,0101283 seconds, Stopping threads took: 0,0000273 seconds
2016-10-07T15:47:55.973+0200: 3,898: [GC (CMS Initial Mark)  125241K(126720K), 0,0005398 secs]
2016-10-07T15:47:55.973+0200: 3,898: Total time for which application threads were stopped: 0,0006220 seconds, Stopping threads took: 0,0000391 seconds
2016-10-07T15:47:55.978+0200: 3,902: [Full GC (Allocation Failure)  126267K->125240K(126720K), 0,0096391 secs]
2016-10-07T15:47:55.987+0200: 3,912: Total time for which application threads were stopped: 0,0139909 seconds, Stopping threads took: 0,0000616 seconds
2016-10-07T15:47:55.988+0200: 3,913: [Full GC (Allocation Failure)  126266K->126263K(126720K), 0,0088161 secs]
2016-10-07T15:47:55.997+0200: 3,922: [Full GC (Allocation Failure)  126263K->126260K(126720K), 0,0171236 secs]
2016-10-07T15:47:56.015+0200: 3,940: Total time for which application threads were stopped: 0,0269627 seconds, Stopping threads took: 0,0000591 seconds
2016-10-07T15:47:56.015+0200: 3,940: [GC (CMS Initial Mark)  126262K(126720K), 0,0004349 secs]
2016-10-07T15:47:56.015+0200: 3,940: Total time for which application threads were stopped: 0,0005332 seconds, Stopping threads took: 0,0000557 seconds
2016-10-07T15:47:56.019+0200: 3,944: [Full GC (Allocation Failure)  126262K->2355K(126720K), 0,0093526 secs]
2016-10-07T15:47:56.028+0200: 3,953: Total time for which application threads were stopped: 0,0129344 seconds, Stopping threads took: 0,0000492 seconds
2016-10-07T15:47:56.035+0200: 3,960: [GC (Allocation Failure)  36614K->20808K(126720K), 0,0055436 secs]
2016-10-07T15:47:56.041+0200: 3,965: Total time for which application threads were stopped: 0,0058115 seconds, Stopping threads took: 0,0000714 seconds
2016-10-07T15:47:56.047+0200: 3,972: [GC (Allocation Failure)  55082K->37191K(126720K), 0,0050778 secs]
2016-10-07T15:47:56.052+0200: 3,977: Total time for which application threads were stopped: 0,0052457 seconds, Stopping threads took: 0,0000196 seconds
2016-10-07T15:47:56.060+0200: 3,985: [GC (Allocation Failure)  71542K->54595K(126720K), 0,0072396 secs]
2016-10-07T15:47:56.068+0200: 3,993: Total time for which application threads were stopped: 0,0076822 seconds, Stopping threads took: 0,0001467 seconds
2016-10-07T15:47:56.068+0200: 3,993: [GC (CMS Initial Mark)  55621K(126720K), 0,0003811 secs]
2016-10-07T15:47:56.068+0200: 3,993: Total time for which application threads were stopped: 0,0006837 seconds, Stopping threads took: 0,0002364 seconds
2016-10-07T15:47:56.074+0200: 3,999: [GC (Allocation Failure)  88998K->70981K(126720K), 0,0049996 secs]
2016-10-07T15:47:56.079+0200: 4,004: Total time for which application threads were stopped: 0,0052090 seconds, Stopping threads took: 0,0000210 seconds
2016-10-07T15:47:56.084+0200: 4,009: [GC (Allocation Failure)  105419K->88387K(126720K), 0,0070927 secs]
2016-10-07T15:47:56.091+0200: 4,016: Total time for which application threads were stopped: 0,0073071 seconds, Stopping threads took: 0,0000226 seconds
2016-10-07T15:47:56.092+0200: 4,017: [GC (CMS Final Remark)  89413K(126720K), 0,0029996 secs]
2016-10-07T15:47:56.095+0200: 4,020: Total time for which application threads were stopped: 0,0032530 seconds, Stopping threads took: 0,0001973 seconds
2016-10-07T15:47:56.103+0200: 4,028: [Full GC (Allocation Failure)  121837K->103722K(126720K), 0,0341937 secs]
2016-10-07T15:47:56.137+0200: 4,062: Total time for which application threads were stopped: 0,0351257 seconds, Stopping threads took: 0,0000399 seconds
2016-10-07T15:47:56.138+0200: 4,062: [GC (CMS Initial Mark)  104748K(126720K), 0,0010618 secs]
2016-10-07T15:47:56.139+0200: 4,064: Total time for which application threads were stopped: 0,0013913 seconds, Stopping threads took: 0,0001763 seconds
2016-10-07T15:47:56.140+0200: 4,064: Total time for which application threads were stopped: 0,0003077 seconds, Stopping threads took: 0,0000707 seconds
2016-10-07T15:47:56.149+0200: 4,074: [GC (CMS Final Remark)  122861K(126720K), 0,0027526 secs]
2016-10-07T15:47:56.151+0200: 4,076: Total time for which application threads were stopped: 0,0029279 seconds, Stopping threads took: 0,0001059 seconds
2016-10-07T15:47:56.152+0200: 4,077: [Full GC (Allocation Failure)  125933K->114986K(126720K), 0,0126274 secs]
2016-10-07T15:47:56.165+0200: 4,090: Total time for which application threads were stopped: 0,0134863 seconds, Stopping threads took: 0,0000152 seconds
2016-10-07T15:47:56.167+0200: 4,092: [Full GC (Allocation Failure)  125852K->120106K(126720K), 0,0121840 secs]
2016-10-07T15:47:56.180+0200: 4,105: Total time for which application threads were stopped: 0,0127476 seconds, Stopping threads took: 0,0000469 seconds
2016-10-07T15:47:56.180+0200: 4,105: [GC (CMS Initial Mark)  121133K(126720K), 0,0005911 secs]
2016-10-07T15:47:56.181+0200: 4,105: Total time for which application threads were stopped: 0,0007919 seconds, Stopping threads took: 0,0001595 seconds
2016-10-07T15:47:56.186+0200: 4,111: [Full GC (Allocation Failure)  126378K->123179K(126720K), 0,0137719 secs]
2016-10-07T15:47:56.200+0200: 4,125: Total time for which application threads were stopped: 0,0149687 seconds, Stopping threads took: 0,0000300 seconds
2016-10-07T15:47:56.202+0200: 4,127: [Full GC (Allocation Failure)  126277K->124203K(126720K), 0,0152155 secs]
2016-10-07T15:47:56.218+0200: 4,142: Total time for which application threads were stopped: 0,0158249 seconds, Stopping threads took: 0,0000293 seconds
2016-10-07T15:47:56.218+0200: 4,143: [Full GC (Allocation Failure)  126263K->125234K(126720K), 0,0116133 secs]
2016-10-07T15:47:56.230+0200: 4,155: Total time for which application threads were stopped: 0,0122312 seconds, Stopping threads took: 0,0000521 seconds
2016-10-07T15:47:56.230+0200: 4,155: [GC (CMS Initial Mark)  126262K(126720K), 0,0004719 secs]
2016-10-07T15:47:56.231+0200: 4,156: Total time for which application threads were stopped: 0,0006098 seconds, Stopping threads took: 0,0000739 seconds
2016-10-07T15:47:56.234+0200: 4,159: [Full GC (Allocation Failure)  126264K->126261K(126720K), 0,0109523 secs]
2016-10-07T15:47:56.246+0200: 4,171: [Full GC (Allocation Failure)  126261K->126258K(126720K), 0,0154685 secs]
2016-10-07T15:47:56.261+0200: 4,186: Total time for which application threads were stopped: 0,0304398 seconds, Stopping threads took: 0,0000494 seconds
2016-10-07T15:47:56.262+0200: 4,187: [Full GC (Allocation Failure)  126305K->2352K(126720K), 0,0066851 secs]
2016-10-07T15:47:56.269+0200: 4,194: Total time for which application threads were stopped: 0,0071213 seconds, Stopping threads took: 0,0000587 seconds
2016-10-07T15:47:56.274+0200: 4,199: [GC (Allocation Failure)  36605K->20795K(126720K), 0,0036169 secs]
2016-10-07T15:47:56.278+0200: 4,203: Total time for which application threads were stopped: 0,0037992 seconds, Stopping threads took: 0,0000176 seconds
2016-10-07T15:47:56.284+0200: 4,209: [GC (Allocation Failure)  55062K->37186K(126720K), 0,0050100 secs]
2016-10-07T15:47:56.289+0200: 4,214: Total time for which application threads were stopped: 0,0055057 seconds, Stopping threads took: 0,0000186 seconds
2016-10-07T15:47:56.298+0200: 4,223: [GC (Allocation Failure)  71537K->54593K(126720K), 0,0080789 secs]
2016-10-07T15:47:56.307+0200: 4,231: Total time for which application threads were stopped: 0,0082785 seconds, Stopping threads took: 0,0000287 seconds
2016-10-07T15:47:56.307+0200: 4,232: [GC (CMS Initial Mark)  55619K(126720K), 0,0002338 secs]
2016-10-07T15:47:56.307+0200: 4,232: Total time for which application threads were stopped: 0,0004059 seconds, Stopping threads took: 0,0001231 seconds
2016-10-07T15:47:56.312+0200: 4,237: [GC (Allocation Failure)  88996K->70979K(126720K), 0,0054062 secs]
2016-10-07T15:47:56.317+0200: 4,242: Total time for which application threads were stopped: 0,0056083 seconds, Stopping threads took: 0,0000230 seconds
2016-10-07T15:47:56.322+0200: 4,247: [GC (Allocation Failure)  105417K->88385K(126720K), 0,0160276 secs]
2016-10-07T15:47:56.338+0200: 4,263: Total time for which application threads were stopped: 0,0162401 seconds, Stopping threads took: 0,0000222 seconds
2016-10-07T15:47:56.338+0200: 4,263: [GC (CMS Final Remark)  89411K(126720K), 0,0062744 secs]
2016-10-07T15:47:56.345+0200: 4,270: Total time for which application threads were stopped: 0,0064999 seconds, Stopping threads took: 0,0001377 seconds
2016-10-07T15:47:56.352+0200: 4,277: [Full GC (Allocation Failure)  121836K->103722K(126720K), 0,0381767 secs]
2016-10-07T15:47:56.390+0200: 4,315: Total time for which application threads were stopped: 0,0388146 seconds, Stopping threads took: 0,0000237 seconds
2016-10-07T15:47:56.393+0200: 4,318: [GC (CMS Initial Mark)  121835K(126720K), 0,0003430 secs]
2016-10-07T15:47:56.393+0200: 4,318: Total time for which application threads were stopped: 0,0004187 seconds, Stopping threads took: 0,0000179 seconds
2016-10-07T15:47:56.397+0200: 4,322: [Full GC (Allocation Failure)  125931K->114986K(126720K), 0,0126552 secs]
2016-10-07T15:47:56.410+0200: 4,335: Total time for which application threads were stopped: 0,0163137 seconds, Stopping threads took: 0,0000178 seconds
2016-10-07T15:47:56.412+0200: 4,336: [Full GC (Allocation Failure)  125833K->120106K(126720K), 0,0123702 secs]
2016-10-07T15:47:56.425+0200: 4,350: Total time for which application threads were stopped: 0,0137917 seconds, Stopping threads took: 0,0000170 seconds
2016-10-07T15:47:56.427+0200: 4,352: [GC (CMS Initial Mark)  122282K(126720K), 0,0012762 secs]
2016-10-07T15:47:56.428+0200: 4,353: Total time for which application threads were stopped: 0,0016642 seconds, Stopping threads took: 0,0002900 seconds
2016-10-07T15:47:56.434+0200: 4,359: [Full GC (Allocation Failure)  126395K->123189K(126720K), 0,0109894 secs]
2016-10-07T15:47:56.446+0200: 4,371: Total time for which application threads were stopped: 0,0128353 seconds, Stopping threads took: 0,0000301 seconds
2016-10-07T15:47:56.446+0200: 4,371: [Full GC (Allocation Failure)  126269K->124215K(126720K), 0,0107646 secs]
2016-10-07T15:47:56.457+0200: 4,382: Total time for which application threads were stopped: 0,0113217 seconds, Stopping threads took: 0,0000522 seconds
2016-10-07T15:47:56.458+0200: 4,383: [Full GC (Allocation Failure)  126269K->125228K(126720K), 0,0095836 secs]
2016-10-07T15:47:56.468+0200: 4,393: Total time for which application threads were stopped: 0,0101133 seconds, Stopping threads took: 0,0000235 seconds
2016-10-07T15:47:56.468+0200: 4,393: [Full GC (Allocation Failure)  126259K->126255K(126720K), 0,0090737 secs]
2016-10-07T15:47:56.478+0200: 4,403: [Full GC (Allocation Failure)  126255K->126252K(126720K), 0,0214198 secs]
2016-10-07T15:47:56.500+0200: 4,425: Total time for which application threads were stopped: 0,0316180 seconds, Stopping threads took: 0,0000557 seconds
2016-10-07T15:47:56.500+0200: 4,425: [GC (CMS Initial Mark)  126256K(126720K), 0,0002932 secs]
2016-10-07T15:47:56.500+0200: 4,425: Total time for which application threads were stopped: 0,0004097 seconds, Stopping threads took: 0,0000724 seconds
2016-10-07T15:47:56.504+0200: 4,429: [Full GC (Allocation Failure)  126261K->2350K(126720K), 0,0064819 secs]
2016-10-07T15:47:56.511+0200: 4,436: Total time for which application threads were stopped: 0,0107768 seconds, Stopping threads took: 0,0000337 seconds
2016-10-07T15:47:56.517+0200: 4,441: [GC (Allocation Failure)  36598K->20795K(126720K), 0,0049945 secs]
2016-10-07T15:47:56.522+0200: 4,447: Total time for which application threads were stopped: 0,0053290 seconds, Stopping threads took: 0,0000744 seconds
2016-10-07T15:47:56.529+0200: 4,454: [GC (Allocation Failure)  55062K->37184K(126720K), 0,0040242 secs]
2016-10-07T15:47:56.533+0200: 4,458: Total time for which application threads were stopped: 0,0041841 seconds, Stopping threads took: 0,0000190 seconds
2016-10-07T15:47:56.539+0200: 4,464: [GC (Allocation Failure)  71534K->54595K(126720K), 0,0053173 secs]
2016-10-07T15:47:56.545+0200: 4,470: Total time for which application threads were stopped: 0,0057592 seconds, Stopping threads took: 0,0000892 seconds
2016-10-07T15:47:56.547+0200: 4,472: [GC (CMS Initial Mark)  74663K(126720K), 0,0015000 secs]
2016-10-07T15:47:56.549+0200: 4,474: Total time for which application threads were stopped: 0,0017043 seconds, Stopping threads took: 0,0001294 seconds
2016-10-07T15:47:56.553+0200: 4,478: [GC (Allocation Failure)  88999K->70979K(126720K), 0,0056126 secs]
2016-10-07T15:47:56.559+0200: 4,484: Total time for which application threads were stopped: 0,0061380 seconds, Stopping threads took: 0,0000531 seconds
2016-10-07T15:47:56.568+0200: 4,493: [GC (Allocation Failure)  105417K->88385K(126720K), 0,0059795 secs]
2016-10-07T15:47:56.574+0200: 4,499: Total time for which application threads were stopped: 0,0062179 seconds, Stopping threads took: 0,0000272 seconds
2016-10-07T15:47:56.575+0200: 4,500: [GC (CMS Final Remark)  89431K(126720K), 0,0062609 secs]
2016-10-07T15:47:56.581+0200: 4,506: Total time for which application threads were stopped: 0,0065576 seconds, Stopping threads took: 0,0001451 seconds
2016-10-07T15:47:56.587+0200: 4,512: [Full GC (Allocation Failure)  121835K->103722K(126720K), 0,0357253 secs]
2016-10-07T15:47:56.623+0200: 4,548: Total time for which application threads were stopped: 0,0363395 seconds, Stopping threads took: 0,0000262 seconds
2016-10-07T15:47:56.623+0200: 4,548: [GC (CMS Initial Mark)  104748K(126720K), 0,0003489 secs]
2016-10-07T15:47:56.623+0200: 4,548: Total time for which application threads were stopped: 0,0005313 seconds, Stopping threads took: 0,0001324 seconds
2016-10-07T15:47:56.635+0200: 4,560: [Full GC (Allocation Failure)  125930K->114987K(126720K), 0,0113451 secs]
2016-10-07T15:47:56.647+0200: 4,572: Total time for which application threads were stopped: 0,0127595 seconds, Stopping threads took: 0,0000187 seconds
2016-10-07T15:47:56.648+0200: 4,573: [Full GC (Allocation Failure)  125833K->120107K(126720K), 0,0113193 secs]
2016-10-07T15:47:56.660+0200: 4,585: Total time for which application threads were stopped: 0,0118405 seconds, Stopping threads took: 0,0000168 seconds
2016-10-07T15:47:56.660+0200: 4,585: [GC (CMS Initial Mark)  121135K(126720K), 0,0005091 secs]
2016-10-07T15:47:56.661+0200: 4,585: Total time for which application threads were stopped: 0,0006949 seconds, Stopping threads took: 0,0001248 seconds
2016-10-07T15:47:56.665+0200: 4,590: [Full GC (Allocation Failure)  126390K->123189K(126720K), 0,0117722 secs]
2016-10-07T15:47:56.677+0200: 4,602: Total time for which application threads were stopped: 0,0155476 seconds, Stopping threads took: 0,0000242 seconds
2016-10-07T15:47:56.678+0200: 4,603: [Full GC (Allocation Failure)  126269K->124215K(126720K), 0,0124309 secs]
2016-10-07T15:47:56.690+0200: 4,615: Total time for which application threads were stopped: 0,0129952 seconds, Stopping threads took: 0,0000757 seconds
2016-10-07T15:47:56.691+0200: 4,616: [GC (CMS Initial Mark)  125241K(126720K), 0,0003905 secs]
2016-10-07T15:47:56.691+0200: 4,616: Total time for which application threads were stopped: 0,0006483 seconds, Stopping threads took: 0,0001880 seconds
2016-10-07T15:47:56.695+0200: 4,620: [Full GC (Allocation Failure)  126311K->125227K(126720K), 0,0129269 secs]
2016-10-07T15:47:56.709+0200: 4,633: Total time for which application threads were stopped: 0,0152679 seconds, Stopping threads took: 0,0000220 seconds
2016-10-07T15:47:56.709+0200: 4,634: [Full GC (Allocation Failure)  126255K->126253K(126720K), 0,0093187 secs]
2016-10-07T15:47:56.719+0200: 4,644: [Full GC (Allocation Failure)  126253K->126250K(126720K), 0,0198172 secs]
2016-10-07T15:47:56.739+0200: 4,664: Total time for which application threads were stopped: 0,0300724 seconds, Stopping threads took: 0,0000238 seconds
2016-10-07T15:47:56.739+0200: 4,664: [GC (CMS Initial Mark)  126252K(126720K), 0,0003571 secs]
2016-10-07T15:47:56.739+0200: 4,664: Total time for which application threads were stopped: 0,0004678 seconds, Stopping threads took: 0,0000812 seconds
2016-10-07T15:47:56.742+0200: 4,667: [Full GC (Allocation Failure)  126252K->2345K(126720K), 0,0066018 secs]
2016-10-07T15:47:56.749+0200: 4,673: Total time for which application threads were stopped: 0,0091452 seconds, Stopping threads took: 0,0000114 seconds
2016-10-07T15:47:56.753+0200: 4,678: [GC (Allocation Failure)  36558K->20796K(126720K), 0,0036163 secs]
2016-10-07T15:47:56.757+0200: 4,682: Total time for which application threads were stopped: 0,0038180 seconds, Stopping threads took: 0,0000610 seconds
2016-10-07T15:47:56.761+0200: 4,686: [GC (Allocation Failure)  55063K->37186K(126720K), 0,0042285 secs]
2016-10-07T15:47:56.766+0200: 4,690: Total time for which application threads were stopped: 0,0043962 seconds, Stopping threads took: 0,0000270 seconds
2016-10-07T15:47:56.771+0200: 4,696: [GC (Allocation Failure)  71536K->54593K(126720K), 0,0122196 secs]
2016-10-07T15:47:56.783+0200: 4,708: Total time for which application threads were stopped: 0,0126831 seconds, Stopping threads took: 0,0000894 seconds
2016-10-07T15:47:56.783+0200: 4,708: [GC (CMS Initial Mark)  55619K(126720K), 0,0003271 secs]
2016-10-07T15:47:56.784+0200: 4,709: Total time for which application threads were stopped: 0,0005278 seconds, Stopping threads took: 0,0001476 seconds
2016-10-07T15:47:56.789+0200: 4,714: [GC (Allocation Failure)  88996K->70979K(126720K), 0,0098304 secs]
2016-10-07T15:47:56.799+0200: 4,724: Total time for which application threads were stopped: 0,0101063 seconds, Stopping threads took: 0,0000434 seconds
2016-10-07T15:47:56.804+0200: 4,729: [GC (Allocation Failure)  105416K->88385K(126720K), 0,0068148 secs]
2016-10-07T15:47:56.811+0200: 4,736: Total time for which application threads were stopped: 0,0070645 seconds, Stopping threads took: 0,0000432 seconds
2016-10-07T15:47:56.815+0200: 4,740: [GC (CMS Final Remark)  103388K(126720K), 0,0036314 secs]
2016-10-07T15:47:56.819+0200: 4,744: Total time for which application threads were stopped: 0,0038153 seconds, Stopping threads took: 0,0001074 seconds
2016-10-07T15:47:56.823+0200: 4,747: [Full GC (Allocation Failure)  121836K->103722K(126720K), 0,0348242 secs]
2016-10-07T15:47:56.858+0200: 4,782: Total time for which application threads were stopped: 0,0353845 seconds, Stopping threads took: 0,0000354 seconds
2016-10-07T15:47:56.858+0200: 4,783: [GC (CMS Initial Mark)  104748K(126720K), 0,0002547 secs]
2016-10-07T15:47:56.858+0200: 4,783: Total time for which application threads were stopped: 0,0004209 seconds, Stopping threads took: 0,0001306 seconds
2016-10-07T15:47:56.861+0200: 4,786: [Full GC (Allocation Failure)  125930K->114987K(126720K), 0,0092044 secs]
2016-10-07T15:47:56.871+0200: 4,796: Total time for which application threads were stopped: 0,0102567 seconds, Stopping threads took: 0,0000154 seconds
2016-10-07T15:47:56.875+0200: 4,800: [Full GC (Allocation Failure)  125833K->120107K(126720K), 0,0080744 secs]
2016-10-07T15:47:56.884+0200: 4,809: Total time for which application threads were stopped: 0,0089270 seconds, Stopping threads took: 0,0000823 seconds
2016-10-07T15:47:56.884+0200: 4,809: [GC (CMS Initial Mark)  122282K(126720K), 0,0002198 secs]
2016-10-07T15:47:56.884+0200: 4,809: Total time for which application threads were stopped: 0,0002722 seconds, Stopping threads took: 0,0000088 seconds
2016-10-07T15:47:56.889+0200: 4,814: [Full GC (Allocation Failure)  126391K->123189K(126720K), 0,0117041 secs]
2016-10-07T15:47:56.901+0200: 4,826: Total time for which application threads were stopped: 0,0164820 seconds, Stopping threads took: 0,0000154 seconds
2016-10-07T15:47:56.902+0200: 4,827: [Full GC (Allocation Failure)  126267K->124215K(126720K), 0,0111465 secs]
2016-10-07T15:47:56.914+0200: 4,838: Total time for which application threads were stopped: 0,0117602 seconds, Stopping threads took: 0,0000613 seconds
2016-10-07T15:47:56.914+0200: 4,839: [GC (CMS Initial Mark)  125241K(126720K), 0,0004392 secs]
2016-10-07T15:47:56.914+0200: 4,839: Total time for which application threads were stopped: 0,0005644 seconds, Stopping threads took: 0,0000653 seconds
2016-10-07T15:47:56.919+0200: 4,843: [Full GC (Allocation Failure)  126269K->125229K(126720K), 0,0139339 secs]
2016-10-07T15:47:56.933+0200: 4,858: Total time for which application threads were stopped: 0,0183384 seconds, Stopping threads took: 0,0000183 seconds
2016-10-07T15:47:56.934+0200: 4,859: [Full GC (Allocation Failure)  126253K->126253K(126720K), 0,0098170 secs]
2016-10-07T15:47:56.944+0200: 4,869: [Full GC (Allocation Failure)  126253K->126250K(126720K), 0,0215529 secs]
2016-10-07T15:47:56.966+0200: 4,891: Total time for which application threads were stopped: 0,0327533 seconds, Stopping threads took: 0,0002850 seconds
2016-10-07T15:47:56.966+0200: 4,891: [GC (CMS Initial Mark)  126250K(126720K), 0,0003116 secs]
2016-10-07T15:47:56.966+0200: 4,891: Total time for which application threads were stopped: 0,0003821 seconds, Stopping threads took: 0,0000269 seconds
2016-10-07T15:47:56.970+0200: 4,895: [Full GC (Allocation Failure)  126252K->2345K(126720K), 0,0097130 secs]
2016-10-07T15:47:56.980+0200: 4,905: Total time for which application threads were stopped: 0,0136355 seconds, Stopping threads took: 0,0000451 seconds
2016-10-07T15:47:56.986+0200: 4,910: [GC (Allocation Failure)  36598K->20796K(126720K), 0,0046122 secs]
2016-10-07T15:47:56.990+0200: 4,915: Total time for which application threads were stopped: 0,0048373 seconds, Stopping threads took: 0,0000305 seconds
2016-10-07T15:47:56.996+0200: 4,921: [GC (Allocation Failure)  55062K->37184K(126720K), 0,0054662 secs]
2016-10-07T15:47:57.001+0200: 4,926: Total time for which application threads were stopped: 0,0057445 seconds, Stopping threads took: 0,0000321 seconds
2016-10-07T15:47:57.006+0200: 4,931: [GC (Allocation Failure)  71534K->54595K(126720K), 0,0101544 secs]
2016-10-07T15:47:57.017+0200: 4,941: Total time for which application threads were stopped: 0,0103740 seconds, Stopping threads took: 0,0000317 seconds
2016-10-07T15:47:57.017+0200: 4,942: [GC (CMS Initial Mark)  55621K(126720K), 0,0011458 secs]
2016-10-07T15:47:57.018+0200: 4,943: Total time for which application threads were stopped: 0,0014108 seconds, Stopping threads took: 0,0001517 seconds
2016-10-07T15:47:57.025+0200: 4,950: [GC (Allocation Failure)  88998K->70977K(126720K), 0,0077779 secs]
2016-10-07T15:47:57.033+0200: 4,958: Total time for which application threads were stopped: 0,0080792 seconds, Stopping threads took: 0,0000320 seconds
2016-10-07T15:47:57.039+0200: 4,964: [GC (Allocation Failure)  105414K->88387K(126720K), 0,0084821 secs]
2016-10-07T15:47:57.047+0200: 4,972: Total time for which application threads were stopped: 0,0087378 seconds, Stopping threads took: 0,0000237 seconds
2016-10-07T15:47:57.048+0200: 4,972: [GC (CMS Final Remark)  89413K(126720K), 0,0054350 secs]
2016-10-07T15:47:57.053+0200: 4,978: Total time for which application threads were stopped: 0,0057136 seconds, Stopping threads took: 0,0001242 seconds
2016-10-07T15:47:57.059+0200: 4,984: [Full GC (Allocation Failure)  121837K->103722K(126720K), 0,0343864 secs]
2016-10-07T15:47:57.094+0200: 5,019: Total time for which application threads were stopped: 0,0348805 seconds, Stopping threads took: 0,0000219 seconds
2016-10-07T15:47:57.094+0200: 5,019: [GC (CMS Initial Mark)  104748K(126720K), 0,0002244 secs]
2016-10-07T15:47:57.094+0200: 5,019: Total time for which application threads were stopped: 0,0003828 seconds, Stopping threads took: 0,0001225 seconds
2016-10-07T15:47:57.099+0200: 5,023: [Full GC (Allocation Failure)  125930K->114987K(126720K), 0,0101341 secs]
2016-10-07T15:47:57.109+0200: 5,034: Total time for which application threads were stopped: 0,0119075 seconds, Stopping threads took: 0,0000206 seconds
2016-10-07T15:47:57.111+0200: 5,036: [Full GC (Allocation Failure)  125833K->120119K(126720K), 0,0149131 secs]
2016-10-07T15:47:57.126+0200: 5,051: Total time for which application threads were stopped: 0,0154895 seconds, Stopping threads took: 0,0000320 seconds
2016-10-07T15:47:57.127+0200: 5,052: [GC (CMS Initial Mark)  122282K(126720K), 0,0004178 secs]
2016-10-07T15:47:57.128+0200: 5,052: Total time for which application threads were stopped: 0,0004780 seconds, Stopping threads took: 0,0000162 seconds
2016-10-07T15:47:57.132+0200: 5,057: [Full GC (Allocation Failure)  126384K->123191K(126720K), 0,0105943 secs]
2016-10-07T15:47:57.143+0200: 5,068: Total time for which application threads were stopped: 0,0145607 seconds, Stopping threads took: 0,0000613 seconds
2016-10-07T15:47:57.146+0200: 5,071: [Full GC (Allocation Failure)  126286K->124215K(126720K), 0,0131482 secs]
2016-10-07T15:47:57.159+0200: 5,084: Total time for which application threads were stopped: 0,0138107 seconds, Stopping threads took: 0,0001098 seconds
2016-10-07T15:47:57.160+0200: 5,085: [GC (CMS Initial Mark)  125246K(126720K), 0,0003209 secs]
2016-10-07T15:47:57.160+0200: 5,085: Total time for which application threads were stopped: 0,0004065 seconds, Stopping threads took: 0,0000282 seconds
2016-10-07T15:47:57.164+0200: 5,089: [Full GC (Allocation Failure)  126291K->125227K(126720K), 0,0109166 secs]
2016-10-07T15:47:57.176+0200: 5,101: Total time for which application threads were stopped: 0,0150191 seconds, Stopping threads took: 0,0000241 seconds
2016-10-07T15:47:57.177+0200: 5,102: [Full GC (Allocation Failure)  126255K->126253K(126720K), 0,0101318 secs]
2016-10-07T15:47:57.188+0200: 5,113: [Full GC (Allocation Failure)  126253K->126250K(126720K), 0,0226102 secs]
2016-10-07T15:47:57.211+0200: 5,135: Total time for which application threads were stopped: 0,0338211 seconds, Stopping threads took: 0,0000461 seconds
2016-10-07T15:47:57.211+0200: 5,136: [GC (CMS Initial Mark)  126256K(126720K), 0,0004148 secs]
2016-10-07T15:47:57.211+0200: 5,136: Total time for which application threads were stopped: 0,0005353 seconds, Stopping threads took: 0,0000804 seconds
2016-10-07T15:47:57.214+0200: 5,139: [Full GC (Allocation Failure)  126262K->2351K(126720K), 0,0069374 secs]
2016-10-07T15:47:57.221+0200: 5,146: Total time for which application threads were stopped: 0,0098441 seconds, Stopping threads took: 0,0000613 seconds
2016-10-07T15:47:57.226+0200: 5,151: [GC (Allocation Failure)  36554K->20796K(126720K), 0,0037653 secs]
2016-10-07T15:47:57.230+0200: 5,155: Total time for which application threads were stopped: 0,0039583 seconds, Stopping threads took: 0,0000319 seconds
2016-10-07T15:47:57.234+0200: 5,159: [GC (Allocation Failure)  55063K->37187K(126720K), 0,0043574 secs]
2016-10-07T15:47:57.239+0200: 5,164: Total time for which application threads were stopped: 0,0045287 seconds, Stopping threads took: 0,0000201 seconds
2016-10-07T15:47:57.243+0200: 5,167: [GC (Allocation Failure)  71536K->54595K(126720K), 0,0040263 secs]
2016-10-07T15:47:57.247+0200: 5,172: Total time for which application threads were stopped: 0,0042006 seconds, Stopping threads took: 0,0000272 seconds
2016-10-07T15:47:57.248+0200: 5,172: [GC (CMS Initial Mark)  61370K(126720K), 0,0005023 secs]
2016-10-07T15:47:57.248+0200: 5,173: Total time for which application threads were stopped: 0,0006403 seconds, Stopping threads took: 0,0000834 seconds
2016-10-07T15:47:57.252+0200: 5,177: [GC (Allocation Failure)  89018K->70977K(126720K), 0,0068639 secs]
2016-10-07T15:47:57.259+0200: 5,184: Total time for which application threads were stopped: 0,0070813 seconds, Stopping threads took: 0,0000198 seconds
2016-10-07T15:47:57.268+0200: 5,193: [GC (Allocation Failure)  105414K->88387K(126720K), 0,0050935 secs]
2016-10-07T15:47:57.274+0200: 5,198: Total time for which application threads were stopped: 0,0052711 seconds, Stopping threads took: 0,0000272 seconds
2016-10-07T15:47:57.274+0200: 5,199: [GC (CMS Final Remark)  89413K(126720K), 0,0040052 secs]
2016-10-07T15:47:57.278+0200: 5,203: Total time for which application threads were stopped: 0,0041824 seconds, Stopping threads took: 0,0001211 seconds
2016-10-07T15:47:57.284+0200: 5,209: [Full GC (Allocation Failure)  121838K->103722K(126720K), 0,0306454 secs]
2016-10-07T15:47:57.315+0200: 5,240: Total time for which application threads were stopped: 0,0313905 seconds, Stopping threads took: 0,0000278 seconds
2016-10-07T15:47:57.316+0200: 5,240: [GC (CMS Initial Mark)  104748K(126720K), 0,0004385 secs]
2016-10-07T15:47:57.316+0200: 5,241: Total time for which application threads were stopped: 0,0006909 seconds, Stopping threads took: 0,0002185 seconds
2016-10-07T15:47:57.321+0200: 5,246: [Full GC (Allocation Failure)  125930K->114987K(126720K), 0,0166914 secs]
2016-10-07T15:47:57.338+0200: 5,263: Total time for which application threads were stopped: 0,0194332 seconds, Stopping threads took: 0,0000268 seconds
2016-10-07T15:47:57.345+0200: 5,270: [Full GC (Allocation Failure)  125833K->120107K(126720K), 0,0130793 secs]
2016-10-07T15:47:57.358+0200: 5,283: Total time for which application threads were stopped: 0,0138051 seconds, Stopping threads took: 0,0000234 seconds
2016-10-07T15:47:57.358+0200: 5,283: [GC (CMS Initial Mark)  121133K(126720K), 0,0003064 secs]
2016-10-07T15:47:57.359+0200: 5,284: Total time for which application threads were stopped: 0,0004777 seconds, Stopping threads took: 0,0001319 seconds
2016-10-07T15:47:57.361+0200: 5,286: [Full GC (Allocation Failure)  126394K->123190K(126720K), 0,0076230 secs]
2016-10-07T15:47:57.369+0200: 5,294: Total time for which application threads were stopped: 0,0098040 seconds, Stopping threads took: 0,0000175 seconds
2016-10-07T15:47:57.370+0200: 5,295: [Full GC (Allocation Failure)  126269K->124215K(126720K), 0,0075388 secs]
2016-10-07T15:47:57.378+0200: 5,303: Total time for which application threads were stopped: 0,0079484 seconds, Stopping threads took: 0,0000194 seconds
2016-10-07T15:47:57.378+0200: 5,303: [GC (CMS Initial Mark)  125241K(126720K), 0,0004518 secs]
2016-10-07T15:47:57.378+0200: 5,303: Total time for which application threads were stopped: 0,0007029 seconds, Stopping threads took: 0,0001936 seconds
2016-10-07T15:47:57.381+0200: 5,306: [Full GC (Allocation Failure)  126265K->125240K(126720K), 0,0074739 secs]
2016-10-07T15:47:57.389+0200: 5,314: Total time for which application threads were stopped: 0,0101022 seconds, Stopping threads took: 0,0000217 seconds
2016-10-07T15:47:57.389+0200: 5,314: [Full GC (Allocation Failure)  126268K->126253K(126720K), 0,0072753 secs]
2016-10-07T15:47:57.397+0200: 5,322: [Full GC (Allocation Failure)  126253K->126250K(126720K), 0,0225026 secs]
2016-10-07T15:47:57.420+0200: 5,344: Total time for which application threads were stopped: 0,0306298 seconds, Stopping threads took: 0,0000442 seconds
2016-10-07T15:47:57.420+0200: 5,345: [GC (CMS Initial Mark)  126252K(126720K), 0,0003462 secs]
2016-10-07T15:47:57.420+0200: 5,345: Total time for which application threads were stopped: 0,0004710 seconds, Stopping threads took: 0,0000499 seconds
2016-10-07T15:47:57.426+0200: 5,350: [Full GC (Allocation Failure)  126252K->2345K(126720K), 0,0119904 secs]
2016-10-07T15:47:57.438+0200: 5,363: Total time for which application threads were stopped: 0,0175614 seconds, Stopping threads took: 0,0000751 seconds
2016-10-07T15:47:57.444+0200: 5,369: [GC (Allocation Failure)  36600K->20794K(126720K), 0,0072486 secs]
2016-10-07T15:47:57.454+0200: 5,378: Total time for which application threads were stopped: 0,0094102 seconds, Stopping threads took: 0,0000293 seconds
2016-10-07T15:47:57.458+0200: 5,383: [GC (Allocation Failure)  55060K->37184K(126720K), 0,0054755 secs]
2016-10-07T15:47:57.464+0200: 5,389: Total time for which application threads were stopped: 0,0057185 seconds, Stopping threads took: 0,0000622 seconds
2016-10-07T15:47:57.471+0200: 5,396: [GC (Allocation Failure)  71534K->54593K(126720K), 0,0072302 secs]
2016-10-07T15:47:57.478+0200: 5,403: Total time for which application threads were stopped: 0,0075385 seconds, Stopping threads took: 0,0000783 seconds
2016-10-07T15:47:57.478+0200: 5,403: [GC (CMS Initial Mark)  55619K(126720K), 0,0002600 secs]
2016-10-07T15:47:57.479+0200: 5,403: Total time for which application threads were stopped: 0,0004226 seconds, Stopping threads took: 0,0001179 seconds
2016-10-07T15:47:57.488+0200: 5,412: [GC (Allocation Failure)  88997K->70979K(126720K), 0,0072007 secs]
2016-10-07T15:47:57.495+0200: 5,420: Total time for which application threads were stopped: 0,0076129 seconds, Stopping threads took: 0,0000943 seconds
2016-10-07T15:47:57.498+0200: 5,422: [GC (CMS Final Remark)  72026K(126720K), 0,0072840 secs]
2016-10-07T15:47:57.505+0200: 5,430: Total time for which application threads were stopped: 0,0074683 seconds, Stopping threads took: 0,0001242 seconds
2016-10-07T15:47:57.509+0200: 5,434: [GC (Allocation Failure)  104406K->87352K(126720K), 0,0055249 secs]
2016-10-07T15:47:57.515+0200: 5,440: Total time for which application threads were stopped: 0,0057269 seconds, Stopping threads took: 0,0000203 seconds
2016-10-07T15:47:57.515+0200: 5,440: [GC (CMS Initial Mark)  88395K(126720K), 0,0002686 secs]
2016-10-07T15:47:57.516+0200: 5,441: Total time for which application threads were stopped: 0,0004488 seconds, Stopping threads took: 0,0001354 seconds
2016-10-07T15:47:57.519+0200: 5,444: [GC (CMS Final Remark)  90063K(126720K), 0,0064452 secs]
2016-10-07T15:47:57.525+0200: 5,450: Total time for which application threads were stopped: 0,0066312 seconds, Stopping threads took: 0,0001020 seconds
2016-10-07T15:47:57.533+0200: 5,458: [Full GC (Allocation Failure)  121836K->103722K(126720K), 0,0294234 secs]
2016-10-07T15:47:57.563+0200: 5,488: Total time for which application threads were stopped: 0,0304293 seconds, Stopping threads took: 0,0000529 seconds
2016-10-07T15:47:57.564+0200: 5,488: [GC (CMS Initial Mark)  104769K(126720K), 0,0003007 secs]
2016-10-07T15:47:57.564+0200: 5,489: Total time for which application threads were stopped: 0,0004643 seconds, Stopping threads took: 0,0001245 seconds
2016-10-07T15:47:57.569+0200: 5,494: [Full GC (Allocation Failure)  125930K->114987K(126720K), 0,0101109 secs]
2016-10-07T15:47:57.579+0200: 5,504: Total time for which application threads were stopped: 0,0120296 seconds, Stopping threads took: 0,0000317 seconds
2016-10-07T15:47:57.581+0200: 5,505: [Full GC (Allocation Failure)  125833K->120107K(126720K), 0,0148879 secs]
2016-10-07T15:47:57.596+0200: 5,521: Total time for which application threads were stopped: 0,0153518 seconds, Stopping threads took: 0,0000166 seconds
2016-10-07T15:47:57.596+0200: 5,521: [GC (CMS Initial Mark)  121133K(126720K), 0,0003284 secs]
2016-10-07T15:47:57.596+0200: 5,521: Total time for which application threads were stopped: 0,0005016 seconds, Stopping threads took: 0,0001152 seconds
2016-10-07T15:47:57.600+0200: 5,524: [Full GC (Allocation Failure)  126394K->123190K(126720K), 0,0097717 secs]
2016-10-07T15:47:57.610+0200: 5,534: Total time for which application threads were stopped: 0,0126582 seconds, Stopping threads took: 0,0000146 seconds
2016-10-07T15:47:57.610+0200: 5,535: [Full GC (Allocation Failure)  126286K->124213K(126720K), 0,0097878 secs]
2016-10-07T15:47:57.620+0200: 5,545: Total time for which application threads were stopped: 0,0102448 seconds, Stopping threads took: 0,0000426 seconds
2016-10-07T15:47:57.621+0200: 5,546: [GC (CMS Initial Mark)  125239K(126720K), 0,0003158 secs]
2016-10-07T15:47:57.621+0200: 5,546: Total time for which application threads were stopped: 0,0004588 seconds, Stopping threads took: 0,0000898 seconds
2016-10-07T15:47:57.625+0200: 5,549: [Full GC (Allocation Failure)  126267K->125240K(126720K), 0,0092899 secs]
2016-10-07T15:47:57.634+0200: 5,559: Total time for which application threads were stopped: 0,0129330 seconds, Stopping threads took: 0,0000282 seconds
2016-10-07T15:47:57.635+0200: 5,559: [Full GC (Allocation Failure)  126266K->126262K(126720K), 0,0085274 secs]
2016-10-07T15:47:57.644+0200: 5,568: [Full GC (Allocation Failure)  126262K->126259K(126720K), 0,0168402 secs]
2016-10-07T15:47:57.661+0200: 5,585: Total time for which application threads were stopped: 0,0262656 seconds, Stopping threads took: 0,0000299 seconds
2016-10-07T15:47:57.662+0200: 5,586: [Full GC (Allocation Failure)  126288K->2356K(126720K), 0,0071060 secs]
2016-10-07T15:47:57.669+0200: 5,594: Total time for which application threads were stopped: 0,0075782 seconds, Stopping threads took: 0,0000444 seconds
2016-10-07T15:47:57.675+0200: 5,600: [GC (Allocation Failure)  36571K->20797K(126720K), 0,0036012 secs]
2016-10-07T15:47:57.679+0200: 5,604: Total time for which application threads were stopped: 0,0038833 seconds, Stopping threads took: 0,0000314 seconds
2016-10-07T15:47:57.685+0200: 5,609: [GC (Allocation Failure)  55064K->37184K(126720K), 0,0114488 secs]
2016-10-07T15:47:57.696+0200: 5,621: Total time for which application threads were stopped: 0,0118007 seconds, Stopping threads took: 0,0000636 seconds
2016-10-07T15:47:57.703+0200: 5,628: [GC (Allocation Failure)  71534K->54590K(126720K), 0,0081953 secs]
2016-10-07T15:47:57.712+0200: 5,636: Total time for which application threads were stopped: 0,0083632 seconds, Stopping threads took: 0,0000170 seconds
2016-10-07T15:47:57.712+0200: 5,637: [GC (CMS Initial Mark)  55616K(126720K), 0,0002195 secs]
2016-10-07T15:47:57.712+0200: 5,637: Total time for which application threads were stopped: 0,0003732 seconds, Stopping threads took: 0,0001171 seconds
2016-10-07T15:47:57.717+0200: 5,642: [GC (Allocation Failure)  88993K->70974K(126720K), 0,0038878 secs]
2016-10-07T15:47:57.721+0200: 5,646: Total time for which application threads were stopped: 0,0040526 seconds, Stopping threads took: 0,0000223 seconds
2016-10-07T15:47:57.725+0200: 5,650: [GC (Allocation Failure)  105412K->88386K(126720K), 0,0080044 secs]
2016-10-07T15:47:57.733+0200: 5,658: Total time for which application threads were stopped: 0,0081608 seconds, Stopping threads took: 0,0000222 seconds
2016-10-07T15:47:57.733+0200: 5,658: [GC (CMS Final Remark)  89413K(126720K), 0,0027988 secs]
2016-10-07T15:47:57.736+0200: 5,661: Total time for which application threads were stopped: 0,0029454 seconds, Stopping threads took: 0,0000872 seconds
2016-10-07T15:47:57.745+0200: 5,670: [Full GC (Allocation Failure)  121835K->103722K(126720K), 0,0260372 secs]
2016-10-07T15:47:57.772+0200: 5,697: Total time for which application threads were stopped: 0,0276844 seconds, Stopping threads took: 0,0000382 seconds
2016-10-07T15:47:57.774+0200: 5,699: [GC (CMS Initial Mark)  106452K(126720K), 0,0010165 secs]
2016-10-07T15:47:57.775+0200: 5,700: Total time for which application threads were stopped: 0,0019407 seconds, Stopping threads took: 0,0007816 seconds
2016-10-07T15:47:57.781+0200: 5,706: [Full GC (Allocation Failure)  125930K->114987K(126720K), 0,0128005 secs]
2016-10-07T15:47:57.794+0200: 5,719: Total time for which application threads were stopped: 0,0148995 seconds, Stopping threads took: 0,0000257 seconds
2016-10-07T15:47:57.797+0200: 5,722: [Full GC (Allocation Failure)  125833K->120107K(126720K), 0,0133487 secs]
2016-10-07T15:47:57.810+0200: 5,735: Total time for which application threads were stopped: 0,0138572 seconds, Stopping threads took: 0,0000264 seconds
2016-10-07T15:47:57.811+0200: 5,736: [GC (CMS Initial Mark)  121135K(126720K), 0,0003298 secs]
2016-10-07T15:47:57.811+0200: 5,736: Total time for which application threads were stopped: 0,0005332 seconds, Stopping threads took: 0,0001562 seconds
2016-10-07T15:47:57.819+0200: 5,744: [Full GC (Allocation Failure)  126392K->123190K(126720K), 0,0096390 secs]
2016-10-07T15:47:57.829+0200: 5,754: Total time for which application threads were stopped: 0,0134502 seconds, Stopping threads took: 0,0000271 seconds
2016-10-07T15:47:57.830+0200: 5,755: [Full GC (Allocation Failure)  126290K->124203K(126720K), 0,0107447 secs]
2016-10-07T15:47:57.841+0200: 5,766: Total time for which application threads were stopped: 0,0112135 seconds, Stopping threads took: 0,0000278 seconds
2016-10-07T15:47:57.842+0200: 5,766: [GC (CMS Initial Mark)  125229K(126720K), 0,0003818 secs]
2016-10-07T15:47:57.842+0200: 5,767: Total time for which application threads were stopped: 0,0005510 seconds, Stopping threads took: 0,0001303 seconds
2016-10-07T15:47:57.850+0200: 5,774: [Full GC (Allocation Failure)  126253K->125227K(126720K), 0,0108698 secs]
2016-10-07T15:47:57.861+0200: 5,785: Total time for which application threads were stopped: 0,0173233 seconds, Stopping threads took: 0,0000639 seconds
2016-10-07T15:47:57.861+0200: 5,786: [Full GC (Allocation Failure)  126264K->126259K(126720K), 0,0068340 secs]
2016-10-07T15:47:57.868+0200: 5,793: [Full GC (Allocation Failure)  126259K->126256K(126720K), 0,0184142 secs]
2016-10-07T15:47:57.887+0200: 5,812: Total time for which application threads were stopped: 0,0261268 seconds, Stopping threads took: 0,0000416 seconds
2016-10-07T15:47:57.887+0200: 5,812: [Full GC (Allocation Failure)  126260K->2352K(126720K), 0,0068145 secs]
2016-10-07T15:47:57.894+0200: 5,819: Total time for which application threads were stopped: 0,0072750 seconds, Stopping threads took: 0,0000536 seconds
2016-10-07T15:47:57.899+0200: 5,824: [GC (Allocation Failure)  36573K->20797K(126720K), 0,0035960 secs]
2016-10-07T15:47:57.903+0200: 5,828: Total time for which application threads were stopped: 0,0037702 seconds, Stopping threads took: 0,0000297 seconds
2016-10-07T15:47:57.907+0200: 5,832: [GC (Allocation Failure)  55063K->37187K(126720K), 0,0049690 secs]
2016-10-07T15:47:57.912+0200: 5,837: Total time for which application threads were stopped: 0,0051797 seconds, Stopping threads took: 0,0000262 seconds
2016-10-07T15:47:57.917+0200: 5,842: [GC (Allocation Failure)  71536K->54595K(126720K), 0,0043169 secs]
2016-10-07T15:47:57.921+0200: 5,846: Total time for which application threads were stopped: 0,0044704 seconds, Stopping threads took: 0,0000175 seconds
2016-10-07T15:47:57.922+0200: 5,847: [GC (CMS Initial Mark)  61350K(126720K), 0,0002239 secs]
2016-10-07T15:47:57.923+0200: 5,848: Total time for which application threads were stopped: 0,0003683 seconds, Stopping threads took: 0,0001021 seconds
2016-10-07T15:47:57.933+0200: 5,858: [GC (Allocation Failure)  88999K->70979K(126720K), 0,0064495 secs]
2016-10-07T15:47:57.939+0200: 5,864: Total time for which application threads were stopped: 0,0066229 seconds, Stopping threads took: 0,0000217 seconds
2016-10-07T15:47:57.944+0200: 5,869: [GC (Allocation Failure)  105417K->88387K(126720K), 0,0060670 secs]
2016-10-07T15:47:57.950+0200: 5,875: Total time for which application threads were stopped: 0,0062128 seconds, Stopping threads took: 0,0000204 seconds
2016-10-07T15:47:57.950+0200: 5,875: [GC (CMS Final Remark)  89415K(126720K), 0,0088526 secs]
2016-10-07T15:47:57.959+0200: 5,884: Total time for which application threads were stopped: 0,0090364 seconds, Stopping threads took: 0,0001116 seconds
2016-10-07T15:47:57.964+0200: 5,889: [Full GC (Allocation Failure)  121838K->103722K(126720K), 0,0290357 secs]
2016-10-07T15:47:57.993+0200: 5,918: Total time for which application threads were stopped: 0,0295932 seconds, Stopping threads took: 0,0000417 seconds
2016-10-07T15:47:57.998+0200: 5,922: [Full GC (Allocation Failure)  125930K->114987K(126720K), 0,0129289 secs]
2016-10-07T15:47:58.011+0200: 5,936: Total time for which application threads were stopped: 0,0134337 seconds, Stopping threads took: 0,0000299 seconds
2016-10-07T15:47:58.012+0200: 5,937: [GC (CMS Initial Mark)  121736K(126720K), 0,0003854 secs]
2016-10-07T15:47:58.012+0200: 5,937: Total time for which application threads were stopped: 0,0004795 seconds, Stopping threads took: 0,0000500 seconds
2016-10-07T15:47:58.015+0200: 5,940: [Full GC (Allocation Failure)  125833K->120107K(126720K), 0,0095471 secs]
2016-10-07T15:47:58.025+0200: 5,950: Total time for which application threads were stopped: 0,0126117 seconds, Stopping threads took: 0,0001611 seconds
2016-10-07T15:47:58.026+0200: 5,951: [Full GC (Allocation Failure)  126393K->123189K(126720K), 0,0128817 secs]
2016-10-07T15:47:58.041+0200: 5,965: Total time for which application threads were stopped: 0,0144111 seconds, Stopping threads took: 0,0000215 seconds
2016-10-07T15:47:58.042+0200: 5,967: [Full GC (Allocation Failure)  126269K->124214K(126720K), 0,0089563 secs]
2016-10-07T15:47:58.051+0200: 5,976: Total time for which application threads were stopped: 0,0095755 seconds, Stopping threads took: 0,0001183 seconds
2016-10-07T15:47:58.052+0200: 5,977: [GC (CMS Initial Mark)  125284K(126720K), 0,0003382 secs]
2016-10-07T15:47:58.052+0200: 5,977: Total time for which application threads were stopped: 0,0004134 seconds, Stopping threads took: 0,0000387 seconds
2016-10-07T15:47:58.056+0200: 5,980: [Full GC (Allocation Failure)  126308K->125227K(126720K), 0,0088085 secs]
2016-10-07T15:47:58.065+0200: 5,989: Total time for which application threads were stopped: 0,0115272 seconds, Stopping threads took: 0,0000152 seconds
2016-10-07T15:47:58.065+0200: 5,990: [Full GC (Allocation Failure)  126255K->126253K(126720K), 0,0097058 secs]
2016-10-07T15:47:58.075+0200: 6,000: [Full GC (Allocation Failure)  126253K->126251K(126720K), 0,0153449 secs]
2016-10-07T15:47:58.091+0200: 6,016: Total time for which application threads were stopped: 0,0260734 seconds, Stopping threads took: 0,0000565 seconds
2016-10-07T15:47:58.092+0200: 6,017: [GC (CMS Initial Mark)  126280K(126720K), 0,0003254 secs]
2016-10-07T15:47:58.092+0200: 6,017: Total time for which application threads were stopped: 0,0004116 seconds, Stopping threads took: 0,0000426 seconds
2016-10-07T15:47:58.095+0200: 6,019: [Full GC (Allocation Failure)  126280K->2347K(126720K), 0,0063359 secs]
2016-10-07T15:47:58.101+0200: 6,026: Total time for which application threads were stopped: 0,0089308 seconds, Stopping threads took: 0,0000274 seconds
2016-10-07T15:47:58.106+0200: 6,031: [GC (Allocation Failure)  36538K->20795K(126720K), 0,0034985 secs]
2016-10-07T15:47:58.109+0200: 6,034: Total time for which application threads were stopped: 0,0036569 seconds, Stopping threads took: 0,0000218 seconds
2016-10-07T15:47:58.114+0200: 6,038: [GC (Allocation Failure)  55066K->37187K(126720K), 0,0053189 secs]
2016-10-07T15:47:58.120+0200: 6,044: Total time for which application threads were stopped: 0,0060703 seconds, Stopping threads took: 0,0000246 seconds
2016-10-07T15:47:58.125+0200: 6,050: [GC (Allocation Failure)  71538K->54595K(126720K), 0,0041782 secs]
2016-10-07T15:47:58.130+0200: 6,054: Total time for which application threads were stopped: 0,0043463 seconds, Stopping threads took: 0,0000199 seconds
2016-10-07T15:47:58.130+0200: 6,055: [GC (CMS Initial Mark)  55621K(126720K), 0,0002637 secs]
2016-10-07T15:47:58.130+0200: 6,055: Total time for which application threads were stopped: 0,0004212 seconds, Stopping threads took: 0,0001151 seconds
2016-10-07T15:47:58.134+0200: 6,059: [GC (Allocation Failure)  88999K->70977K(126720K), 0,0045885 secs]
2016-10-07T15:47:58.139+0200: 6,064: Total time for which application threads were stopped: 0,0049948 seconds, Stopping threads took: 0,0000189 seconds
2016-10-07T15:47:58.140+0200: 6,065: [GC (CMS Final Remark)  72003K(126720K), 0,0043297 secs]
2016-10-07T15:47:58.145+0200: 6,069: Total time for which application threads were stopped: 0,0049563 seconds, Stopping threads took: 0,0005208 seconds
2016-10-07T15:47:58.155+0200: 6,080: [GC (Allocation Failure)  104405K->87353K(126720K), 0,0041857 secs]
2016-10-07T15:47:58.159+0200: 6,084: Total time for which application threads were stopped: 0,0043976 seconds, Stopping threads took: 0,0000724 seconds
2016-10-07T15:47:58.159+0200: 6,084: [GC (CMS Initial Mark)  88379K(126720K), 0,0002188 secs]
2016-10-07T15:47:58.159+0200: 6,084: Total time for which application threads were stopped: 0,0003827 seconds, Stopping threads took: 0,0001208 seconds
2016-10-07T15:47:58.163+0200: 6,088: [GC (CMS Final Remark)  119765K(126720K), 0,0036303 secs]
2016-10-07T15:47:58.167+0200: 6,092: Total time for which application threads were stopped: 0,0037752 seconds, Stopping threads took: 0,0000958 seconds
2016-10-07T15:47:58.168+0200: 6,093: [Full GC (Allocation Failure)  121813K->103723K(126720K), 0,0351268 secs]
2016-10-07T15:47:58.203+0200: 6,128: Total time for which application threads were stopped: 0,0362129 seconds, Stopping threads took: 0,0000129 seconds
2016-10-07T15:47:58.206+0200: 6,131: [Full GC (Allocation Failure)  125950K->114987K(126720K), 0,0120209 secs]
2016-10-07T15:47:58.219+0200: 6,143: Total time for which application threads were stopped: 0,0124737 seconds, Stopping threads took: 0,0000226 seconds
2016-10-07T15:47:58.220+0200: 6,145: [GC (CMS Initial Mark)  123785K(126720K), 0,0002416 secs]
2016-10-07T15:47:58.220+0200: 6,145: Total time for which application threads were stopped: 0,0003174 seconds, Stopping threads took: 0,0000367 seconds
2016-10-07T15:47:58.225+0200: 6,150: [Full GC (Allocation Failure)  125833K->120107K(126720K), 0,0163114 secs]
2016-10-07T15:47:58.242+0200: 6,167: Total time for which application threads were stopped: 0,0222723 seconds, Stopping threads took: 0,0000096 seconds
2016-10-07T15:47:58.244+0200: 6,169: [Full GC (Allocation Failure)  126389K->123180K(126720K), 0,0226343 secs]
2016-10-07T15:47:58.267+0200: 6,192: Total time for which application threads were stopped: 0,0231709 seconds, Stopping threads took: 0,0000367 seconds
2016-10-07T15:47:58.268+0200: 6,192: [GC (CMS Initial Mark)  124208K(126720K), 0,0002501 secs]
2016-10-07T15:47:58.268+0200: 6,193: Total time for which application threads were stopped: 0,0004449 seconds, Stopping threads took: 0,0001649 seconds
2016-10-07T15:47:58.274+0200: 6,199: [Full GC (Allocation Failure)  126286K->124203K(126720K), 0,0125009 secs]
2016-10-07T15:47:58.287+0200: 6,212: Total time for which application threads were stopped: 0,0153911 seconds, Stopping threads took: 0,0000910 seconds
2016-10-07T15:47:58.288+0200: 6,213: [Full GC (Allocation Failure)  126272K->125239K(126720K), 0,0122018 secs]
2016-10-07T15:47:58.300+0200: 6,225: Total time for which application threads were stopped: 0,0128341 seconds, Stopping threads took: 0,0000301 seconds
2016-10-07T15:47:58.301+0200: 6,226: [Full GC (Allocation Failure)  126263K->126263K(126720K), 0,0086916 secs]
2016-10-07T15:47:58.310+0200: 6,235: [Full GC (Allocation Failure)  126263K->126260K(126720K), 0,0201342 secs]
2016-10-07T15:47:58.330+0200: 6,255: Total time for which application threads were stopped: 0,0296794 seconds, Stopping threads took: 0,0000908 seconds
2016-10-07T15:47:58.330+0200: 6,255: [Full GC (Allocation Failure)  126262K->2355K(126720K), 0,0073975 secs]
2016-10-07T15:47:58.338+0200: 6,263: Total time for which application threads were stopped: 0,0078068 seconds, Stopping threads took: 0,0000212 seconds
2016-10-07T15:47:58.342+0200: 6,267: [GC (Allocation Failure)  36572K->20797K(126720K), 0,0035901 secs]
2016-10-07T15:47:58.346+0200: 6,271: Total time for which application threads were stopped: 0,0037346 seconds, Stopping threads took: 0,0000260 seconds
2016-10-07T15:47:58.351+0200: 6,276: [GC (Allocation Failure)  55066K->37188K(126720K), 0,0071272 secs]
2016-10-07T15:47:58.359+0200: 6,283: Total time for which application threads were stopped: 0,0073889 seconds, Stopping threads took: 0,0000258 seconds
2016-10-07T15:47:58.363+0200: 6,288: [GC (Allocation Failure)  71539K->54597K(126720K), 0,0077401 secs]
2016-10-07T15:47:58.371+0200: 6,295: Total time for which application threads were stopped: 0,0078815 seconds, Stopping threads took: 0,0000157 seconds
2016-10-07T15:47:58.371+0200: 6,296: [GC (CMS Initial Mark)  55623K(126720K), 0,0002347 secs]
2016-10-07T15:47:58.371+0200: 6,296: Total time for which application threads were stopped: 0,0004015 seconds, Stopping threads took: 0,0001268 seconds
2016-10-07T15:47:58.380+0200: 6,305: [GC (Allocation Failure)  88999K->70981K(126720K), 0,0064024 secs]
2016-10-07T15:47:58.386+0200: 6,311: Total time for which application threads were stopped: 0,0065528 seconds, Stopping threads took: 0,0000321 seconds
2016-10-07T15:47:58.394+0200: 6,319: [GC (Allocation Failure)  105418K->88391K(126720K), 0,0043825 secs]
2016-10-07T15:47:58.399+0200: 6,323: Total time for which application threads were stopped: 0,0045654 seconds, Stopping threads took: 0,0000187 seconds
2016-10-07T15:47:58.399+0200: 6,324: [GC (CMS Final Remark)  93154K(126720K), 0,0061292 secs]
2016-10-07T15:47:58.406+0200: 6,330: Total time for which application threads were stopped: 0,0062969 seconds, Stopping threads took: 0,0001022 seconds
2016-10-07T15:47:58.410+0200: 6,335: [Full GC (Allocation Failure)  121837K->103723K(126720K), 0,0338976 secs]
2016-10-07T15:47:58.444+0200: 6,369: Total time for which application threads were stopped: 0,0343593 seconds, Stopping threads took: 0,0000254 seconds
2016-10-07T15:47:58.447+0200: 6,372: [Full GC (Allocation Failure)  125930K->114987K(126720K), 0,0107107 secs]
2016-10-07T15:47:58.458+0200: 6,383: Total time for which application threads were stopped: 0,0111822 seconds, Stopping threads took: 0,0000266 seconds
2016-10-07T15:47:58.458+0200: 6,383: [GC (CMS Initial Mark)  116016K(126720K), 0,0003035 secs]
2016-10-07T15:47:58.458+0200: 6,383: Total time for which application threads were stopped: 0,0004365 seconds, Stopping threads took: 0,0001017 seconds
2016-10-07T15:47:58.464+0200: 6,389: [Full GC (Allocation Failure)  125834K->120107K(126720K), 0,0145268 secs]
2016-10-07T15:47:58.478+0200: 6,403: Total time for which application threads were stopped: 0,0185966 seconds, Stopping threads took: 0,0000300 seconds
2016-10-07T15:47:58.480+0200: 6,404: [Full GC (Allocation Failure)  126394K->123192K(126720K), 0,0085922 secs]
2016-10-07T15:47:58.488+0200: 6,413: Total time for which application threads were stopped: 0,0090221 seconds, Stopping threads took: 0,0000252 seconds
2016-10-07T15:47:58.489+0200: 6,413: [GC (CMS Initial Mark)  124216K(126720K), 0,0002254 secs]
2016-10-07T15:47:58.489+0200: 6,414: Total time for which application threads were stopped: 0,0003703 seconds, Stopping threads took: 0,0001130 seconds
2016-10-07T15:47:58.492+0200: 6,416: [Full GC (Allocation Failure)  126268K->124217K(126720K), 0,0073135 secs]
2016-10-07T15:47:58.499+0200: 6,424: Total time for which application threads were stopped: 0,0100007 seconds, Stopping threads took: 0,0000885 seconds
2016-10-07T15:47:58.500+0200: 6,425: [Full GC (Allocation Failure)  126268K->125228K(126720K), 0,0073055 secs]
2016-10-07T15:47:58.507+0200: 6,432: Total time for which application threads were stopped: 0,0077808 seconds, Stopping threads took: 0,0000762 seconds
2016-10-07T15:47:58.507+0200: 6,432: [GC (CMS Initial Mark)  126254K(126720K), 0,0002302 secs]
2016-10-07T15:47:58.508+0200: 6,433: Total time for which application threads were stopped: 0,0003566 seconds, Stopping threads took: 0,0000861 seconds
2016-10-07T15:47:58.510+0200: 6,435: [Full GC (Allocation Failure)  126256K->126253K(126720K), 0,0146585 secs]
2016-10-07T15:47:58.526+0200: 6,451: [Full GC (Allocation Failure)  126253K->126251K(126720K), 0,0252579 secs]
2016-10-07T15:47:58.551+0200: 6,476: Total time for which application threads were stopped: 0,0434377 seconds, Stopping threads took: 0,0000255 seconds
2016-10-07T15:47:58.552+0200: 6,476: [Full GC (Allocation Failure)  126253K->2346K(126720K), 0,0098714 secs]
2016-10-07T15:47:58.562+0200: 6,487: Total time for which application threads were stopped: 0,0103544 seconds, Stopping threads took: 0,0000306 seconds
2016-10-07T15:47:58.570+0200: 6,495: [GC (Allocation Failure)  36599K->20797K(126720K), 0,0045082 secs]
2016-10-07T15:47:58.575+0200: 6,500: Total time for which application threads were stopped: 0,0046830 seconds, Stopping threads took: 0,0000170 seconds
2016-10-07T15:47:58.580+0200: 6,505: [GC (Allocation Failure)  55065K->37188K(126720K), 0,0059894 secs]
2016-10-07T15:47:58.586+0200: 6,511: Total time for which application threads were stopped: 0,0064709 seconds, Stopping threads took: 0,0000252 seconds
2016-10-07T15:47:58.596+0200: 6,521: [GC (Allocation Failure)  71538K->54594K(126720K), 0,0051729 secs]
2016-10-07T15:47:58.601+0200: 6,526: Total time for which application threads were stopped: 0,0053415 seconds, Stopping threads took: 0,0000169 seconds
2016-10-07T15:47:58.602+0200: 6,527: [GC (CMS Initial Mark)  62373K(126720K), 0,0002766 secs]
2016-10-07T15:47:58.603+0200: 6,528: Total time for which application threads were stopped: 0,0003853 seconds, Stopping threads took: 0,0000544 seconds
2016-10-07T15:47:58.608+0200: 6,533: [GC (Allocation Failure)  88998K->70978K(126720K), 0,0059384 secs]
2016-10-07T15:47:58.614+0200: 6,539: Total time for which application threads were stopped: 0,0062898 seconds, Stopping threads took: 0,0000722 seconds
2016-10-07T15:47:58.620+0200: 6,545: [GC (Allocation Failure)  105415K->88386K(126720K), 0,0065509 secs]
2016-10-07T15:47:58.627+0200: 6,552: Total time for which application threads were stopped: 0,0067988 seconds, Stopping threads took: 0,0000522 seconds
2016-10-07T15:47:58.628+0200: 6,553: [GC (CMS Final Remark)  91100K(126720K), 0,0037752 secs]
2016-10-07T15:47:58.632+0200: 6,557: Total time for which application threads were stopped: 0,0043892 seconds, Stopping threads took: 0,0005344 seconds
2016-10-07T15:47:58.637+0200: 6,561: [Full GC (Allocation Failure)  121835K->103724K(126720K), 0,0301935 secs]
2016-10-07T15:47:58.667+0200: 6,592: Total time for which application threads were stopped: 0,0307001 seconds, Stopping threads took: 0,0000296 seconds
2016-10-07T15:47:58.667+0200: 6,592: [GC (CMS Initial Mark)  104750K(126720K), 0,0002069 secs]
2016-10-07T15:47:58.667+0200: 6,592: Total time for which application threads were stopped: 0,0003553 seconds, Stopping threads took: 0,0001147 seconds
2016-10-07T15:47:58.673+0200: 6,598: [Full GC (Allocation Failure)  125931K->114988K(126720K), 0,0113487 secs]
2016-10-07T15:47:58.685+0200: 6,610: Total time for which application threads were stopped: 0,0121550 seconds, Stopping threads took: 0,0000537 seconds
2016-10-07T15:47:58.687+0200: 6,612: [Full GC (Allocation Failure)  125834K->120119K(126720K), 0,0104899 secs]
2016-10-07T15:47:58.697+0200: 6,622: Total time for which application threads were stopped: 0,0113428 seconds, Stopping threads took: 0,0000542 seconds
2016-10-07T15:47:58.699+0200: 6,623: [Full GC (Allocation Failure)  126397K->123193K(126720K), 0,0114555 secs]
2016-10-07T15:47:58.710+0200: 6,635: Total time for which application threads were stopped: 0,0119809 seconds, Stopping threads took: 0,0000685 seconds
2016-10-07T15:47:58.711+0200: 6,635: [GC (CMS Initial Mark)  124219K(126720K), 0,0003345 secs]
2016-10-07T15:47:58.711+0200: 6,636: Total time for which application threads were stopped: 0,0005237 seconds, Stopping threads took: 0,0001404 seconds
2016-10-07T15:47:58.714+0200: 6,639: [Full GC (Allocation Failure)  126289K->124204K(126720K), 0,0119722 secs]
2016-10-07T15:47:58.726+0200: 6,651: Total time for which application threads were stopped: 0,0144826 seconds, Stopping threads took: 0,0000121 seconds
2016-10-07T15:47:58.727+0200: 6,651: [Full GC (Allocation Failure)  126272K->125240K(126720K), 0,0076005 secs]
2016-10-07T15:47:58.734+0200: 6,659: Total time for which application threads were stopped: 0,0080346 seconds, Stopping threads took: 0,0000357 seconds
2016-10-07T15:47:58.735+0200: 6,659: [GC (CMS Initial Mark)  126266K(126720K), 0,0002431 secs]
2016-10-07T15:47:58.735+0200: 6,660: Total time for which application threads were stopped: 0,0003736 seconds, Stopping threads took: 0,0000976 seconds
2016-10-07T15:47:58.738+0200: 6,663: [Full GC (Allocation Failure)  126290K->126252K(126720K), 0,0064443 secs]
2016-10-07T15:47:58.745+0200: 6,670: [Full GC (Allocation Failure)  126252K->126249K(126720K), 0,0229898 secs]
2016-10-07T15:47:58.768+0200: 6,693: Total time for which application threads were stopped: 0,0310929 seconds, Stopping threads took: 0,0000179 seconds
2016-10-07T15:47:58.769+0200: 6,694: [Full GC (Allocation Failure)  126253K->2345K(126720K), 0,0078226 secs]
2016-10-07T15:47:58.777+0200: 6,702: Total time for which application threads were stopped: 0,0082373 seconds, Stopping threads took: 0,0000170 seconds
2016-10-07T15:47:58.781+0200: 6,706: [GC (Allocation Failure)  36538K->20798K(126720K), 0,0040056 secs]
2016-10-07T15:47:58.785+0200: 6,710: Total time for which application threads were stopped: 0,0041447 seconds, Stopping threads took: 0,0000163 seconds
2016-10-07T15:47:58.789+0200: 6,714: [GC (Allocation Failure)  55066K->37184K(126720K), 0,0042669 secs]
2016-10-07T15:47:58.793+0200: 6,718: Total time for which application threads were stopped: 0,0044383 seconds, Stopping threads took: 0,0000213 seconds
2016-10-07T15:47:58.797+0200: 6,722: [GC (Allocation Failure)  71535K->54592K(126720K), 0,0045871 secs]
2016-10-07T15:47:58.802+0200: 6,727: Total time for which application threads were stopped: 0,0047715 seconds, Stopping threads took: 0,0000272 seconds
2016-10-07T15:47:58.802+0200: 6,727: [GC (CMS Initial Mark)  58271K(126720K), 0,0002461 secs]
2016-10-07T15:47:58.803+0200: 6,728: Total time for which application threads were stopped: 0,0004472 seconds, Stopping threads took: 0,0001589 seconds
2016-10-07T15:47:58.808+0200: 6,733: [GC (Allocation Failure)  88996K->70978K(126720K), 0,0054525 secs]
2016-10-07T15:47:58.814+0200: 6,739: Total time for which application threads were stopped: 0,0060862 seconds, Stopping threads took: 0,0000693 seconds
2016-10-07T15:47:58.822+0200: 6,747: [GC (Allocation Failure)  105416K->88386K(126720K), 0,0042183 secs]
2016-10-07T15:47:58.827+0200: 6,751: Total time for which application threads were stopped: 0,0043883 seconds, Stopping threads took: 0,0000205 seconds
2016-10-07T15:47:58.827+0200: 6,752: [GC (CMS Final Remark)  89412K(126720K), 0,0027837 secs]
2016-10-07T15:47:58.830+0200: 6,754: Total time for which application threads were stopped: 0,0029426 seconds, Stopping threads took: 0,0001071 seconds
2016-10-07T15:47:58.836+0200: 6,761: [Full GC (Allocation Failure)  121836K->103724K(126720K), 0,0327583 secs]
2016-10-07T15:47:58.869+0200: 6,794: Total time for which application threads were stopped: 0,0332356 seconds, Stopping threads took: 0,0000655 seconds
2016-10-07T15:47:58.870+0200: 6,795: [GC (CMS Initial Mark)  115691K(126720K), 0,0002919 secs]
2016-10-07T15:47:58.871+0200: 6,796: Total time for which application threads were stopped: 0,0004506 seconds, Stopping threads took: 0,0001103 seconds
2016-10-07T15:47:58.874+0200: 6,799: [Full GC (Allocation Failure)  125931K->114988K(126720K), 0,0111975 secs]
2016-10-07T15:47:58.885+0200: 6,810: Total time for which application threads were stopped: 0,0133930 seconds, Stopping threads took: 0,0000178 seconds
2016-10-07T15:47:58.887+0200: 6,812: [Full GC (Allocation Failure)  125834K->120108K(126720K), 0,0163211 secs]
2016-10-07T15:47:58.904+0200: 6,829: Total time for which application threads were stopped: 0,0177228 seconds, Stopping threads took: 0,0000210 seconds
2016-10-07T15:47:58.906+0200: 6,831: [GC (CMS Initial Mark)  121157K(126720K), 0,0003566 secs]
2016-10-07T15:47:58.906+0200: 6,831: Total time for which application threads were stopped: 0,0005565 seconds, Stopping threads took: 0,0001293 seconds
2016-10-07T15:47:58.910+0200: 6,834: [Full GC (Allocation Failure)  126379K->123180K(126720K), 0,0083247 secs]
2016-10-07T15:47:58.918+0200: 6,843: Total time for which application threads were stopped: 0,0108522 seconds, Stopping threads took: 0,0000172 seconds
2016-10-07T15:47:58.919+0200: 6,844: [Full GC (Allocation Failure)  126274K->124217K(126720K), 0,0081641 secs]
2016-10-07T15:47:58.927+0200: 6,852: Total time for which application threads were stopped: 0,0085745 seconds, Stopping threads took: 0,0000206 seconds
2016-10-07T15:47:58.927+0200: 6,852: [GC (CMS Initial Mark)  125243K(126720K), 0,0002541 secs]
2016-10-07T15:47:58.928+0200: 6,853: Total time for which application threads were stopped: 0,0004589 seconds, Stopping threads took: 0,0001592 seconds
2016-10-07T15:47:58.932+0200: 6,857: [Full GC (Allocation Failure)  126289K->125228K(126720K), 0,0099333 secs]
2016-10-07T15:47:58.942+0200: 6,867: Total time for which application threads were stopped: 0,0139636 seconds, Stopping threads took: 0,0000162 seconds
2016-10-07T15:47:58.943+0200: 6,867: [Full GC (Allocation Failure)  126268K->126262K(126720K), 0,0084258 secs]
2016-10-07T15:47:58.951+0200: 6,876: [Full GC (Allocation Failure)  126262K->126259K(126720K), 0,0153549 secs]
2016-10-07T15:47:58.967+0200: 6,892: Total time for which application threads were stopped: 0,0246946 seconds, Stopping threads took: 0,0000392 seconds
2016-10-07T15:47:58.967+0200: 6,892: [GC (CMS Initial Mark)  126261K(126720K), 0,0003284 secs]
2016-10-07T15:47:58.968+0200: 6,893: Total time for which application threads were stopped: 0,0004703 seconds, Stopping threads took: 0,0000924 seconds
2016-10-07T15:47:58.970+0200: 6,895: [Full GC (Allocation Failure)  126261K->2355K(126720K), 0,0063211 secs]
2016-10-07T15:47:58.977+0200: 6,902: Total time for which application threads were stopped: 0,0090981 seconds, Stopping threads took: 0,0000253 seconds
2016-10-07T15:47:58.981+0200: 6,906: [GC (Allocation Failure)  36553K->20795K(126720K), 0,0036701 secs]
2016-10-07T15:47:58.985+0200: 6,910: Total time for which application threads were stopped: 0,0038207 seconds, Stopping threads took: 0,0000179 seconds
2016-10-07T15:47:58.989+0200: 6,914: [GC (Allocation Failure)  55064K->37183K(126720K), 0,0044109 secs]
2016-10-07T15:47:58.993+0200: 6,918: Total time for which application threads were stopped: 0,0045760 seconds, Stopping threads took: 0,0000216 seconds
2016-10-07T15:47:58.998+0200: 6,923: [GC (Allocation Failure)  71534K->54592K(126720K), 0,0119170 secs]
2016-10-07T15:47:59.010+0200: 6,935: Total time for which application threads were stopped: 0,0122323 seconds, Stopping threads took: 0,0000168 seconds
2016-10-07T15:47:59.011+0200: 6,936: [GC (CMS Initial Mark)  59298K(126720K), 0,0003128 secs]
2016-10-07T15:47:59.011+0200: 6,936: Total time for which application threads were stopped: 0,0005359 seconds, Stopping threads took: 0,0001756 seconds
2016-10-07T15:47:59.016+0200: 6,940: [GC (Allocation Failure)  88994K->70980K(126720K), 0,0052093 secs]
2016-10-07T15:47:59.021+0200: 6,946: Total time for which application threads were stopped: 0,0054207 seconds, Stopping threads took: 0,0000302 seconds
2016-10-07T15:47:59.028+0200: 6,953: [GC (Allocation Failure)  105418K->88386K(126720K), 0,0082912 secs]
2016-10-07T15:47:59.036+0200: 6,961: Total time for which application threads were stopped: 0,0092107 seconds, Stopping threads took: 0,0000958 seconds
2016-10-07T15:47:59.037+0200: 6,961: [GC (CMS Final Remark)  89412K(126720K), 0,0029212 secs]
2016-10-07T15:47:59.039+0200: 6,964: Total time for which application threads were stopped: 0,0030867 seconds, Stopping threads took: 0,0001134 seconds
2016-10-07T15:47:59.047+0200: 6,972: [Full GC (Allocation Failure)  121836K->103735K(126720K), 0,0304649 secs]
2016-10-07T15:47:59.077+0200: 7,002: Total time for which application threads were stopped: 0,0312779 seconds, Stopping threads took: 0,0000310 seconds
2016-10-07T15:47:59.078+0200: 7,002: [GC (CMS Initial Mark)  104761K(126720K), 0,0002992 secs]
2016-10-07T15:47:59.078+0200: 7,003: Total time for which application threads were stopped: 0,0004856 seconds, Stopping threads took: 0,0001393 seconds
2016-10-07T15:47:59.083+0200: 7,008: [Full GC (Allocation Failure)  125942K->114988K(126720K), 0,0121417 secs]
2016-10-07T15:47:59.096+0200: 7,020: Total time for which application threads were stopped: 0,0138808 seconds, Stopping threads took: 0,0000190 seconds
2016-10-07T15:47:59.097+0200: 7,022: [Full GC (Allocation Failure)  125834K->120108K(126720K), 0,0108585 secs]
2016-10-07T15:47:59.108+0200: 7,033: Total time for which application threads were stopped: 0,0113182 seconds, Stopping threads took: 0,0000282 seconds
2016-10-07T15:47:59.108+0200: 7,033: [GC (CMS Initial Mark)  121134K(126720K), 0,0003644 secs]
2016-10-07T15:47:59.109+0200: 7,034: Total time for which application threads were stopped: 0,0005167 seconds, Stopping threads took: 0,0001218 seconds
2016-10-07T15:47:59.111+0200: 7,036: [Full GC (Allocation Failure)  126396K->123192K(126720K), 0,0136953 secs]
2016-10-07T15:47:59.126+0200: 7,051: Total time for which application threads were stopped: 0,0169800 seconds, Stopping threads took: 0,0000284 seconds
2016-10-07T15:47:59.128+0200: 7,053: [Full GC (Allocation Failure)  126291K->124204K(126720K), 0,0107107 secs]
2016-10-07T15:47:59.139+0200: 7,064: Total time for which application threads were stopped: 0,0112986 seconds, Stopping threads took: 0,0000665 seconds
2016-10-07T15:47:59.140+0200: 7,064: [Full GC (Allocation Failure)  126260K->125232K(126720K), 0,0071418 secs]
2016-10-07T15:47:59.147+0200: 7,072: Total time for which application threads were stopped: 0,0075876 seconds, Stopping threads took: 0,0000607 seconds
2016-10-07T15:47:59.147+0200: 7,072: [Full GC (Allocation Failure)  126266K->126262K(126720K), 0,0099125 secs]
2016-10-07T15:47:59.158+0200: 7,082: [Full GC (Allocation Failure)  126262K->126259K(126720K), 0,0176700 secs]
2016-10-07T15:47:59.175+0200: 7,100: Total time for which application threads were stopped: 0,0284494 seconds, Stopping threads took: 0,0000395 seconds
2016-10-07T15:47:59.176+0200: 7,101: [Full GC (Allocation Failure)  126259K->2354K(126720K), 0,0071308 secs]
2016-10-07T15:47:59.183+0200: 7,108: Total time for which application threads were stopped: 0,0075552 seconds, Stopping threads took: 0,0000163 seconds
2016-10-07T15:47:59.188+0200: 7,113: [GC (Allocation Failure)  36573K->20808K(126720K), 0,0035105 secs]
2016-10-07T15:47:59.192+0200: 7,116: Total time for which application threads were stopped: 0,0037274 seconds, Stopping threads took: 0,0000838 seconds
2016-10-07T15:47:59.196+0200: 7,121: [GC (Allocation Failure)  55083K->37185K(126720K), 0,0050301 secs]
2016-10-07T15:47:59.201+0200: 7,126: Total time for which application threads were stopped: 0,0052281 seconds, Stopping threads took: 0,0000212 seconds
2016-10-07T15:47:59.206+0200: 7,131: [GC (Allocation Failure)  71536K->54594K(126720K), 0,0041281 secs]
2016-10-07T15:47:59.211+0200: 7,135: Total time for which application threads were stopped: 0,0043236 seconds, Stopping threads took: 0,0000375 seconds
2016-10-07T15:47:59.211+0200: 7,136: [GC (CMS Initial Mark)  55620K(126720K), 0,0002458 secs]
2016-10-07T15:47:59.211+0200: 7,136: Total time for which application threads were stopped: 0,0003972 seconds, Stopping threads took: 0,0001135 seconds
2016-10-07T15:47:59.216+0200: 7,140: [GC (Allocation Failure)  88999K->70981K(126720K), 0,0068634 secs]
2016-10-07T15:47:59.223+0200: 7,147: Total time for which application threads were stopped: 0,0070670 seconds, Stopping threads took: 0,0000281 seconds
2016-10-07T15:47:59.232+0200: 7,157: [GC (Allocation Failure)  105418K->88389K(126720K), 0,0048971 secs]
2016-10-07T15:47:59.237+0200: 7,162: Total time for which application threads were stopped: 0,0051172 seconds, Stopping threads took: 0,0000416 seconds
2016-10-07T15:47:59.237+0200: 7,162: [GC (CMS Final Remark)  89415K(126720K), 0,0026278 secs]
2016-10-07T15:47:59.240+0200: 7,165: Total time for which application threads were stopped: 0,0028082 seconds, Stopping threads took: 0,0001262 seconds
2016-10-07T15:47:59.245+0200: 7,169: [Full GC (Allocation Failure)  121844K->103725K(126720K), 0,0274780 secs]
2016-10-07T15:47:59.272+0200: 7,197: Total time for which application threads were stopped: 0,0279965 seconds, Stopping threads took: 0,0000457 seconds
2016-10-07T15:47:59.273+0200: 7,197: [GC (CMS Initial Mark)  104751K(126720K), 0,0003293 secs]
2016-10-07T15:47:59.273+0200: 7,198: Total time for which application threads were stopped: 0,0004866 seconds, Stopping threads took: 0,0001225 seconds
2016-10-07T15:47:59.279+0200: 7,204: [Full GC (Allocation Failure)  125936K->114988K(126720K), 0,0141070 secs]
2016-10-07T15:47:59.293+0200: 7,218: Total time for which application threads were stopped: 0,0176907 seconds, Stopping threads took: 0,0000212 seconds
2016-10-07T15:47:59.295+0200: 7,220: [Full GC (Allocation Failure)  125835K->120108K(126720K), 0,0086279 secs]
2016-10-07T15:47:59.304+0200: 7,229: Total time for which application threads were stopped: 0,0091034 seconds, Stopping threads took: 0,0000164 seconds
2016-10-07T15:47:59.304+0200: 7,229: [GC (CMS Initial Mark)  122284K(126720K), 0,0009862 secs]
2016-10-07T15:47:59.305+0200: 7,230: Total time for which application threads were stopped: 0,0011712 seconds, Stopping threads took: 0,0000589 seconds
2016-10-07T15:47:59.310+0200: 7,235: [Full GC (Allocation Failure)  126400K->123181K(126720K), 0,0142122 secs]
2016-10-07T15:47:59.325+0200: 7,250: Total time for which application threads were stopped: 0,0168106 seconds, Stopping threads took: 0,0000547 seconds
2016-10-07T15:47:59.326+0200: 7,251: [Full GC (Allocation Failure)  126277K->124215K(126720K), 0,0076165 secs]
2016-10-07T15:47:59.334+0200: 7,258: Total time for which application threads were stopped: 0,0082123 seconds, Stopping threads took: 0,0000308 seconds
2016-10-07T15:47:59.334+0200: 7,259: [Full GC (Allocation Failure)  126272K->125231K(126720K), 0,0065966 secs]
2016-10-07T15:47:59.341+0200: 7,266: Total time for which application threads were stopped: 0,0070059 seconds, Stopping threads took: 0,0000271 seconds
2016-10-07T15:47:59.341+0200: 7,266: [GC (CMS Initial Mark)  126261K(126720K), 0,0003003 secs]
2016-10-07T15:47:59.342+0200: 7,266: Total time for which application threads were stopped: 0,0004700 seconds, Stopping threads took: 0,0001128 seconds
2016-10-07T15:47:59.345+0200: 7,270: [Full GC (Allocation Failure)  126263K->126260K(126720K), 0,0104892 secs]
2016-10-07T15:47:59.357+0200: 7,282: [Full GC (Allocation Failure)  126260K->126257K(126720K), 0,0167351 secs]
2016-10-07T15:47:59.374+0200: 7,299: Total time for which application threads were stopped: 0,0323619 seconds, Stopping threads took: 0,0000386 seconds
2016-10-07T15:47:59.374+0200: 7,299: [Full GC (Allocation Failure)  126263K->2354K(126720K), 0,0065250 secs]
2016-10-07T15:47:59.381+0200: 7,306: Total time for which application threads were stopped: 0,0069443 seconds, Stopping threads took: 0,0000373 seconds
2016-10-07T15:47:59.385+0200: 7,310: [GC (Allocation Failure)  36574K->20797K(126720K), 0,0062283 secs]
2016-10-07T15:47:59.391+0200: 7,316: Total time for which application threads were stopped: 0,0063810 seconds, Stopping threads took: 0,0000239 seconds
2016-10-07T15:47:59.396+0200: 7,321: [GC (Allocation Failure)  55065K->37188K(126720K), 0,0038832 secs]
2016-10-07T15:47:59.400+0200: 7,325: Total time for which application threads were stopped: 0,0040575 seconds, Stopping threads took: 0,0000223 seconds
2016-10-07T15:47:59.407+0200: 7,332: [GC (Allocation Failure)  71539K->54596K(126720K), 0,0070313 secs]
2016-10-07T15:47:59.415+0200: 7,340: Total time for which application threads were stopped: 0,0074567 seconds, Stopping threads took: 0,0000629 seconds
2016-10-07T15:47:59.417+0200: 7,342: [GC (CMS Initial Mark)  58279K(126720K), 0,0004466 secs]
2016-10-07T15:47:59.418+0200: 7,343: Total time for which application threads were stopped: 0,0012837 seconds, Stopping threads took: 0,0007312 seconds
2016-10-07T15:47:59.422+0200: 7,347: [GC (Allocation Failure)  88999K->70979K(126720K), 0,0080541 secs]
2016-10-07T15:47:59.430+0200: 7,355: Total time for which application threads were stopped: 0,0082117 seconds, Stopping threads took: 0,0000181 seconds
2016-10-07T15:47:59.435+0200: 7,360: [GC (Allocation Failure)  105417K->88389K(126720K), 0,0039726 secs]
2016-10-07T15:47:59.439+0200: 7,364: Total time for which application threads were stopped: 0,0041260 seconds, Stopping threads took: 0,0000159 seconds
2016-10-07T15:47:59.440+0200: 7,365: [GC (CMS Final Remark)  96225K(126720K), 0,0026985 secs]
2016-10-07T15:47:59.443+0200: 7,368: Total time for which application threads were stopped: 0,0028835 seconds, Stopping threads took: 0,0001239 seconds
2016-10-07T15:47:59.448+0200: 7,373: [Full GC (Allocation Failure)  121838K->103724K(126720K), 0,0280080 secs]
2016-10-07T15:47:59.476+0200: 7,401: Total time for which application threads were stopped: 0,0291577 seconds, Stopping threads took: 0,0000576 seconds
2016-10-07T15:47:59.479+0200: 7,404: [GC (CMS Initial Mark)  112619K(126720K), 0,0008330 secs]
2016-10-07T15:47:59.480+0200: 7,404: Total time for which application threads were stopped: 0,0013192 seconds, Stopping threads took: 0,0002848 seconds
2016-10-07T15:47:59.483+0200: 7,408: [Full GC (Allocation Failure)  125932K->114988K(126720K), 0,0126134 secs]
2016-10-07T15:47:59.496+0200: 7,421: Total time for which application threads were stopped: 0,0143811 seconds, Stopping threads took: 0,0000219 seconds
2016-10-07T15:47:59.498+0200: 7,422: [Full GC (Allocation Failure)  125835K->120108K(126720K), 0,0096718 secs]
2016-10-07T15:47:59.507+0200: 7,432: Total time for which application threads were stopped: 0,0101477 seconds, Stopping threads took: 0,0000240 seconds
2016-10-07T15:47:59.508+0200: 7,433: [GC (CMS Initial Mark)  121137K(126720K), 0,0007692 secs]
2016-10-07T15:47:59.508+0200: 7,433: Total time for which application threads were stopped: 0,0009429 seconds, Stopping threads took: 0,0000882 seconds
2016-10-07T15:47:59.513+0200: 7,438: [Full GC (Allocation Failure)  126401K->123181K(126720K), 0,0076176 secs]
2016-10-07T15:47:59.521+0200: 7,446: Total time for which application threads were stopped: 0,0094788 seconds, Stopping threads took: 0,0000167 seconds
2016-10-07T15:47:59.521+0200: 7,446: [Full GC (Allocation Failure)  126273K->124216K(126720K), 0,0108705 secs]
2016-10-07T15:47:59.533+0200: 7,457: Total time for which application threads were stopped: 0,0113765 seconds, Stopping threads took: 0,0000241 seconds
2016-10-07T15:47:59.533+0200: 7,458: [GC (CMS Initial Mark)  125244K(126720K), 0,0003341 secs]
2016-10-07T15:47:59.533+0200: 7,458: Total time for which application threads were stopped: 0,0003958 seconds, Stopping threads took: 0,0000210 seconds
2016-10-07T15:47:59.536+0200: 7,461: [Full GC (Allocation Failure)  126273K->125240K(126720K), 0,0081947 secs]
2016-10-07T15:47:59.544+0200: 7,469: Total time for which application threads were stopped: 0,0108268 seconds, Stopping threads took: 0,0000130 seconds
2016-10-07T15:47:59.545+0200: 7,470: [Full GC (Allocation Failure)  126268K->126255K(126720K), 0,0063244 secs]
2016-10-07T15:47:59.551+0200: 7,476: [Full GC (Allocation Failure)  126255K->126252K(126720K), 0,0171156 secs]
2016-10-07T15:47:59.569+0200: 7,494: Total time for which application threads were stopped: 0,0242971 seconds, Stopping threads took: 0,0000423 seconds
2016-10-07T15:47:59.569+0200: 7,494: [GC (CMS Initial Mark)  126264K(126720K), 0,0003579 secs]
2016-10-07T15:47:59.569+0200: 7,494: Total time for which application threads were stopped: 0,0005049 seconds, Stopping threads took: 0,0000878 seconds
2016-10-07T15:47:59.572+0200: 7,497: [Full GC (Allocation Failure)  126264K->2354K(126720K), 0,0070969 secs]
2016-10-07T15:47:59.579+0200: 7,504: Total time for which application threads were stopped: 0,0098114 seconds, Stopping threads took: 0,0000317 seconds
2016-10-07T15:47:59.583+0200: 7,508: [GC (Allocation Failure)  36575K->20796K(126720K), 0,0034550 secs]
2016-10-07T15:47:59.587+0200: 7,512: Total time for which application threads were stopped: 0,0036115 seconds, Stopping threads took: 0,0000164 seconds
2016-10-07T15:47:59.591+0200: 7,516: [GC (Allocation Failure)  55065K->37186K(126720K), 0,0043949 secs]
2016-10-07T15:47:59.595+0200: 7,520: Total time for which application threads were stopped: 0,0045670 seconds, Stopping threads took: 0,0000295 seconds
2016-10-07T15:47:59.599+0200: 7,524: [GC (Allocation Failure)  71537K->54595K(126720K), 0,0040817 secs]
2016-10-07T15:47:59.604+0200: 7,528: Total time for which application threads were stopped: 0,0043370 seconds, Stopping threads took: 0,0000231 seconds
2016-10-07T15:47:59.606+0200: 7,531: [GC (CMS Initial Mark)  55640K(126720K), 0,0007266 secs]
2016-10-07T15:47:59.607+0200: 7,532: Total time for which application threads were stopped: 0,0014766 seconds, Stopping threads took: 0,0006389 seconds
2016-10-07T15:47:59.613+0200: 7,538: [GC (Allocation Failure)  88997K->70981K(126720K), 0,0064660 secs]
2016-10-07T15:47:59.620+0200: 7,545: Total time for which application threads were stopped: 0,0066153 seconds, Stopping threads took: 0,0000179 seconds
2016-10-07T15:47:59.623+0200: 7,548: [GC (CMS Final Remark)  72028K(126720K), 0,0106399 secs]
2016-10-07T15:47:59.634+0200: 7,559: Total time for which application threads were stopped: 0,0107991 seconds, Stopping threads took: 0,0000828 seconds
2016-10-07T15:47:59.638+0200: 7,563: [GC (Allocation Failure)  104408K->87354K(126720K), 0,0064384 secs]
2016-10-07T15:47:59.645+0200: 7,570: Total time for which application threads were stopped: 0,0066535 seconds, Stopping threads took: 0,0000258 seconds
2016-10-07T15:47:59.646+0200: 7,571: [GC (CMS Initial Mark)  88380K(126720K), 0,0002363 secs]
2016-10-07T15:47:59.646+0200: 7,571: Total time for which application threads were stopped: 0,0010727 seconds, Stopping threads took: 0,0007887 seconds
2016-10-07T15:47:59.650+0200: 7,575: [GC (CMS Final Remark)  90070K(126720K), 0,0038349 secs]
2016-10-07T15:47:59.654+0200: 7,578: Total time for which application threads were stopped: 0,0040119 seconds, Stopping threads took: 0,0001070 seconds
2016-10-07T15:47:59.663+0200: 7,588: [Full GC (Allocation Failure)  121841K->103724K(126720K), 0,0347220 secs]
2016-10-07T15:47:59.698+0200: 7,623: Total time for which application threads were stopped: 0,0355925 seconds, Stopping threads took: 0,0000349 seconds
2016-10-07T15:47:59.699+0200: 7,624: [GC (CMS Initial Mark)  104790K(126720K), 0,0005164 secs]
2016-10-07T15:47:59.700+0200: 7,625: Total time for which application threads were stopped: 0,0008432 seconds, Stopping threads took: 0,0002613 seconds
2016-10-07T15:47:59.706+0200: 7,630: [Full GC (Allocation Failure)  125932K->114989K(126720K), 0,0141871 secs]
2016-10-07T15:47:59.720+0200: 7,645: Total time for which application threads were stopped: 0,0173932 seconds, Stopping threads took: 0,0000368 seconds
2016-10-07T15:47:59.722+0200: 7,647: [Full GC (Allocation Failure)  125835K->120109K(126720K), 0,0159554 secs]
2016-10-07T15:47:59.738+0200: 7,663: Total time for which application threads were stopped: 0,0165773 seconds, Stopping threads took: 0,0000451 seconds
2016-10-07T15:47:59.739+0200: 7,664: [Full GC (Allocation Failure)  126399K->123192K(126720K), 0,0080589 secs]
2016-10-07T15:47:59.748+0200: 7,672: Total time for which application threads were stopped: 0,0085531 seconds, Stopping threads took: 0,0000326 seconds
2016-10-07T15:47:59.748+0200: 7,673: [Full GC (Allocation Failure)  126285K->124216K(126720K), 0,0119719 secs]
2016-10-07T15:47:59.761+0200: 7,686: Total time for which application threads were stopped: 0,0125968 seconds, Stopping threads took: 0,0000431 seconds
2016-10-07T15:47:59.761+0200: 7,686: [GC (CMS Initial Mark)  125240K(126720K), 0,0005088 secs]
2016-10-07T15:47:59.762+0200: 7,686: Total time for which application threads were stopped: 0,0007664 seconds, Stopping threads took: 0,0001903 seconds
2016-10-07T15:47:59.769+0200: 7,694: [Full GC (Allocation Failure)  126269K->125242K(126720K), 0,0079867 secs]
2016-10-07T15:47:59.777+0200: 7,702: Total time for which application threads were stopped: 0,0151680 seconds, Stopping threads took: 0,0000557 seconds
2016-10-07T15:47:59.778+0200: 7,702: [Full GC (Allocation Failure)  126268K->126264K(126720K), 0,0068196 secs]
2016-10-07T15:47:59.785+0200: 7,710: [Full GC (Allocation Failure)  126264K->126261K(126720K), 0,0178798 secs]
2016-10-07T15:47:59.803+0200: 7,728: Total time for which application threads were stopped: 0,0255374 seconds, Stopping threads took: 0,0000429 seconds
2016-10-07T15:47:59.804+0200: 7,728: [GC (CMS Initial Mark)  126299K(126720K), 0,0003295 secs]
2016-10-07T15:47:59.804+0200: 7,729: Total time for which application threads were stopped: 0,0004575 seconds, Stopping threads took: 0,0000696 seconds
2016-10-07T15:47:59.807+0200: 7,732: [Full GC (Allocation Failure)  126303K->2353K(126720K), 0,0070720 secs]
2016-10-07T15:47:59.814+0200: 7,739: Total time for which application threads were stopped: 0,0100838 seconds, Stopping threads took: 0,0000757 seconds
2016-10-07T15:47:59.819+0200: 7,744: [GC (Allocation Failure)  36556K->20797K(126720K), 0,0056090 secs]
2016-10-07T15:47:59.825+0200: 7,750: Total time for which application threads were stopped: 0,0058815 seconds, Stopping threads took: 0,0000388 seconds
2016-10-07T15:47:59.830+0200: 7,755: [GC (Allocation Failure)  55066K->37182K(126720K), 0,0088162 secs]
2016-10-07T15:47:59.839+0200: 7,764: Total time for which application threads were stopped: 0,0090137 seconds, Stopping threads took: 0,0000314 seconds
2016-10-07T15:47:59.847+0200: 7,772: [GC (Allocation Failure)  71533K->54593K(126720K), 0,0049815 secs]
2016-10-07T15:47:59.852+0200: 7,777: Total time for which application threads were stopped: 0,0051587 seconds, Stopping threads took: 0,0000286 seconds
2016-10-07T15:47:59.853+0200: 7,777: [GC (CMS Initial Mark)  55619K(126720K), 0,0002595 secs]
2016-10-07T15:47:59.853+0200: 7,778: Total time for which application threads were stopped: 0,0004512 seconds, Stopping threads took: 0,0001381 seconds
2016-10-07T15:47:59.858+0200: 7,783: [GC (Allocation Failure)  88997K->70979K(126720K), 0,0042292 secs]
2016-10-07T15:47:59.862+0200: 7,787: Total time for which application threads were stopped: 0,0044175 seconds, Stopping threads took: 0,0000298 seconds
2016-10-07T15:47:59.869+0200: 7,794: [GC (Allocation Failure)  105416K->88387K(126720K), 0,0065026 secs]
2016-10-07T15:47:59.876+0200: 7,801: Total time for which application threads were stopped: 0,0067939 seconds, Stopping threads took: 0,0000241 seconds
2016-10-07T15:47:59.876+0200: 7,801: [GC (CMS Final Remark)  94174K(126720K), 0,0030846 secs]
2016-10-07T15:47:59.880+0200: 7,804: Total time for which application threads were stopped: 0,0031953 seconds, Stopping threads took: 0,0000609 seconds
2016-10-07T15:47:59.884+0200: 7,809: [Full GC (Allocation Failure)  121836K->103725K(126720K), 0,0285033 secs]
2016-10-07T15:47:59.913+0200: 7,838: Total time for which application threads were stopped: 0,0289355 seconds, Stopping threads took: 0,0000247 seconds
2016-10-07T15:47:59.913+0200: 7,838: [GC (CMS Initial Mark)  104751K(126720K), 0,0002263 secs]
2016-10-07T15:47:59.913+0200: 7,838: Total time for which application threads were stopped: 0,0003537 seconds, Stopping threads took: 0,0000963 seconds
2016-10-07T15:47:59.919+0200: 7,844: [Full GC (Allocation Failure)  125932K->114989K(126720K), 0,0149858 secs]
2016-10-07T15:47:59.934+0200: 7,859: Total time for which application threads were stopped: 0,0162587 seconds, Stopping threads took: 0,0000218 seconds
2016-10-07T15:47:59.935+0200: 7,860: [Full GC (Allocation Failure)  125835K->120109K(126720K), 0,0121774 secs]
2016-10-07T15:47:59.948+0200: 7,873: Total time for which application threads were stopped: 0,0127729 seconds, Stopping threads took: 0,0000180 seconds
2016-10-07T15:47:59.949+0200: 7,873: [GC (CMS Initial Mark)  122284K(126720K), 0,0002855 secs]
2016-10-07T15:47:59.949+0200: 7,874: Total time for which application threads were stopped: 0,0003354 seconds, Stopping threads took: 0,0000123 seconds
2016-10-07T15:47:59.952+0200: 7,877: [Full GC (Allocation Failure)  126395K->123193K(126720K), 0,0091313 secs]
2016-10-07T15:47:59.961+0200: 7,886: Total time for which application threads were stopped: 0,0117470 seconds, Stopping threads took: 0,0000202 seconds
2016-10-07T15:47:59.962+0200: 7,887: [Full GC (Allocation Failure)  126292K->124205K(126720K), 0,0110329 secs]
2016-10-07T15:47:59.974+0200: 7,899: Total time for which application threads were stopped: 0,0114564 seconds, Stopping threads took: 0,0000157 seconds
2016-10-07T15:47:59.974+0200: 7,899: [GC (CMS Initial Mark)  125231K(126720K), 0,0001891 secs]
2016-10-07T15:47:59.974+0200: 7,899: Total time for which application threads were stopped: 0,0003391 seconds, Stopping threads took: 0,0001113 seconds
2016-10-07T15:47:59.977+0200: 7,902: [Full GC (Allocation Failure)  126259K->125233K(126720K), 0,0076559 secs]
2016-10-07T15:47:59.985+0200: 7,909: Total time for which application threads were stopped: 0,0103939 seconds, Stopping threads took: 0,0000296 seconds
2016-10-07T15:47:59.985+0200: 7,910: [Full GC (Allocation Failure)  126269K->126263K(126720K), 0,0087301 secs]
2016-10-07T15:47:59.994+0200: 7,919: [Full GC (Allocation Failure)  126263K->126260K(126720K), 0,0239045 secs]
2016-10-07T15:48:00.018+0200: 7,943: Total time for which application threads were stopped: 0,0335374 seconds, Stopping threads took: 0,0000567 seconds
2016-10-07T15:48:00.019+0200: 7,944: [Full GC (Allocation Failure)  126262K->2356K(126720K), 0,0073329 secs]
2016-10-07T15:48:00.026+0200: 7,951: Total time for which application threads were stopped: 0,0079220 seconds, Stopping threads took: 0,0001279 seconds
2016-10-07T15:48:00.031+0200: 7,956: [GC (Allocation Failure)  36574K->20803K(126720K), 0,0035039 secs]
2016-10-07T15:48:00.034+0200: 7,959: Total time for which application threads were stopped: 0,0036732 seconds, Stopping threads took: 0,0000190 seconds
2016-10-07T15:48:00.038+0200: 7,963: [GC (Allocation Failure)  55071K->37190K(126720K), 0,0056839 secs]
2016-10-07T15:48:00.044+0200: 7,969: Total time for which application threads were stopped: 0,0058383 seconds, Stopping threads took: 0,0000199 seconds
2016-10-07T15:48:00.048+0200: 7,973: [GC (Allocation Failure)  71541K->54600K(126720K), 0,0040956 secs]
2016-10-07T15:48:00.052+0200: 7,977: Total time for which application threads were stopped: 0,0042405 seconds, Stopping threads took: 0,0000163 seconds
2016-10-07T15:48:00.052+0200: 7,977: [GC (CMS Initial Mark)  55626K(126720K), 0,0003157 secs]
2016-10-07T15:48:00.053+0200: 7,977: Total time for which application threads were stopped: 0,0004894 seconds, Stopping threads took: 0,0001349 seconds
2016-10-07T15:48:00.065+0200: 7,990: [GC (Allocation Failure)  89004K->70983K(126720K), 0,0049722 secs]
2016-10-07T15:48:00.070+0200: 7,995: Total time for which application threads were stopped: 0,0051466 seconds, Stopping threads took: 0,0000242 seconds
2016-10-07T15:48:00.079+0200: 8,004: [GC (Allocation Failure)  105421K->88393K(126720K), 0,0060810 secs]
2016-10-07T15:48:00.085+0200: 8,010: Total time for which application threads were stopped: 0,0063093 seconds, Stopping threads took: 0,0000197 seconds
2016-10-07T15:48:00.085+0200: 8,010: [GC (CMS Final Remark)  89419K(126720K), 0,0026072 secs]
2016-10-07T15:48:00.088+0200: 8,013: Total time for which application threads were stopped: 0,0027713 seconds, Stopping threads took: 0,0001126 seconds
2016-10-07T15:48:00.092+0200: 8,017: [Full GC (Allocation Failure)  121839K->103725K(126720K), 0,0293956 secs]
2016-10-07T15:48:00.122+0200: 8,047: Total time for which application threads were stopped: 0,0299009 seconds, Stopping threads took: 0,0000236 seconds
2016-10-07T15:48:00.122+0200: 8,047: [GC (CMS Initial Mark)  104753K(126720K), 0,0002275 secs]
2016-10-07T15:48:00.123+0200: 8,047: Total time for which application threads were stopped: 0,0004080 seconds, Stopping threads took: 0,0001406 seconds
2016-10-07T15:48:00.126+0200: 8,051: [Full GC (Allocation Failure)  125932K->114989K(126720K), 0,0114241 secs]
2016-10-07T15:48:00.138+0200: 8,063: Total time for which application threads were stopped: 0,0126134 seconds, Stopping threads took: 0,0000254 seconds
2016-10-07T15:48:00.140+0200: 8,065: [Full GC (Allocation Failure)  125835K->120109K(126720K), 0,0091173 secs]
2016-10-07T15:48:00.149+0200: 8,074: Total time for which application threads were stopped: 0,0096200 seconds, Stopping threads took: 0,0000336 seconds
2016-10-07T15:48:00.151+0200: 8,076: [GC (CMS Initial Mark)  126380K(126720K), 0,0009440 secs]
2016-10-07T15:48:00.152+0200: 8,077: Total time for which application threads were stopped: 0,0014947 seconds, Stopping threads took: 0,0004401 seconds
2016-10-07T15:48:00.156+0200: 8,081: [Full GC (Allocation Failure)  126380K->123181K(126720K), 0,0118302 secs]
2016-10-07T15:48:00.168+0200: 8,093: Total time for which application threads were stopped: 0,0158214 seconds, Stopping threads took: 0,0000243 seconds
2016-10-07T15:48:00.169+0200: 8,094: [Full GC (Allocation Failure)  126274K->124217K(126720K), 0,0068337 secs]
2016-10-07T15:48:00.176+0200: 8,101: Total time for which application threads were stopped: 0,0072646 seconds, Stopping threads took: 0,0000374 seconds
2016-10-07T15:48:00.176+0200: 8,101: [GC (CMS Initial Mark)  125243K(126720K), 0,0002833 secs]
2016-10-07T15:48:00.177+0200: 8,101: Total time for which application threads were stopped: 0,0004307 seconds, Stopping threads took: 0,0001116 seconds
2016-10-07T15:48:00.179+0200: 8,104: [Full GC (Allocation Failure)  126269K->125242K(126720K), 0,0093365 secs]
2016-10-07T15:48:00.189+0200: 8,114: Total time for which application threads were stopped: 0,0122000 seconds, Stopping threads took: 0,0000264 seconds
2016-10-07T15:48:00.189+0200: 8,114: [Full GC (Allocation Failure)  126268K->126264K(126720K), 0,0070986 secs]
2016-10-07T15:48:00.197+0200: 8,122: [Full GC (Allocation Failure)  126264K->126261K(126720K), 0,0176689 secs]
2016-10-07T15:48:00.215+0200: 8,140: Total time for which application threads were stopped: 0,0258628 seconds, Stopping threads took: 0,0001235 seconds
2016-10-07T15:48:00.216+0200: 8,140: [Full GC (Allocation Failure)  126263K->2356K(126720K), 0,0070205 secs]
2016-10-07T15:48:00.223+0200: 8,148: Total time for which application threads were stopped: 0,0076128 seconds, Stopping threads took: 0,0000821 seconds
2016-10-07T15:48:00.228+0200: 8,153: [GC (Allocation Failure)  36593K->20798K(126720K), 0,0035425 secs]
2016-10-07T15:48:00.232+0200: 8,157: Total time for which application threads were stopped: 0,0036937 seconds, Stopping threads took: 0,0000181 seconds
2016-10-07T15:48:00.236+0200: 8,161: [GC (Allocation Failure)  55066K->37188K(126720K), 0,0040925 secs]
2016-10-07T15:48:00.240+0200: 8,165: Total time for which application threads were stopped: 0,0042419 seconds, Stopping threads took: 0,0000175 seconds
2016-10-07T15:48:00.244+0200: 8,169: [GC (Allocation Failure)  71543K->54600K(126720K), 0,0041449 secs]
2016-10-07T15:48:00.249+0200: 8,174: Total time for which application threads were stopped: 0,0043505 seconds, Stopping threads took: 0,0000497 seconds
2016-10-07T15:48:00.250+0200: 8,174: [GC (CMS Initial Mark)  58290K(126720K), 0,0003431 secs]
2016-10-07T15:48:00.250+0200: 8,175: Total time for which application threads were stopped: 0,0004427 seconds, Stopping threads took: 0,0000548 seconds
2016-10-07T15:48:00.257+0200: 8,182: [GC (Allocation Failure)  89010K->70980K(126720K), 0,0093689 secs]
2016-10-07T15:48:00.267+0200: 8,191: Total time for which application threads were stopped: 0,0095661 seconds, Stopping threads took: 0,0000244 seconds
2016-10-07T15:48:00.271+0200: 8,196: [GC (Allocation Failure)  105419K->88391K(126720K), 0,0039809 secs]
2016-10-07T15:48:00.275+0200: 8,200: Total time for which application threads were stopped: 0,0041400 seconds, Stopping threads took: 0,0000178 seconds
2016-10-07T15:48:00.279+0200: 8,204: [GC (CMS Final Remark)  122851K(126720K), 0,0034076 secs]
2016-10-07T15:48:00.282+0200: 8,207: Total time for which application threads were stopped: 0,0034703 seconds, Stopping threads took: 0,0000154 seconds
2016-10-07T15:48:00.283+0200: 8,208: [Full GC (Allocation Failure)  121815K->103725K(126720K), 0,0274890 secs]
2016-10-07T15:48:00.311+0200: 8,236: Total time for which application threads were stopped: 0,0286303 seconds, Stopping threads took: 0,0000256 seconds
2016-10-07T15:48:00.314+0200: 8,239: [Full GC (Allocation Failure)  125952K->114989K(126720K), 0,0216690 secs]
2016-10-07T15:48:00.336+0200: 8,261: Total time for which application threads were stopped: 0,0221181 seconds, Stopping threads took: 0,0000177 seconds
2016-10-07T15:48:00.338+0200: 8,263: [Full GC (Allocation Failure)  125835K->120109K(126720K), 0,0113495 secs]
2016-10-07T15:48:00.349+0200: 8,274: Total time for which application threads were stopped: 0,0119340 seconds, Stopping threads took: 0,0000267 seconds
2016-10-07T15:48:00.350+0200: 8,274: [GC (CMS Initial Mark)  121137K(126720K), 0,0003352 secs]
2016-10-07T15:48:00.350+0200: 8,275: Total time for which application threads were stopped: 0,0004944 seconds, Stopping threads took: 0,0001063 seconds
2016-10-07T15:48:00.355+0200: 8,280: [Full GC (Allocation Failure)  126395K->123193K(126720K), 0,0091011 secs]
2016-10-07T15:48:00.364+0200: 8,289: Total time for which application threads were stopped: 0,0133874 seconds, Stopping threads took: 0,0000186 seconds
2016-10-07T15:48:00.365+0200: 8,290: [Full GC (Allocation Failure)  126284K->124213K(126720K), 0,0077326 secs]
2016-10-07T15:48:00.373+0200: 8,298: Total time for which application threads were stopped: 0,0082366 seconds, Stopping threads took: 0,0000412 seconds
2016-10-07T15:48:00.373+0200: 8,298: [GC (CMS Initial Mark)  125241K(126720K), 0,0003044 secs]
2016-10-07T15:48:00.374+0200: 8,298: Total time for which application threads were stopped: 0,0004449 seconds, Stopping threads took: 0,0001074 seconds
2016-10-07T15:48:00.376+0200: 8,301: [Full GC (Allocation Failure)  126294K->125229K(126720K), 0,0090360 secs]
2016-10-07T15:48:00.386+0200: 8,311: Total time for which application threads were stopped: 0,0104632 seconds, Stopping threads took: 0,0000186 seconds
2016-10-07T15:48:00.386+0200: 8,311: [Full GC (Allocation Failure)  126259K->126256K(126720K), 0,0094053 secs]
2016-10-07T15:48:00.396+0200: 8,321: [Full GC (Allocation Failure)  126256K->126254K(126720K), 0,0144327 secs]
2016-10-07T15:48:00.411+0200: 8,335: Total time for which application threads were stopped: 0,0246576 seconds, Stopping threads took: 0,0000343 seconds
2016-10-07T15:48:00.411+0200: 8,336: [GC (CMS Initial Mark)  126258K(126720K), 0,0003276 secs]
2016-10-07T15:48:00.411+0200: 8,336: Total time for which application threads were stopped: 0,0004735 seconds, Stopping threads took: 0,0000911 seconds
2016-10-07T15:48:00.414+0200: 8,339: [Full GC (Allocation Failure)  126258K->2351K(126720K), 0,0073843 secs]
2016-10-07T15:48:00.421+0200: 8,346: Total time for which application threads were stopped: 0,0102035 seconds, Stopping threads took: 0,0000248 seconds
2016-10-07T15:48:00.426+0200: 8,351: [GC (Allocation Failure)  36557K->20797K(126720K), 0,0039041 secs]
2016-10-07T15:48:00.430+0200: 8,355: Total time for which application threads were stopped: 0,0040888 seconds, Stopping threads took: 0,0000298 seconds
2016-10-07T15:48:00.434+0200: 8,359: [GC (Allocation Failure)  55066K->37187K(126720K), 0,0046546 secs]
2016-10-07T15:48:00.439+0200: 8,364: Total time for which application threads were stopped: 0,0048925 seconds, Stopping threads took: 0,0000380 seconds
2016-10-07T15:48:00.443+0200: 8,368: [GC (Allocation Failure)  71538K->54597K(126720K), 0,0039104 secs]
2016-10-07T15:48:00.447+0200: 8,372: Total time for which application threads were stopped: 0,0040607 seconds, Stopping threads took: 0,0000164 seconds
2016-10-07T15:48:00.447+0200: 8,372: [GC (CMS Initial Mark)  55623K(126720K), 0,0003060 secs]
2016-10-07T15:48:00.447+0200: 8,372: Total time for which application threads were stopped: 0,0004633 seconds, Stopping threads took: 0,0001137 seconds
2016-10-07T15:48:00.456+0200: 8,380: [GC (Allocation Failure)  89001K->70979K(126720K), 0,0082873 secs]
2016-10-07T15:48:00.464+0200: 8,389: Total time for which application threads were stopped: 0,0084374 seconds, Stopping threads took: 0,0000177 seconds
2016-10-07T15:48:00.469+0200: 8,394: [GC (Allocation Failure)  105418K->88388K(126720K), 0,0043367 secs]
2016-10-07T15:48:00.474+0200: 8,399: Total time for which application threads were stopped: 0,0044944 seconds, Stopping threads took: 0,0000242 seconds
2016-10-07T15:48:00.474+0200: 8,399: [GC (CMS Final Remark)  89414K(126720K), 0,0027494 secs]
2016-10-07T15:48:00.477+0200: 8,402: Total time for which application threads were stopped: 0,0029071 seconds, Stopping threads took: 0,0001154 seconds
2016-10-07T15:48:00.481+0200: 8,406: [Full GC (Allocation Failure)  121839K->103725K(126720K), 0,0280283 secs]
2016-10-07T15:48:00.510+0200: 8,434: Total time for which application threads were stopped: 0,0284932 seconds, Stopping threads took: 0,0000198 seconds
2016-10-07T15:48:00.510+0200: 8,435: [GC (CMS Initial Mark)  104751K(126720K), 0,0002745 secs]
2016-10-07T15:48:00.510+0200: 8,435: Total time for which application threads were stopped: 0,0004626 seconds, Stopping threads took: 0,0001378 seconds
2016-10-07T15:48:00.515+0200: 8,439: [Full GC (Allocation Failure)  125932K->114989K(126720K), 0,0153481 secs]
2016-10-07T15:48:00.530+0200: 8,455: Total time for which application threads were stopped: 0,0172352 seconds, Stopping threads took: 0,0000221 seconds
2016-10-07T15:48:00.532+0200: 8,457: [Full GC (Allocation Failure)  125835K->120109K(126720K), 0,0087302 secs]
2016-10-07T15:48:00.541+0200: 8,466: Total time for which application threads were stopped: 0,0092585 seconds, Stopping threads took: 0,0000246 seconds
2016-10-07T15:48:00.541+0200: 8,466: [GC (CMS Initial Mark)  121137K(126720K), 0,0002529 secs]
2016-10-07T15:48:00.541+0200: 8,466: Total time for which application threads were stopped: 0,0003909 seconds, Stopping threads took: 0,0000942 seconds
2016-10-07T15:48:00.545+0200: 8,470: [Full GC (Allocation Failure)  126399K->123191K(126720K), 0,0112140 secs]
2016-10-07T15:48:00.557+0200: 8,482: Total time for which application threads were stopped: 0,0146073 seconds, Stopping threads took: 0,0000448 seconds
2016-10-07T15:48:00.558+0200: 8,483: [Full GC (Allocation Failure)  126272K->124208K(126720K), 0,0085023 secs]
2016-10-07T15:48:00.567+0200: 8,492: Total time for which application threads were stopped: 0,0090352 seconds, Stopping threads took: 0,0001017 seconds
2016-10-07T15:48:00.567+0200: 8,492: [Full GC (Allocation Failure)  126272K->125241K(126720K), 0,0069611 secs]
2016-10-07T15:48:00.575+0200: 8,499: Total time for which application threads were stopped: 0,0074387 seconds, Stopping threads took: 0,0000284 seconds
2016-10-07T15:48:00.576+0200: 8,501: [Full GC (Allocation Failure)  126271K->126264K(126720K), 0,0087435 secs]
2016-10-07T15:48:00.585+0200: 8,510: [Full GC (Allocation Failure)  126264K->126261K(126720K), 0,0169834 secs]
2016-10-07T15:48:00.602+0200: 8,527: Total time for which application threads were stopped: 0,0270300 seconds, Stopping threads took: 0,0000493 seconds
2016-10-07T15:48:00.603+0200: 8,527: [GC (CMS Initial Mark)  126261K(126720K), 0,0003271 secs]
2016-10-07T15:48:00.603+0200: 8,528: Total time for which application threads were stopped: 0,0004352 seconds, Stopping threads took: 0,0000465 seconds
2016-10-07T15:48:00.607+0200: 8,532: [Full GC (Allocation Failure)  126288K->2361K(126720K), 0,0083361 secs]
2016-10-07T15:48:00.615+0200: 8,540: Total time for which application threads were stopped: 0,0119210 seconds, Stopping threads took: 0,0000358 seconds
2016-10-07T15:48:00.624+0200: 8,549: [GC (Allocation Failure)  36572K->20799K(126720K), 0,0035910 secs]
2016-10-07T15:48:00.628+0200: 8,553: Total time for which application threads were stopped: 0,0037803 seconds, Stopping threads took: 0,0000200 seconds
2016-10-07T15:48:00.632+0200: 8,557: [GC (Allocation Failure)  55068K->37188K(126720K), 0,0055958 secs]
2016-10-07T15:48:00.638+0200: 8,563: Total time for which application threads were stopped: 0,0059093 seconds, Stopping threads took: 0,0000225 seconds
2016-10-07T15:48:00.643+0200: 8,568: [GC (Allocation Failure)  71537K->54598K(126720K), 0,0038417 secs]
2016-10-07T15:48:00.647+0200: 8,572: Total time for which application threads were stopped: 0,0039868 seconds, Stopping threads took: 0,0000164 seconds
2016-10-07T15:48:00.651+0200: 8,576: [GC (CMS Initial Mark)  89002K(126720K), 0,0005845 secs]
2016-10-07T15:48:00.652+0200: 8,577: Total time for which application threads were stopped: 0,0006544 seconds, Stopping threads took: 0,0000229 seconds
2016-10-07T15:48:00.652+0200: 8,577: [GC (Allocation Failure)  89002K->70982K(126720K), 0,0075349 secs]
2016-10-07T15:48:00.659+0200: 8,584: Total time for which application threads were stopped: 0,0076649 seconds, Stopping threads took: 0,0000146 seconds
2016-10-07T15:48:00.664+0200: 8,589: [GC (Allocation Failure)  105419K->88389K(126720K), 0,0101405 secs]
2016-10-07T15:48:00.674+0200: 8,599: Total time for which application threads were stopped: 0,0102917 seconds, Stopping threads took: 0,0000214 seconds
2016-10-07T15:48:00.674+0200: 8,599: [GC (CMS Final Remark)  89415K(126720K), 0,0028958 secs]
2016-10-07T15:48:00.677+0200: 8,602: Total time for which application threads were stopped: 0,0030349 seconds, Stopping threads took: 0,0000944 seconds
2016-10-07T15:48:00.682+0200: 8,607: [Full GC (Allocation Failure)  121838K->103725K(126720K), 0,0341566 secs]
2016-10-07T15:48:00.716+0200: 8,641: Total time for which application threads were stopped: 0,0347661 seconds, Stopping threads took: 0,0000274 seconds
2016-10-07T15:48:00.716+0200: 8,641: [GC (CMS Initial Mark)  104751K(126720K), 0,0002275 secs]
2016-10-07T15:48:00.717+0200: 8,642: Total time for which application threads were stopped: 0,0004620 seconds, Stopping threads took: 0,0002055 seconds
2016-10-07T15:48:00.721+0200: 8,645: [Full GC (Allocation Failure)  125932K->114989K(126720K), 0,0130817 secs]
2016-10-07T15:48:00.734+0200: 8,659: Total time for which application threads were stopped: 0,0143683 seconds, Stopping threads took: 0,0000209 seconds
2016-10-07T15:48:00.735+0200: 8,660: [Full GC (Allocation Failure)  125836K->120109K(126720K), 0,0131702 secs]
2016-10-07T15:48:00.749+0200: 8,674: Total time for which application threads were stopped: 0,0137684 seconds, Stopping threads took: 0,0000195 seconds
2016-10-07T15:48:00.749+0200: 8,674: [GC (CMS Initial Mark)  122284K(126720K), 0,0003356 secs]
2016-10-07T15:48:00.750+0200: 8,675: Total time for which application threads were stopped: 0,0004010 seconds, Stopping threads took: 0,0000161 seconds
2016-10-07T15:48:00.753+0200: 8,678: [Full GC (Allocation Failure)  126386K->123193K(126720K), 0,0133791 secs]
2016-10-07T15:48:00.767+0200: 8,692: Total time for which application threads were stopped: 0,0165673 seconds, Stopping threads took: 0,0000186 seconds
2016-10-07T15:48:00.768+0200: 8,693: [Full GC (Allocation Failure)  126268K->124206K(126720K), 0,0127398 secs]
2016-10-07T15:48:00.781+0200: 8,706: Total time for which application threads were stopped: 0,0132178 seconds, Stopping threads took: 0,0000392 seconds
2016-10-07T15:48:00.782+0200: 8,706: [Full GC (Allocation Failure)  126274K->125241K(126720K), 0,0127555 secs]
2016-10-07T15:48:00.795+0200: 8,719: Total time for which application threads were stopped: 0,0134427 seconds, Stopping threads took: 0,0000613 seconds
2016-10-07T15:48:00.795+0200: 8,720: [GC (CMS Initial Mark)  126267K(126720K), 0,0002969 secs]
2016-10-07T15:48:00.795+0200: 8,720: Total time for which application threads were stopped: 0,0004688 seconds, Stopping threads took: 0,0001138 seconds
2016-10-07T15:48:00.800+0200: 8,725: [Full GC (Allocation Failure)  126315K->126254K(126720K), 0,0098028 secs]
2016-10-07T15:48:00.810+0200: 8,735: [Full GC (Allocation Failure)  126254K->126251K(126720K), 0,0193784 secs]
2016-10-07T15:48:00.830+0200: 8,754: Total time for which application threads were stopped: 0,0302583 seconds, Stopping threads took: 0,0000211 seconds
2016-10-07T15:48:00.830+0200: 8,755: [Full GC (Allocation Failure)  126253K->2347K(126720K), 0,0097694 secs]
2016-10-07T15:48:00.840+0200: 8,765: Total time for which application threads were stopped: 0,0101851 seconds, Stopping threads took: 0,0000386 seconds
2016-10-07T15:48:00.844+0200: 8,769: [GC (Allocation Failure)  36543K->20789K(126720K), 0,0038142 secs]
2016-10-07T15:48:00.848+0200: 8,773: Total time for which application threads were stopped: 0,0039871 seconds, Stopping threads took: 0,0000232 seconds
2016-10-07T15:48:00.855+0200: 8,780: [GC (Allocation Failure)  55058K->37180K(126720K), 0,0042855 secs]
2016-10-07T15:48:00.859+0200: 8,784: Total time for which application threads were stopped: 0,0044427 seconds, Stopping threads took: 0,0000182 seconds
2016-10-07T15:48:00.863+0200: 8,788: [GC (Allocation Failure)  71531K->54587K(126720K), 0,0041463 secs]
2016-10-07T15:48:00.868+0200: 8,792: Total time for which application threads were stopped: 0,0043439 seconds, Stopping threads took: 0,0000345 seconds
2016-10-07T15:48:00.868+0200: 8,793: [GC (CMS Initial Mark)  55613K(126720K), 0,0002721 secs]
2016-10-07T15:48:00.868+0200: 8,793: Total time for which application threads were stopped: 0,0004421 seconds, Stopping threads took: 0,0001184 seconds
2016-10-07T15:48:00.877+0200: 8,802: [GC (Allocation Failure)  88991K->70973K(126720K), 0,0091129 secs]
2016-10-07T15:48:00.886+0200: 8,811: Total time for which application threads were stopped: 0,0093097 seconds, Stopping threads took: 0,0000286 seconds
2016-10-07T15:48:00.890+0200: 8,815: [GC (Allocation Failure)  105411K->88381K(126720K), 0,0041598 secs]
2016-10-07T15:48:00.894+0200: 8,819: Total time for which application threads were stopped: 0,0043200 seconds, Stopping threads took: 0,0000168 seconds
2016-10-07T15:48:00.895+0200: 8,820: [GC (CMS Final Remark)  89427K(126720K), 0,0030347 secs]
2016-10-07T15:48:00.898+0200: 8,823: Total time for which application threads were stopped: 0,0031692 seconds, Stopping threads took: 0,0000872 seconds
2016-10-07T15:48:00.902+0200: 8,827: [Full GC (Allocation Failure)  121840K->103726K(126720K), 0,0346495 secs]
2016-10-07T15:48:00.937+0200: 8,862: Total time for which application threads were stopped: 0,0351307 seconds, Stopping threads took: 0,0000260 seconds
2016-10-07T15:48:00.938+0200: 8,863: [GC (CMS Initial Mark)  109549K(126720K), 0,0002690 secs]
2016-10-07T15:48:00.938+0200: 8,863: Total time for which application threads were stopped: 0,0004383 seconds, Stopping threads took: 0,0001138 seconds
2016-10-07T15:48:00.945+0200: 8,870: [Full GC (Allocation Failure)  125934K->114991K(126720K), 0,0158776 secs]
2016-10-07T15:48:00.961+0200: 8,886: Total time for which application threads were stopped: 0,0197685 seconds, Stopping threads took: 0,0000226 seconds
2016-10-07T15:48:00.963+0200: 8,888: [Full GC (Allocation Failure)  125837K->120111K(126720K), 0,0101664 secs]
2016-10-07T15:48:00.973+0200: 8,898: Total time for which application threads were stopped: 0,0107878 seconds, Stopping threads took: 0,0000205 seconds
2016-10-07T15:48:00.975+0200: 8,900: [Full GC (Allocation Failure)  126396K->123195K(126720K), 0,0133327 secs]
2016-10-07T15:48:00.988+0200: 8,913: Total time for which application threads were stopped: 0,0139522 seconds, Stopping threads took: 0,0000392 seconds
2016-10-07T15:48:00.989+0200: 8,914: [Full GC (Allocation Failure)  126267K->124219K(126720K), 0,0080903 secs]
2016-10-07T15:48:00.997+0200: 8,922: Total time for which application threads were stopped: 0,0085486 seconds, Stopping threads took: 0,0000211 seconds
2016-10-07T15:48:00.997+0200: 8,922: [GC (CMS Initial Mark)  125245K(126720K), 0,0003269 secs]
2016-10-07T15:48:00.998+0200: 8,923: Total time for which application threads were stopped: 0,0004711 seconds, Stopping threads took: 0,0001017 seconds
2016-10-07T15:48:01.001+0200: 8,926: [Full GC (Allocation Failure)  126272K->125242K(126720K), 0,0076661 secs]
2016-10-07T15:48:01.009+0200: 8,934: Total time for which application threads were stopped: 0,0107529 seconds, Stopping threads took: 0,0000495 seconds
2016-10-07T15:48:01.009+0200: 8,934: [Full GC (Allocation Failure)  126272K->126257K(126720K), 0,0069379 secs]
2016-10-07T15:48:01.017+0200: 8,941: [Full GC (Allocation Failure)  126257K->126254K(126720K), 0,0155660 secs]
2016-10-07T15:48:01.032+0200: 8,957: Total time for which application threads were stopped: 0,0233794 seconds, Stopping threads took: 0,0000404 seconds
2016-10-07T15:48:01.033+0200: 8,957: [GC (CMS Initial Mark)  126256K(126720K), 0,0002486 secs]
2016-10-07T15:48:01.033+0200: 8,958: Total time for which application threads were stopped: 0,0003452 seconds, Stopping threads took: 0,0000436 seconds
2016-10-07T15:48:01.037+0200: 8,962: [Full GC (Allocation Failure)  126256K->2349K(126720K), 0,0098065 secs]
2016-10-07T15:48:01.047+0200: 8,972: Total time for which application threads were stopped: 0,0140199 seconds, Stopping threads took: 0,0000129 seconds
2016-10-07T15:48:01.054+0200: 8,979: [GC (Allocation Failure)  36600K->20796K(126720K), 0,0041074 secs]
2016-10-07T15:48:01.058+0200: 8,983: Total time for which application threads were stopped: 0,0042871 seconds, Stopping threads took: 0,0000260 seconds
2016-10-07T15:48:01.064+0200: 8,989: [GC (Allocation Failure)  55064K->37190K(126720K), 0,0043716 secs]
2016-10-07T15:48:01.068+0200: 8,993: Total time for which application threads were stopped: 0,0045713 seconds, Stopping threads took: 0,0000276 seconds
2016-10-07T15:48:01.077+0200: 9,001: [GC (Allocation Failure)  71541K->54597K(126720K), 0,0059405 secs]
2016-10-07T15:48:01.083+0200: 9,007: Total time for which application threads were stopped: 0,0061763 seconds, Stopping threads took: 0,0000309 seconds
2016-10-07T15:48:01.083+0200: 9,008: [GC (CMS Initial Mark)  55623K(126720K), 0,0002586 secs]
2016-10-07T15:48:01.083+0200: 9,008: Total time for which application threads were stopped: 0,0005016 seconds, Stopping threads took: 0,0001980 seconds
2016-10-07T15:48:01.087+0200: 9,011: [GC (CMS Final Remark)  57235K(126720K), 0,0029194 secs]
2016-10-07T15:48:01.089+0200: 9,014: Total time for which application threads were stopped: 0,0030703 seconds, Stopping threads took: 0,0001052 seconds
2016-10-07T15:48:01.094+0200: 9,019: [GC (Allocation Failure)  87989K->69946K(126720K), 0,0041013 secs]
2016-10-07T15:48:01.098+0200: 9,023: Total time for which application threads were stopped: 0,0042966 seconds, Stopping threads took: 0,0000172 seconds
2016-10-07T15:48:01.099+0200: 9,024: [GC (CMS Initial Mark)  70991K(126720K), 0,0023732 secs]
2016-10-07T15:48:01.101+0200: 9,026: Total time for which application threads were stopped: 0,0027675 seconds, Stopping threads took: 0,0001416 seconds
2016-10-07T15:48:01.113+0200: 9,037: [GC (Allocation Failure)  104383K->87356K(126720K), 0,0041855 secs]
2016-10-07T15:48:01.117+0200: 9,042: Total time for which application threads were stopped: 0,0043340 seconds, Stopping threads took: 0,0000265 seconds
2016-10-07T15:48:01.117+0200: 9,042: [GC (CMS Final Remark)  88382K(126720K), 0,0044362 secs]
2016-10-07T15:48:01.122+0200: 9,047: Total time for which application threads were stopped: 0,0047361 seconds, Stopping threads took: 0,0002300 seconds
2016-10-07T15:48:01.126+0200: 9,051: [Full GC (Allocation Failure)  121841K->103726K(126720K), 0,0299714 secs]
2016-10-07T15:48:01.156+0200: 9,081: Total time for which application threads were stopped: 0,0304457 seconds, Stopping threads took: 0,0000205 seconds
2016-10-07T15:48:01.157+0200: 9,081: [GC (CMS Initial Mark)  104752K(126720K), 0,0002720 secs]
2016-10-07T15:48:01.157+0200: 9,082: Total time for which application threads were stopped: 0,0004403 seconds, Stopping threads took: 0,0001396 seconds
2016-10-07T15:48:01.161+0200: 9,086: [Full GC (Allocation Failure)  125934K->114991K(126720K), 0,0159950 secs]
2016-10-07T15:48:01.178+0200: 9,102: Total time for which application threads were stopped: 0,0177271 seconds, Stopping threads took: 0,0000189 seconds
2016-10-07T15:48:01.179+0200: 9,104: [Full GC (Allocation Failure)  125837K->120111K(126720K), 0,0092167 secs]
2016-10-07T15:48:01.189+0200: 9,113: Total time for which application threads were stopped: 0,0096642 seconds, Stopping threads took: 0,0000153 seconds
2016-10-07T15:48:01.189+0200: 9,114: [GC (CMS Initial Mark)  121137K(126720K), 0,0002392 secs]
2016-10-07T15:48:01.189+0200: 9,114: Total time for which application threads were stopped: 0,0003923 seconds, Stopping threads took: 0,0001220 seconds
2016-10-07T15:48:01.193+0200: 9,118: [Full GC (Allocation Failure)  126399K->123195K(126720K), 0,0119033 secs]
2016-10-07T15:48:01.205+0200: 9,130: Total time for which application threads were stopped: 0,0153093 seconds, Stopping threads took: 0,0000203 seconds
2016-10-07T15:48:01.206+0200: 9,131: [Full GC (Allocation Failure)  126283K->124212K(126720K), 0,0074476 secs]
2016-10-07T15:48:01.213+0200: 9,138: Total time for which application threads were stopped: 0,0079472 seconds, Stopping threads took: 0,0001028 seconds
2016-10-07T15:48:01.214+0200: 9,138: [GC (CMS Initial Mark)  125244K(126720K), 0,0002215 secs]
2016-10-07T15:48:01.214+0200: 9,139: Total time for which application threads were stopped: 0,0003292 seconds, Stopping threads took: 0,0000761 seconds
2016-10-07T15:48:01.217+0200: 9,141: [Full GC (Allocation Failure)  126272K->125243K(126720K), 0,0084615 secs]
2016-10-07T15:48:01.225+0200: 9,150: Total time for which application threads were stopped: 0,0113140 seconds, Stopping threads took: 0,0000186 seconds
2016-10-07T15:48:01.226+0200: 9,150: [Full GC (Allocation Failure)  126271K->126266K(126720K), 0,0066470 secs]
2016-10-07T15:48:01.233+0200: 9,158: [Full GC (Allocation Failure)  126266K->126264K(126720K), 0,0192109 secs]
2016-10-07T15:48:01.252+0200: 9,177: Total time for which application threads were stopped: 0,0266910 seconds, Stopping threads took: 0,0000420 seconds
2016-10-07T15:48:01.252+0200: 9,177: [GC (CMS Initial Mark)  126266K(126720K), 0,0002912 secs]
2016-10-07T15:48:01.253+0200: 9,177: Total time for which application threads were stopped: 0,0003809 seconds, Stopping threads took: 0,0000462 seconds
2016-10-07T15:48:01.256+0200: 9,181: [Full GC (Allocation Failure)  126357K->2349K(126720K), 0,0069593 secs]
2016-10-07T15:48:01.263+0200: 9,188: Total time for which application threads were stopped: 0,0094204 seconds, Stopping threads took: 0,0000561 seconds
2016-10-07T15:48:01.268+0200: 9,193: [GC (Allocation Failure)  36509K->20787K(126720K), 0,0036168 secs]
2016-10-07T15:48:01.272+0200: 9,197: Total time for which application threads were stopped: 0,0037803 seconds, Stopping threads took: 0,0000193 seconds
2016-10-07T15:48:01.276+0200: 9,201: [GC (Allocation Failure)  55056K->37176K(126720K), 0,0094098 secs]
2016-10-07T15:48:01.286+0200: 9,210: Total time for which application threads were stopped: 0,0096480 seconds, Stopping threads took: 0,0000230 seconds
2016-10-07T15:48:01.290+0200: 9,215: [GC (Allocation Failure)  71527K->54586K(126720K), 0,0087817 secs]
2016-10-07T15:48:01.299+0200: 9,224: Total time for which application threads were stopped: 0,0089605 seconds, Stopping threads took: 0,0000182 seconds
2016-10-07T15:48:01.299+0200: 9,224: [GC (CMS Initial Mark)  55612K(126720K), 0,0003113 secs]
2016-10-07T15:48:01.299+0200: 9,224: Total time for which application threads were stopped: 0,0004997 seconds, Stopping threads took: 0,0001542 seconds
2016-10-07T15:48:01.304+0200: 9,229: [GC (Allocation Failure)  88989K->70971K(126720K), 0,0037711 secs]
2016-10-07T15:48:01.308+0200: 9,233: Total time for which application threads were stopped: 0,0039452 seconds, Stopping threads took: 0,0000307 seconds
2016-10-07T15:48:01.313+0200: 9,238: [GC (Allocation Failure)  105411K->88377K(126720K), 0,0126522 secs]
2016-10-07T15:48:01.325+0200: 9,250: Total time for which application threads were stopped: 0,0128590 seconds, Stopping threads took: 0,0000326 seconds
2016-10-07T15:48:01.331+0200: 9,256: [GC (CMS Final Remark)  122839K(126720K), 0,0034428 secs]
2016-10-07T15:48:01.334+0200: 9,259: Total time for which application threads were stopped: 0,0035270 seconds, Stopping threads took: 0,0000282 seconds
2016-10-07T15:48:01.336+0200: 9,261: [Full GC (Allocation Failure)  121815K->103728K(126720K), 0,0316422 secs]
2016-10-07T15:48:01.368+0200: 9,292: Total time for which application threads were stopped: 0,0330231 seconds, Stopping threads took: 0,0000214 seconds
2016-10-07T15:48:01.371+0200: 9,296: [Full GC (Allocation Failure)  125955K->114992K(126720K), 0,0248030 secs]
2016-10-07T15:48:01.396+0200: 9,321: Total time for which application threads were stopped: 0,0252617 seconds, Stopping threads took: 0,0000253 seconds
2016-10-07T15:48:01.396+0200: 9,321: [GC (CMS Initial Mark)  116018K(126720K), 0,0002306 secs]
2016-10-07T15:48:01.396+0200: 9,321: Total time for which application threads were stopped: 0,0003919 seconds, Stopping threads took: 0,0001179 seconds
2016-10-07T15:48:01.400+0200: 9,325: [Full GC (Allocation Failure)  125839K->120112K(126720K), 0,0114656 secs]
2016-10-07T15:48:01.412+0200: 9,337: Total time for which application threads were stopped: 0,0142927 seconds, Stopping threads took: 0,0000293 seconds
2016-10-07T15:48:01.413+0200: 9,338: [Full GC (Allocation Failure)  126397K->123197K(126720K), 0,0118817 secs]
2016-10-07T15:48:01.425+0200: 9,350: Total time for which application threads were stopped: 0,0123628 seconds, Stopping threads took: 0,0000400 seconds
2016-10-07T15:48:01.426+0200: 9,351: [Full GC (Allocation Failure)  126269K->124221K(126720K), 0,0079364 secs]
2016-10-07T15:48:01.434+0200: 9,359: Total time for which application threads were stopped: 0,0084431 seconds, Stopping threads took: 0,0000272 seconds
2016-10-07T15:48:01.434+0200: 9,359: [GC (CMS Initial Mark)  125249K(126720K), 0,0002755 secs]
2016-10-07T15:48:01.435+0200: 9,359: Total time for which application threads were stopped: 0,0004635 seconds, Stopping threads took: 0,0001461 seconds
2016-10-07T15:48:01.438+0200: 9,363: [Full GC (Allocation Failure)  126274K->125243K(126720K), 0,0094270 secs]
2016-10-07T15:48:01.448+0200: 9,373: Total time for which application threads were stopped: 0,0130922 seconds, Stopping threads took: 0,0000181 seconds
2016-10-07T15:48:01.452+0200: 9,377: [Full GC (Allocation Failure)  126333K->126256K(126720K), 0,0100114 secs]
2016-10-07T15:48:01.462+0200: 9,387: [Full GC (Allocation Failure)  126256K->126254K(126720K), 0,0184577 secs]
2016-10-07T15:48:01.481+0200: 9,406: Total time for which application threads were stopped: 0,0294984 seconds, Stopping threads took: 0,0000331 seconds
2016-10-07T15:48:01.484+0200: 9,408: [Full GC (Allocation Failure)  126302K->2351K(126720K), 0,0097037 secs]
2016-10-07T15:48:01.493+0200: 9,418: Total time for which application threads were stopped: 0,0101406 seconds, Stopping threads took: 0,0000210 seconds
2016-10-07T15:48:01.498+0200: 9,423: [GC (Allocation Failure)  36504K->20791K(126720K), 0,0070749 secs]
2016-10-07T15:48:01.505+0200: 9,430: Total time for which application threads were stopped: 0,0072561 seconds, Stopping threads took: 0,0000245 seconds
2016-10-07T15:48:01.509+0200: 9,434: [GC (Allocation Failure)  55058K->37175K(126720K), 0,0038626 secs]
2016-10-07T15:48:01.513+0200: 9,437: Total time for which application threads were stopped: 0,0040123 seconds, Stopping threads took: 0,0000177 seconds
2016-10-07T15:48:01.517+0200: 9,441: [GC (Allocation Failure)  71525K->54588K(126720K), 0,0040736 secs]
2016-10-07T15:48:01.521+0200: 9,446: Total time for which application threads were stopped: 0,0042339 seconds, Stopping threads took: 0,0000252 seconds
2016-10-07T15:48:01.521+0200: 9,446: [GC (CMS Initial Mark)  55614K(126720K), 0,0004709 secs]
2016-10-07T15:48:01.521+0200: 9,446: Total time for which application threads were stopped: 0,0006882 seconds, Stopping threads took: 0,0001094 seconds
2016-10-07T15:48:01.529+0200: 9,454: [GC (Allocation Failure)  88991K->70970K(126720K), 0,0073826 secs]
2016-10-07T15:48:01.537+0200: 9,462: Total time for which application threads were stopped: 0,0075876 seconds, Stopping threads took: 0,0000384 seconds
2016-10-07T15:48:01.541+0200: 9,466: [GC (Allocation Failure)  105407K->88382K(126720K), 0,0042218 secs]
2016-10-07T15:48:01.545+0200: 9,470: Total time for which application threads were stopped: 0,0045203 seconds, Stopping threads took: 0,0000154 seconds
2016-10-07T15:48:01.546+0200: 9,470: [GC (CMS Final Remark)  89418K(126720K), 0,0025931 secs]
2016-10-07T15:48:01.548+0200: 9,473: Total time for which application threads were stopped: 0,0028211 seconds, Stopping threads took: 0,0001688 seconds
2016-10-07T15:48:01.553+0200: 9,478: [Full GC (Allocation Failure)  121842K->103728K(126720K), 0,0317373 secs]
2016-10-07T15:48:01.585+0200: 9,509: Total time for which application threads were stopped: 0,0322376 seconds, Stopping threads took: 0,0000276 seconds
2016-10-07T15:48:01.585+0200: 9,510: [GC (CMS Initial Mark)  104754K(126720K), 0,0002521 secs]
2016-10-07T15:48:01.585+0200: 9,510: Total time for which application threads were stopped: 0,0004194 seconds, Stopping threads took: 0,0001320 seconds
2016-10-07T15:48:01.589+0200: 9,514: [Full GC (Allocation Failure)  125935K->114992K(126720K), 0,0118188 secs]
2016-10-07T15:48:01.601+0200: 9,526: Total time for which application threads were stopped: 0,0128288 seconds, Stopping threads took: 0,0000170 seconds
2016-10-07T15:48:01.602+0200: 9,527: [Full GC (Allocation Failure)  125838K->120112K(126720K), 0,0147236 secs]
2016-10-07T15:48:01.617+0200: 9,542: Total time for which application threads were stopped: 0,0153018 seconds, Stopping threads took: 0,0000266 seconds
2016-10-07T15:48:01.618+0200: 9,543: [GC (CMS Initial Mark)  121161K(126720K), 0,0002214 secs]
2016-10-07T15:48:01.619+0200: 9,543: Total time for which application threads were stopped: 0,0003613 seconds, Stopping threads took: 0,0001051 seconds
2016-10-07T15:48:01.623+0200: 9,547: [Full GC (Allocation Failure)  126384K->123185K(126720K), 0,0100197 secs]
2016-10-07T15:48:01.633+0200: 9,558: Total time for which application threads were stopped: 0,0129404 seconds, Stopping threads took: 0,0000453 seconds
2016-10-07T15:48:01.634+0200: 9,558: [Full GC (Allocation Failure)  126281K->124220K(126720K), 0,0154009 secs]
2016-10-07T15:48:01.649+0200: 9,574: Total time for which application threads were stopped: 0,0159102 seconds, Stopping threads took: 0,0000531 seconds
2016-10-07T15:48:01.650+0200: 9,574: [GC (CMS Initial Mark)  125246K(126720K), 0,0002710 secs]
2016-10-07T15:48:01.650+0200: 9,575: Total time for which application threads were stopped: 0,0004668 seconds, Stopping threads took: 0,0001384 seconds
2016-10-07T15:48:01.655+0200: 9,580: [Full GC (Allocation Failure)  126295K->125233K(126720K), 0,0085729 secs]
2016-10-07T15:48:01.664+0200: 9,589: Total time for which application threads were stopped: 0,0111391 seconds, Stopping threads took: 0,0000331 seconds
2016-10-07T15:48:01.664+0200: 9,589: [Full GC (Allocation Failure)  126263K->126259K(126720K), 0,0098337 secs]
2016-10-07T15:48:01.674+0200: 9,599: [Full GC (Allocation Failure)  126259K->126257K(126720K), 0,0197329 secs]
2016-10-07T15:48:01.694+0200: 9,619: Total time for which application threads were stopped: 0,0304858 seconds, Stopping threads took: 0,0000430 seconds
2016-10-07T15:48:01.695+0200: 9,620: [Full GC (Allocation Failure)  126263K->2354K(126720K), 0,0065932 secs]
2016-10-07T15:48:01.702+0200: 9,626: Total time for which application threads were stopped: 0,0070376 seconds, Stopping threads took: 0,0000491 seconds
2016-10-07T15:48:01.710+0200: 9,635: [GC (Allocation Failure)  36560K->20801K(126720K), 0,0042333 secs]
2016-10-07T15:48:01.714+0200: 9,639: Total time for which application threads were stopped: 0,0044663 seconds, Stopping threads took: 0,0000217 seconds
2016-10-07T15:48:01.723+0200: 9,648: [GC (Allocation Failure)  55067K->37192K(126720K), 0,0086315 secs]
2016-10-07T15:48:01.731+0200: 9,656: Total time for which application threads were stopped: 0,0089070 seconds, Stopping threads took: 0,0000232 seconds
2016-10-07T15:48:01.737+0200: 9,662: [GC (Allocation Failure)  71542K->54599K(126720K), 0,0056214 secs]
2016-10-07T15:48:01.742+0200: 9,667: Total time for which application threads were stopped: 0,0058536 seconds, Stopping threads took: 0,0000397 seconds
2016-10-07T15:48:01.746+0200: 9,671: [GC (CMS Initial Mark)  64425K(126720K), 0,0005477 secs]
2016-10-07T15:48:01.746+0200: 9,671: Total time for which application threads were stopped: 0,0021681 seconds, Stopping threads took: 0,0014278 seconds
2016-10-07T15:48:01.750+0200: 9,675: [GC (Allocation Failure)  89002K->70985K(126720K), 0,0042552 secs]
2016-10-07T15:48:01.754+0200: 9,679: Total time for which application threads were stopped: 0,0044723 seconds, Stopping threads took: 0,0000196 seconds
2016-10-07T15:48:01.762+0200: 9,687: [GC (Allocation Failure)  105422K->88391K(126720K), 0,0051082 secs]
2016-10-07T15:48:01.768+0200: 9,692: Total time for which application threads were stopped: 0,0052525 seconds, Stopping threads took: 0,0000269 seconds
2016-10-07T15:48:01.768+0200: 9,693: [GC (CMS Final Remark)  89419K(126720K), 0,0028348 secs]
2016-10-07T15:48:01.771+0200: 9,695: Total time for which application threads were stopped: 0,0029356 seconds, Stopping threads took: 0,0000446 seconds
2016-10-07T15:48:01.777+0200: 9,702: [Full GC (Allocation Failure)  121840K->103728K(126720K), 0,0348450 secs]
2016-10-07T15:48:01.812+0200: 9,737: Total time for which application threads were stopped: 0,0358613 seconds, Stopping threads took: 0,0000549 seconds
2016-10-07T15:48:01.814+0200: 9,739: [GC (CMS Initial Mark)  117743K(126720K), 0,0003950 secs]
2016-10-07T15:48:01.814+0200: 9,739: Total time for which application threads were stopped: 0,0005606 seconds, Stopping threads took: 0,0001017 seconds
2016-10-07T15:48:01.823+0200: 9,747: [Full GC (Allocation Failure)  125935K->114993K(126720K), 0,0222266 secs]
2016-10-07T15:48:01.845+0200: 9,770: Total time for which application threads were stopped: 0,0290249 seconds, Stopping threads took: 0,0000273 seconds
2016-10-07T15:48:01.847+0200: 9,772: [Full GC (Allocation Failure)  125838K->120113K(126720K), 0,0154119 secs]
2016-10-07T15:48:01.863+0200: 9,787: Total time for which application threads were stopped: 0,0160286 seconds, Stopping threads took: 0,0000216 seconds
2016-10-07T15:48:01.863+0200: 9,788: [GC (CMS Initial Mark)  122288K(126720K), 0,0003601 secs]
2016-10-07T15:48:01.863+0200: 9,788: Total time for which application threads were stopped: 0,0005693 seconds, Stopping threads took: 0,0001410 seconds
2016-10-07T15:48:01.871+0200: 9,796: [Full GC (Allocation Failure)  126399K->123197K(126720K), 0,0095585 secs]
2016-10-07T15:48:01.881+0200: 9,806: Total time for which application threads were stopped: 0,0167546 seconds, Stopping threads took: 0,0000148 seconds
2016-10-07T15:48:01.882+0200: 9,807: [Full GC (Allocation Failure)  126275K->124220K(126720K), 0,0135979 secs]
2016-10-07T15:48:01.896+0200: 9,820: Total time for which application threads were stopped: 0,0142956 seconds, Stopping threads took: 0,0001981 seconds
2016-10-07T15:48:01.896+0200: 9,821: [GC (CMS Initial Mark)  125250K(126720K), 0,0002429 secs]
2016-10-07T15:48:01.896+0200: 9,821: Total time for which application threads were stopped: 0,0003466 seconds, Stopping threads took: 0,0000640 seconds
2016-10-07T15:48:01.899+0200: 9,824: [Full GC (Allocation Failure)  126286K->125244K(126720K), 0,0080538 secs]
2016-10-07T15:48:01.907+0200: 9,832: Total time for which application threads were stopped: 0,0111377 seconds, Stopping threads took: 0,0000116 seconds
2016-10-07T15:48:01.908+0200: 9,833: [Full GC (Allocation Failure)  126272K->126268K(126720K), 0,0074797 secs]
2016-10-07T15:48:01.916+0200: 9,841: [Full GC (Allocation Failure)  126268K->126266K(126720K), 0,0244090 secs]
2016-10-07T15:48:01.940+0200: 9,865: Total time for which application threads were stopped: 0,0328238 seconds, Stopping threads took: 0,0000379 seconds
2016-10-07T15:48:01.941+0200: 9,866: [Full GC (Allocation Failure)  126268K->2359K(126720K), 0,0102057 secs]
2016-10-07T15:48:01.951+0200: 9,876: Total time for which application threads were stopped: 0,0108087 seconds, Stopping threads took: 0,0000573 seconds
2016-10-07T15:48:01.956+0200: 9,881: [GC (Allocation Failure)  36595K->20800K(126720K), 0,0070346 secs]
2016-10-07T15:48:01.964+0200: 9,888: Total time for which application threads were stopped: 0,0073277 seconds, Stopping threads took: 0,0000282 seconds
2016-10-07T15:48:01.969+0200: 9,893: [GC (Allocation Failure)  55066K->37191K(126720K), 0,0099288 secs]
2016-10-07T15:48:01.979+0200: 9,903: Total time for which application threads were stopped: 0,0101470 seconds, Stopping threads took: 0,0000219 seconds
2016-10-07T15:48:01.984+0200: 9,909: [GC (Allocation Failure)  71542K->54600K(126720K), 0,0088886 secs]
2016-10-07T15:48:01.993+0200: 9,918: Total time for which application threads were stopped: 0,0091449 seconds, Stopping threads took: 0,0000261 seconds
2016-10-07T15:48:01.994+0200: 9,918: [GC (CMS Initial Mark)  55628K(126720K), 0,0003125 secs]
2016-10-07T15:48:01.994+0200: 9,919: Total time for which application threads were stopped: 0,0005372 seconds, Stopping threads took: 0,0001297 seconds
2016-10-07T15:48:01.999+0200: 9,924: [GC (Allocation Failure)  89002K->70986K(126720K), 0,0056803 secs]
2016-10-07T15:48:02.005+0200: 9,930: Total time for which application threads were stopped: 0,0061075 seconds, Stopping threads took: 0,0000218 seconds
2016-10-07T15:48:02.006+0200: 9,931: [GC (CMS Final Remark)  72012K(126720K), 0,0035849 secs]
2016-10-07T15:48:02.009+0200: 9,934: Total time for which application threads were stopped: 0,0044246 seconds, Stopping threads took: 0,0007607 seconds
2016-10-07T15:48:02.014+0200: 9,939: [GC (Allocation Failure)  104412K->87358K(126720K), 0,0126670 secs]
2016-10-07T15:48:02.027+0200: 9,952: Total time for which application threads were stopped: 0,0129369 seconds, Stopping threads took: 0,0000233 seconds
2016-10-07T15:48:02.028+0200: 9,953: [GC (CMS Initial Mark)  92120K(126720K), 0,0003546 secs]
2016-10-07T15:48:02.028+0200: 9,953: Total time for which application threads were stopped: 0,0004872 seconds, Stopping threads took: 0,0000675 seconds
2016-10-07T15:48:02.033+0200: 9,958: [Full GC (Allocation Failure)  121817K->103728K(126720K), 0,0412931 secs]
2016-10-07T15:48:02.075+0200: 10,000: Total time for which application threads were stopped: 0,0419092 seconds, Stopping threads took: 0,0000554 seconds
2016-10-07T15:48:02.078+0200: 10,003: [Full GC (Allocation Failure)  125935K->114993K(126720K), 0,0131316 secs]
2016-10-07T15:48:02.092+0200: 10,017: Total time for which application threads were stopped: 0,0137130 seconds, Stopping threads took: 0,0000201 seconds
2016-10-07T15:48:02.092+0200: 10,017: [GC (CMS Initial Mark)  116019K(126720K), 0,0003284 secs]
2016-10-07T15:48:02.093+0200: 10,017: Total time for which application threads were stopped: 0,0005455 seconds, Stopping threads took: 0,0001344 seconds
2016-10-07T15:48:02.097+0200: 10,022: [Full GC (Allocation Failure)  125839K->120113K(126720K), 0,0174059 secs]
2016-10-07T15:48:02.115+0200: 10,040: Total time for which application threads were stopped: 0,0210045 seconds, Stopping threads took: 0,0000330 seconds
2016-10-07T15:48:02.117+0200: 10,042: [Full GC (Allocation Failure)  126402K->123185K(126720K), 0,0124461 secs]
2016-10-07T15:48:02.130+0200: 10,055: Total time for which application threads were stopped: 0,0131842 seconds, Stopping threads took: 0,0000672 seconds
2016-10-07T15:48:02.130+0200: 10,055: [GC (CMS Initial Mark)  124213K(126720K), 0,0004528 secs]
2016-10-07T15:48:02.131+0200: 10,055: Total time for which application threads were stopped: 0,0006232 seconds, Stopping threads took: 0,0001200 seconds
2016-10-07T15:48:02.134+0200: 10,059: [Full GC (Allocation Failure)  126282K->124209K(126720K), 0,0091762 secs]
2016-10-07T15:48:02.143+0200: 10,068: Total time for which application threads were stopped: 0,0121035 seconds, Stopping threads took: 0,0000153 seconds
2016-10-07T15:48:02.144+0200: 10,069: [Full GC (Allocation Failure)  126279K->125244K(126720K), 0,0069281 secs]
2016-10-07T15:48:02.151+0200: 10,076: Total time for which application threads were stopped: 0,0073789 seconds, Stopping threads took: 0,0000323 seconds
2016-10-07T15:48:02.151+0200: 10,076: [GC (CMS Initial Mark)  126270K(126720K), 0,0002797 secs]
2016-10-07T15:48:02.151+0200: 10,076: Total time for which application threads were stopped: 0,0004033 seconds, Stopping threads took: 0,0000841 seconds
2016-10-07T15:48:02.156+0200: 10,080: [Full GC (Allocation Failure)  126271K->126268K(126720K), 0,0108542 secs]
2016-10-07T15:48:02.167+0200: 10,092: [Full GC (Allocation Failure)  126268K->126265K(126720K), 0,0182389 secs]
2016-10-07T15:48:02.185+0200: 10,110: Total time for which application threads were stopped: 0,0339663 seconds, Stopping threads took: 0,0000280 seconds
2016-10-07T15:48:02.186+0200: 10,111: [Full GC (Allocation Failure)  126267K->2360K(126720K), 0,0104807 secs]
2016-10-07T15:48:02.197+0200: 10,121: Total time for which application threads were stopped: 0,0110421 seconds, Stopping threads took: 0,0000225 seconds
2016-10-07T15:48:02.202+0200: 10,127: [GC (Allocation Failure)  36574K->20804K(126720K), 0,0046518 secs]
2016-10-07T15:48:02.207+0200: 10,132: Total time for which application threads were stopped: 0,0049197 seconds, Stopping threads took: 0,0000242 seconds
2016-10-07T15:48:02.211+0200: 10,136: [GC (Allocation Failure)  55071K->37193K(126720K), 0,0053579 secs]
2016-10-07T15:48:02.217+0200: 10,142: Total time for which application threads were stopped: 0,0055834 seconds, Stopping threads took: 0,0000263 seconds
2016-10-07T15:48:02.226+0200: 10,151: [GC (Allocation Failure)  71543K->54599K(126720K), 0,0065352 secs]
2016-10-07T15:48:02.233+0200: 10,158: Total time for which application threads were stopped: 0,0069025 seconds, Stopping threads took: 0,0000767 seconds
2016-10-07T15:48:02.233+0200: 10,158: [GC (CMS Initial Mark)  55625K(126720K), 0,0002538 secs]
2016-10-07T15:48:02.233+0200: 10,158: Total time for which application threads were stopped: 0,0004320 seconds, Stopping threads took: 0,0001296 seconds
2016-10-07T15:48:02.237+0200: 10,162: [GC (Allocation Failure)  89002K->70986K(126720K), 0,0041113 secs]
2016-10-07T15:48:02.242+0200: 10,167: Total time for which application threads were stopped: 0,0042878 seconds, Stopping threads took: 0,0000269 seconds
2016-10-07T15:48:02.246+0200: 10,171: [GC (Allocation Failure)  105431K->88394K(126720K), 0,0061987 secs]
2016-10-07T15:48:02.252+0200: 10,177: Total time for which application threads were stopped: 0,0063604 seconds, Stopping threads took: 0,0000214 seconds
2016-10-07T15:48:02.254+0200: 10,178: [GC (CMS Final Remark)  98276K(126720K), 0,0100192 secs]
2016-10-07T15:48:02.264+0200: 10,189: Total time for which application threads were stopped: 0,0101688 seconds, Stopping threads took: 0,0000584 seconds
2016-10-07T15:48:02.269+0200: 10,194: [Full GC (Allocation Failure)  121844K->103728K(126720K), 0,0335980 secs]
2016-10-07T15:48:02.303+0200: 10,228: Total time for which application threads were stopped: 0,0342399 seconds, Stopping threads took: 0,0000350 seconds
2016-10-07T15:48:02.303+0200: 10,228: [GC (CMS Initial Mark)  104756K(126720K), 0,0003707 secs]
2016-10-07T15:48:02.304+0200: 10,229: Total time for which application threads were stopped: 0,0005716 seconds, Stopping threads took: 0,0001549 seconds
2016-10-07T15:48:02.312+0200: 10,237: [Full GC (Allocation Failure)  125935K->114993K(126720K), 0,0155021 secs]
2016-10-07T15:48:02.328+0200: 10,253: Total time for which application threads were stopped: 0,0175633 seconds, Stopping threads took: 0,0000246 seconds
2016-10-07T15:48:02.329+0200: 10,254: [Full GC (Allocation Failure)  125838K->120113K(126720K), 0,0124560 secs]
2016-10-07T15:48:02.342+0200: 10,267: Total time for which application threads were stopped: 0,0129260 seconds, Stopping threads took: 0,0000320 seconds
2016-10-07T15:48:02.342+0200: 10,267: [GC (CMS Initial Mark)  121139K(126720K), 0,0003125 secs]
2016-10-07T15:48:02.343+0200: 10,268: Total time for which application threads were stopped: 0,0004914 seconds, Stopping threads took: 0,0001389 seconds
2016-10-07T15:48:02.345+0200: 10,270: [Full GC (Allocation Failure)  126400K->123196K(126720K), 0,0112678 secs]
2016-10-07T15:48:02.357+0200: 10,282: Total time for which application threads were stopped: 0,0134668 seconds, Stopping threads took: 0,0000225 seconds
2016-10-07T15:48:02.358+0200: 10,282: [Full GC (Allocation Failure)  126277K->124220K(126720K), 0,0084645 secs]
2016-10-07T15:48:02.366+0200: 10,291: Total time for which application threads were stopped: 0,0089586 seconds, Stopping threads took: 0,0000420 seconds
2016-10-07T15:48:02.367+0200: 10,291: [GC (CMS Initial Mark)  125244K(126720K), 0,0003871 secs]
2016-10-07T15:48:02.367+0200: 10,292: Total time for which application threads were stopped: 0,0005306 seconds, Stopping threads took: 0,0001130 seconds
2016-10-07T15:48:02.375+0200: 10,300: [Full GC (Allocation Failure)  126274K->125237K(126720K), 0,0154497 secs]
2016-10-07T15:48:02.391+0200: 10,316: Total time for which application threads were stopped: 0,0236590 seconds, Stopping threads took: 0,0000254 seconds
2016-10-07T15:48:02.391+0200: 10,316: [Full GC (Allocation Failure)  126273K->126268K(126720K), 0,0098083 secs]
2016-10-07T15:48:02.402+0200: 10,326: [Full GC (Allocation Failure)  126268K->126266K(126720K), 0,0205647 secs]
2016-10-07T15:48:02.422+0200: 10,347: Total time for which application threads were stopped: 0,0314026 seconds, Stopping threads took: 0,0000362 seconds
2016-10-07T15:48:02.423+0200: 10,347: [GC (CMS Initial Mark)  126268K(126720K), 0,0006597 secs]
2016-10-07T15:48:02.423+0200: 10,348: Total time for which application threads were stopped: 0,0007839 seconds, Stopping threads took: 0,0000661 seconds
2016-10-07T15:48:02.428+0200: 10,353: [Full GC (Allocation Failure)  126268K->2361K(126720K), 0,0108472 secs]
2016-10-07T15:48:02.439+0200: 10,364: Total time for which application threads were stopped: 0,0153693 seconds, Stopping threads took: 0,0001379 seconds
2016-10-07T15:48:02.444+0200: 10,368: [GC (Allocation Failure)  36595K->20806K(126720K), 0,0046351 secs]
2016-10-07T15:48:02.448+0200: 10,373: Total time for which application threads were stopped: 0,0048839 seconds, Stopping threads took: 0,0000355 seconds
2016-10-07T15:48:02.454+0200: 10,378: [GC (Allocation Failure)  55072K->37194K(126720K), 0,0041595 secs]
2016-10-07T15:48:02.458+0200: 10,383: Total time for which application threads were stopped: 0,0043987 seconds, Stopping threads took: 0,0000279 seconds
2016-10-07T15:48:02.462+0200: 10,387: [GC (Allocation Failure)  71544K->54604K(126720K), 0,0041803 secs]
2016-10-07T15:48:02.466+0200: 10,391: Total time for which application threads were stopped: 0,0043516 seconds, Stopping threads took: 0,0000279 seconds
2016-10-07T15:48:02.468+0200: 10,393: [GC (CMS Initial Mark)  64431K(126720K), 0,0015731 secs]
2016-10-07T15:48:02.469+0200: 10,394: Total time for which application threads were stopped: 0,0017424 seconds, Stopping threads took: 0,0000611 seconds
2016-10-07T15:48:02.473+0200: 10,398: [GC (Allocation Failure)  89007K->70989K(126720K), 0,0038891 secs]
2016-10-07T15:48:02.477+0200: 10,402: Total time for which application threads were stopped: 0,0040569 seconds, Stopping threads took: 0,0000275 seconds
2016-10-07T15:48:02.486+0200: 10,411: [GC (Allocation Failure)  105425K->88395K(126720K), 0,0040109 secs]
2016-10-07T15:48:02.491+0200: 10,415: Total time for which application threads were stopped: 0,0041890 seconds, Stopping threads took: 0,0000258 seconds
2016-10-07T15:48:02.491+0200: 10,416: [GC (CMS Final Remark)  95206K(126720K), 0,0053161 secs]
2016-10-07T15:48:02.497+0200: 10,422: Total time for which application threads were stopped: 0,0055207 seconds, Stopping threads took: 0,0001459 seconds
2016-10-07T15:48:02.505+0200: 10,430: [Full GC (Allocation Failure)  121841K->103728K(126720K), 0,0276488 secs]
2016-10-07T15:48:02.533+0200: 10,458: Total time for which application threads were stopped: 0,0289351 seconds, Stopping threads took: 0,0000626 seconds
2016-10-07T15:48:02.535+0200: 10,460: [GC (CMS Initial Mark)  121839K(126720K), 0,0004224 secs]
2016-10-07T15:48:02.536+0200: 10,461: Total time for which application threads were stopped: 0,0005104 seconds, Stopping threads took: 0,0000231 seconds
2016-10-07T15:48:02.540+0200: 10,465: [Full GC (Allocation Failure)  125935K->114993K(126720K), 0,0157408 secs]
2016-10-07T15:48:02.556+0200: 10,481: Total time for which application threads were stopped: 0,0196091 seconds, Stopping threads took: 0,0000246 seconds
2016-10-07T15:48:02.562+0200: 10,487: [Full GC (Allocation Failure)  125839K->120113K(126720K), 0,0166451 secs]
2016-10-07T15:48:02.579+0200: 10,504: Total time for which application threads were stopped: 0,0172277 seconds, Stopping threads took: 0,0000341 seconds
2016-10-07T15:48:02.580+0200: 10,505: [GC (CMS Initial Mark)  121139K(126720K), 0,0002720 secs]
2016-10-07T15:48:02.580+0200: 10,505: Total time for which application threads were stopped: 0,0005226 seconds, Stopping threads took: 0,0002017 seconds
2016-10-07T15:48:02.587+0200: 10,512: [Full GC (Allocation Failure)  126389K->123191K(126720K), 0,0127048 secs]
2016-10-07T15:48:02.600+0200: 10,525: Total time for which application threads were stopped: 0,0189575 seconds, Stopping threads took: 0,0011486 seconds
2016-10-07T15:48:02.601+0200: 10,526: [Full GC (Allocation Failure)  126280K->124210K(126720K), 0,0144397 secs]
2016-10-07T15:48:02.615+0200: 10,540: Total time for which application threads were stopped: 0,0150954 seconds, Stopping threads took: 0,0000616 seconds
2016-10-07T15:48:02.616+0200: 10,541: [Full GC (Allocation Failure)  126260K->125235K(126720K), 0,0087999 secs]
2016-10-07T15:48:02.625+0200: 10,550: Total time for which application threads were stopped: 0,0094274 seconds, Stopping threads took: 0,0000998 seconds
2016-10-07T15:48:02.626+0200: 10,551: [Full GC (Allocation Failure)  126273K->126267K(126720K), 0,0087843 secs]
2016-10-07T15:48:02.635+0200: 10,560: [Full GC (Allocation Failure)  126267K->126264K(126720K), 0,0233597 secs]
2016-10-07T15:48:02.659+0200: 10,583: Total time for which application threads were stopped: 0,0331025 seconds, Stopping threads took: 0,0000404 seconds
2016-10-07T15:48:02.659+0200: 10,584: [GC (CMS Initial Mark)  126266K(126720K), 0,0003286 secs]
2016-10-07T15:48:02.659+0200: 10,584: Total time for which application threads were stopped: 0,0004860 seconds, Stopping threads took: 0,0001016 seconds
2016-10-07T15:48:02.663+0200: 10,588: [Full GC (Allocation Failure)  126266K->2360K(126720K), 0,0098161 secs]
2016-10-07T15:48:02.673+0200: 10,598: Total time for which application threads were stopped: 0,0141977 seconds, Stopping threads took: 0,0000300 seconds
2016-10-07T15:48:02.678+0200: 10,603: [GC (Allocation Failure)  36596K->20800K(126720K), 0,0071369 secs]
2016-10-07T15:48:02.685+0200: 10,610: Total time for which application threads were stopped: 0,0073349 seconds, Stopping threads took: 0,0000265 seconds
2016-10-07T15:48:02.690+0200: 10,615: [GC (Allocation Failure)  55067K->37192K(126720K), 0,0056522 secs]
2016-10-07T15:48:02.696+0200: 10,621: Total time for which application threads were stopped: 0,0058263 seconds, Stopping threads took: 0,0000193 seconds
2016-10-07T15:48:02.700+0200: 10,625: [GC (Allocation Failure)  71541K->54599K(126720K), 0,0111596 secs]
2016-10-07T15:48:02.712+0200: 10,636: Total time for which application threads were stopped: 0,0113560 seconds, Stopping threads took: 0,0000217 seconds
2016-10-07T15:48:02.712+0200: 10,637: [GC (CMS Initial Mark)  55627K(126720K), 0,0002893 secs]
2016-10-07T15:48:02.712+0200: 10,637: Total time for which application threads were stopped: 0,0004770 seconds, Stopping threads took: 0,0001200 seconds
2016-10-07T15:48:02.717+0200: 10,642: [GC (Allocation Failure)  89002K->70983K(126720K), 0,0075380 secs]
2016-10-07T15:48:02.725+0200: 10,650: Total time for which application threads were stopped: 0,0077323 seconds, Stopping threads took: 0,0000264 seconds
2016-10-07T15:48:02.729+0200: 10,654: [GC (Allocation Failure)  105419K->88391K(126720K), 0,0052646 secs]
2016-10-07T15:48:02.734+0200: 10,659: Total time for which application threads were stopped: 0,0054345 seconds, Stopping threads took: 0,0000259 seconds
2016-10-07T15:48:02.735+0200: 10,660: [GC (CMS Final Remark)  89419K(126720K), 0,0028191 secs]
2016-10-07T15:48:02.738+0200: 10,662: Total time for which application threads were stopped: 0,0029934 seconds, Stopping threads took: 0,0001182 seconds
2016-10-07T15:48:02.744+0200: 10,669: [Full GC (Allocation Failure)  121842K->103728K(126720K), 0,0320319 secs]
2016-10-07T15:48:02.777+0200: 10,702: Total time for which application threads were stopped: 0,0326490 seconds, Stopping threads took: 0,0000383 seconds
2016-10-07T15:48:02.777+0200: 10,702: [GC (CMS Initial Mark)  104756K(126720K), 0,0002931 secs]
2016-10-07T15:48:02.777+0200: 10,702: Total time for which application threads were stopped: 0,0005693 seconds, Stopping threads took: 0,0002247 seconds
2016-10-07T15:48:02.788+0200: 10,713: [Full GC (Allocation Failure)  125935K->114993K(126720K), 0,0197774 secs]
2016-10-07T15:48:02.808+0200: 10,733: Total time for which application threads were stopped: 0,0240517 seconds, Stopping threads took: 0,0000264 seconds
2016-10-07T15:48:02.809+0200: 10,734: [Full GC (Allocation Failure)  125838K->120113K(126720K), 0,0134104 secs]
2016-10-07T15:48:02.823+0200: 10,748: Total time for which application threads were stopped: 0,0139399 seconds, Stopping threads took: 0,0000305 seconds
2016-10-07T15:48:02.823+0200: 10,748: [GC (CMS Initial Mark)  121141K(126720K), 0,0003573 secs]
2016-10-07T15:48:02.824+0200: 10,749: Total time for which application threads were stopped: 0,0005623 seconds, Stopping threads took: 0,0001509 seconds
2016-10-07T15:48:02.828+0200: 10,753: [Full GC (Allocation Failure)  126400K->123197K(126720K), 0,0124309 secs]
2016-10-07T15:48:02.841+0200: 10,766: Total time for which application threads were stopped: 0,0161550 seconds, Stopping threads took: 0,0000316 seconds
2016-10-07T15:48:02.842+0200: 10,766: [Full GC (Allocation Failure)  126285K->124215K(126720K), 0,0082686 secs]
2016-10-07T15:48:02.850+0200: 10,775: Total time for which application threads were stopped: 0,0087259 seconds, Stopping threads took: 0,0000434 seconds
2016-10-07T15:48:02.850+0200: 10,775: [GC (CMS Initial Mark)  125247K(126720K), 0,0002699 secs]
2016-10-07T15:48:02.851+0200: 10,775: Total time for which application threads were stopped: 0,0004429 seconds, Stopping threads took: 0,0001152 seconds
2016-10-07T15:48:02.855+0200: 10,780: [Full GC (Allocation Failure)  126275K->125246K(126720K), 0,0155158 secs]
2016-10-07T15:48:02.871+0200: 10,796: Total time for which application threads were stopped: 0,0206963 seconds, Stopping threads took: 0,0000244 seconds
2016-10-07T15:48:02.872+0200: 10,797: [Full GC (Allocation Failure)  126274K->126268K(126720K), 0,0106620 secs]
2016-10-07T15:48:02.883+0200: 10,808: [Full GC (Allocation Failure)  126268K->126265K(126720K), 0,0223752 secs]
2016-10-07T15:48:02.906+0200: 10,831: Total time for which application threads were stopped: 0,0341247 seconds, Stopping threads took: 0,0000535 seconds
2016-10-07T15:48:02.907+0200: 10,831: [GC (CMS Initial Mark)  126292K(126720K), 0,0005781 secs]
2016-10-07T15:48:02.907+0200: 10,832: Total time for which application threads were stopped: 0,0006623 seconds, Stopping threads took: 0,0000255 seconds
2016-10-07T15:48:02.913+0200: 10,838: [Full GC (Allocation Failure)  126292K->2363K(126720K), 0,0120445 secs]
2016-10-07T15:48:02.925+0200: 10,850: Total time for which application threads were stopped: 0,0179573 seconds, Stopping threads took: 0,0000688 seconds
2016-10-07T15:48:02.934+0200: 10,859: [GC (Allocation Failure)  36580K->20801K(126720K), 0,0080262 secs]
2016-10-07T15:48:02.942+0200: 10,867: Total time for which application threads were stopped: 0,0083368 seconds, Stopping threads took: 0,0000191 seconds
2016-10-07T15:48:02.946+0200: 10,871: [GC (Allocation Failure)  55068K->37188K(126720K), 0,0049209 secs]
2016-10-07T15:48:02.951+0200: 10,876: Total time for which application threads were stopped: 0,0050942 seconds, Stopping threads took: 0,0000211 seconds
2016-10-07T15:48:02.958+0200: 10,883: [GC (Allocation Failure)  71537K->54600K(126720K), 0,0052785 secs]
2016-10-07T15:48:02.963+0200: 10,888: Total time for which application threads were stopped: 0,0055960 seconds, Stopping threads took: 0,0000371 seconds
2016-10-07T15:48:02.964+0200: 10,889: [GC (CMS Initial Mark)  55626K(126720K), 0,0002740 secs]
2016-10-07T15:48:02.964+0200: 10,889: Total time for which application threads were stopped: 0,0004776 seconds, Stopping threads took: 0,0001576 seconds
2016-10-07T15:48:02.971+0200: 10,895: [GC (CMS Final Remark)  55626K(126720K), 0,0094549 secs]
2016-10-07T15:48:02.980+0200: 10,905: Total time for which application threads were stopped: 0,0128156 seconds, Stopping threads took: 0,0032776 seconds
2016-10-07T15:48:02.987+0200: 10,912: [GC (Allocation Failure)  87991K->69946K(126720K), 0,0117381 secs]
2016-10-07T15:48:02.999+0200: 10,924: Total time for which application threads were stopped: 0,0120745 seconds, Stopping threads took: 0,0001466 seconds
2016-10-07T15:48:02.999+0200: 10,924: [GC (CMS Initial Mark)  70970K(126720K), 0,0004738 secs]
2016-10-07T15:48:02.999+0200: 10,924: Total time for which application threads were stopped: 0,0006710 seconds, Stopping threads took: 0,0001480 seconds
2016-10-07T15:48:03.007+0200: 10,932: [GC (Allocation Failure)  104384K->87354K(126720K), 0,0132358 secs]
2016-10-07T15:48:03.021+0200: 10,945: Total time for which application threads were stopped: 0,0138420 seconds, Stopping threads took: 0,0000805 seconds
2016-10-07T15:48:03.022+0200: 10,947: [GC (CMS Final Remark)  88403K(126720K), 0,0070492 secs]
2016-10-07T15:48:03.029+0200: 10,954: Total time for which application threads were stopped: 0,0072451 seconds, Stopping threads took: 0,0001294 seconds
2016-10-07T15:48:03.038+0200: 10,963: [Full GC (Allocation Failure)  121840K->103730K(126720K), 0,0378050 secs]
2016-10-07T15:48:03.076+0200: 11,001: Total time for which application threads were stopped: 0,0383171 seconds, Stopping threads took: 0,0000338 seconds
2016-10-07T15:48:03.079+0200: 11,004: [Full GC (Allocation Failure)  125937K->114995K(126720K), 0,0145857 secs]
2016-10-07T15:48:03.094+0200: 11,019: Total time for which application threads were stopped: 0,0151492 seconds, Stopping threads took: 0,0000305 seconds
2016-10-07T15:48:03.094+0200: 11,019: [GC (CMS Initial Mark)  116021K(126720K), 0,0003682 secs]
2016-10-07T15:48:03.095+0200: 11,020: Total time for which application threads were stopped: 0,0005803 seconds, Stopping threads took: 0,0001547 seconds
2016-10-07T15:48:03.100+0200: 11,025: [Full GC (Allocation Failure)  125840K->120115K(126720K), 0,0141579 secs]
2016-10-07T15:48:03.114+0200: 11,039: Total time for which application threads were stopped: 0,0177829 seconds, Stopping threads took: 0,0000304 seconds
2016-10-07T15:48:03.116+0200: 11,041: [Full GC (Allocation Failure)  126401K->123199K(126720K), 0,0134336 secs]
2016-10-07T15:48:03.130+0200: 11,054: Total time for which application threads were stopped: 0,0141170 seconds, Stopping threads took: 0,0000483 seconds
2016-10-07T15:48:03.130+0200: 11,055: [GC (CMS Initial Mark)  124227K(126720K), 0,0004745 secs]
2016-10-07T15:48:03.131+0200: 11,056: Total time for which application threads were stopped: 0,0011050 seconds, Stopping threads took: 0,0005527 seconds
2016-10-07T15:48:03.138+0200: 11,063: [Full GC (Allocation Failure)  126297K->124211K(126720K), 0,0130400 secs]
2016-10-07T15:48:03.152+0200: 11,076: Total time for which application threads were stopped: 0,0137500 seconds, Stopping threads took: 0,0000341 seconds
2016-10-07T15:48:03.156+0200: 11,081: [Full GC (Allocation Failure)  126286K->125235K(126720K), 0,0108581 secs]
2016-10-07T15:48:03.167+0200: 11,092: Total time for which application threads were stopped: 0,0114431 seconds, Stopping threads took: 0,0000322 seconds
2016-10-07T15:48:03.168+0200: 11,093: [GC (CMS Initial Mark)  126263K(126720K), 0,0003080 secs]
2016-10-07T15:48:03.168+0200: 11,093: Total time for which application threads were stopped: 0,0004402 seconds, Stopping threads took: 0,0000829 seconds
2016-10-07T15:48:03.175+0200: 11,099: [Full GC (Allocation Failure)  126284K->126259K(126720K), 0,0081534 secs]
2016-10-07T15:48:03.183+0200: 11,108: [Full GC (Allocation Failure)  126259K->126256K(126720K), 0,0264496 secs]
2016-10-07T15:48:03.210+0200: 11,135: Total time for which application threads were stopped: 0,0366623 seconds, Stopping threads took: 0,0000229 seconds
2016-10-07T15:48:03.212+0200: 11,136: [Full GC (Allocation Failure)  126384K->2363K(126720K), 0,0137574 secs]
2016-10-07T15:48:03.226+0200: 11,151: Total time for which application threads were stopped: 0,0145583 seconds, Stopping threads took: 0,0000298 seconds
